#
# There is insufficient memory for the Java Runtime Environment to continue.
# Native memory allocation (malloc) failed to allocate 32744 bytes. Error detail: Chunk::new
# Possible reasons:
#   The system is out of physical RAM or swap space
#   This process is running with CompressedOops enabled, and the Java Heap may be blocking the growth of the native heap
# Possible solutions:
#   Reduce memory load on the system
#   Increase physical memory or swap space
#   Check if swap backing store is full
#   Decrease Java heap size (-Xmx/-Xms)
#   Decrease number of Java threads
#   Decrease Java thread stack sizes (-Xss)
#   Set larger code cache with -XX:ReservedCodeCacheSize=
#   JVM is running with Unscaled Compressed Oops mode in which the Java heap is
#     placed in the first 4GB address space. The Java Heap base address is the
#     maximum limit for the native heap growth. Please use -XX:HeapBaseMinAddress
#     to set the Java Heap base and to place the Java Heap above 4GB virtual address.
# This output file may be truncated or incomplete.
#
#  Out of Memory Error (arena.cpp:168), pid=10668, tid=19752
#
# JRE version: OpenJDK Runtime Environment Temurin-21.0.10+7 (21.0.10+7) (build 21.0.10+7-LTS)
# Java VM: OpenJDK 64-Bit Server VM Temurin-21.0.10+7 (21.0.10+7-LTS, mixed mode, sharing, tiered, compressed oops, compressed class ptrs, serial gc, windows-amd64)
# No core dump will be written. Minidumps are not enabled by default on client versions of Windows
#

---------------  S U M M A R Y ------------

Command Line: --add-opens=java.base/java.lang=ALL-UNNAMED --add-opens=java.base/java.lang.invoke=ALL-UNNAMED --add-opens=java.base/java.util=ALL-UNNAMED --add-opens=java.prefs/java.util.prefs=ALL-UNNAMED --add-exports=jdk.compiler/com.sun.tools.javac.api=ALL-UNNAMED --add-exports=jdk.compiler/com.sun.tools.javac.util=ALL-UNNAMED --add-opens=java.base/java.util=ALL-UNNAMED --add-opens=java.prefs/java.util.prefs=ALL-UNNAMED --add-opens=java.base/java.nio.charset=ALL-UNNAMED --add-opens=java.base/java.net=ALL-UNNAMED --add-opens=java.base/java.util.concurrent=ALL-UNNAMED --add-opens=java.base/java.util.concurrent.atomic=ALL-UNNAMED --add-opens=java.xml/javax.xml.namespace=ALL-UNNAMED -XX:MaxMetaspaceSize=512m -XX:+HeapDumpOnOutOfMemoryError -XX:+UseSerialGC -Xmx1536m -Dfile.encoding=UTF-8 -Duser.country=IN -Duser.language=en -Duser.variant -javaagent:C:\Users\Nandhitha_R\.gradle\wrapper\dists\gradle-9.0.0-bin\d6wjpkvcgsg3oed0qlfss3wgl\gradle-9.0.0\lib\agents\gradle-instrumentation-agent-9.0.0.jar org.gradle.launcher.daemon.bootstrap.GradleDaemon 9.0.0

Host: 12th Gen Intel(R) Core(TM) i5-1235U, 12 cores, 15G,  Windows 11 , 64 bit Build 26100 (10.0.26100.8328)
Time: Thu May 21 16:19:00 2026 India Standard Time elapsed time: 7.159379 seconds (0d 0h 0m 7s)

---------------  T H R E A D  ---------------

Current thread (0x000001dd1a75da80):  JavaThread "C1 CompilerThread0" daemon [_thread_in_vm, id=19752, stack(0x000000a25d800000,0x000000a25d900000) (1024K)]


Current CompileTask:
C1:7159 2704       3       java.lang.invoke.ClassSpecializer$SpeciesData::transformHelper (56 bytes)

Stack: [0x000000a25d800000,0x000000a25d900000]
Native frames: (J=compiled Java code, j=interpreted, Vv=VM code, C=native code)
V  [jvm.dll+0x6d7a39]
V  [jvm.dll+0x8b4b26]
V  [jvm.dll+0x8b70de]
V  [jvm.dll+0x8b77c3]
V  [jvm.dll+0x284346]
V  [jvm.dll+0xc66ed]
V  [jvm.dll+0xc6c31]
V  [jvm.dll+0x1fe36b]
V  [jvm.dll+0x1e9943]
V  [jvm.dll+0x25b6f7]
V  [jvm.dll+0x259dea]
V  [jvm.dll+0x3f857e]
V  [jvm.dll+0x85f59d]
V  [jvm.dll+0x6d626d]
C  [ucrtbase.dll+0x37b0]
C  [KERNEL32.DLL+0x2e957]
C  [ntdll.dll+0x427c]


---------------  P R O C E S S  ---------------

Threads class SMR info:
_java_thread_list=0x000001dd4dd6e150, length=24, elements={
0x000001dd1828a920, 0x000001dd1a7447e0, 0x000001dd1a746520, 0x000001dd1a74c1a0,
0x000001dd1a74d270, 0x000001dd1a750200, 0x000001dd1a753310, 0x000001dd1a75c280,
0x000001dd1a75da80, 0x000001dd2cb3cf40, 0x000001dd2cc2f590, 0x000001dd4c88e870,
0x000001dd4d58dfe0, 0x000001dd4d582b80, 0x000001dd4c0fcf90, 0x000001dd4cc417a0,
0x000001dd2cb7dfa0, 0x000001dd2cb7f1f0, 0x000001dd2cc593c0, 0x000001dd2cc5ae00,
0x000001dd2cc58010, 0x000001dd2cc5b490, 0x000001dd2cc586a0, 0x000001dd2cc59a50
}

Java Threads: ( => current thread )
  0x000001dd1828a920 JavaThread "main"                              [_thread_blocked, id=17608, stack(0x000000a25ce00000,0x000000a25cf00000) (1024K)]
  0x000001dd1a7447e0 JavaThread "Reference Handler"          daemon [_thread_blocked, id=18624, stack(0x000000a25d100000,0x000000a25d200000) (1024K)]
  0x000001dd1a746520 JavaThread "Finalizer"                  daemon [_thread_blocked, id=24512, stack(0x000000a25d200000,0x000000a25d300000) (1024K)]
  0x000001dd1a74c1a0 JavaThread "Signal Dispatcher"          daemon [_thread_blocked, id=24548, stack(0x000000a25d300000,0x000000a25d400000) (1024K)]
  0x000001dd1a74d270 JavaThread "Attach Listener"            daemon [_thread_blocked, id=24384, stack(0x000000a25d400000,0x000000a25d500000) (1024K)]
  0x000001dd1a750200 JavaThread "Service Thread"             daemon [_thread_blocked, id=11464, stack(0x000000a25d500000,0x000000a25d600000) (1024K)]
  0x000001dd1a753310 JavaThread "Monitor Deflation Thread"   daemon [_thread_blocked, id=20932, stack(0x000000a25d600000,0x000000a25d700000) (1024K)]
  0x000001dd1a75c280 JavaThread "C2 CompilerThread0"         daemon [_thread_in_native, id=15204, stack(0x000000a25d700000,0x000000a25d800000) (1024K)]
=>0x000001dd1a75da80 JavaThread "C1 CompilerThread0"         daemon [_thread_in_vm, id=19752, stack(0x000000a25d800000,0x000000a25d900000) (1024K)]
  0x000001dd2cb3cf40 JavaThread "Common-Cleaner"             daemon [_thread_blocked, id=24252, stack(0x000000a25d900000,0x000000a25da00000) (1024K)]
  0x000001dd2cc2f590 JavaThread "Notification Thread"        daemon [_thread_blocked, id=23536, stack(0x000000a25da00000,0x000000a25db00000) (1024K)]
  0x000001dd4c88e870 JavaThread "Daemon health stats"               [_thread_blocked, id=6736, stack(0x000000a25dc00000,0x000000a25dd00000) (1024K)]
  0x000001dd4d58dfe0 JavaThread "Incoming local TCP Connector on port 57564"        [_thread_in_native, id=7848, stack(0x000000a25dd00000,0x000000a25de00000) (1024K)]
  0x000001dd4d582b80 JavaThread "Daemon periodic checks"            [_thread_blocked, id=16496, stack(0x000000a25de00000,0x000000a25df00000) (1024K)]
  0x000001dd4c0fcf90 JavaThread "Daemon"                            [_thread_blocked, id=8368, stack(0x000000a25df00000,0x000000a25e000000) (1024K)]
  0x000001dd4cc417a0 JavaThread "Handler for socket connection from /127.0.0.1:57564 to /127.0.0.1:57565"        [_thread_in_native, id=22684, stack(0x000000a25db00000,0x000000a25dc00000) (1024K)]
  0x000001dd2cb7dfa0 JavaThread "Cancel handler"                    [_thread_blocked, id=24392, stack(0x000000a25e000000,0x000000a25e100000) (1024K)]
  0x000001dd2cb7f1f0 JavaThread "Daemon worker"                     [_thread_in_vm, id=19640, stack(0x000000a25e100000,0x000000a25e200000) (1024K)]
  0x000001dd2cc593c0 JavaThread "Asynchronous log dispatcher for DefaultDaemonConnection: socket connection from /127.0.0.1:57564 to /127.0.0.1:57565"        [_thread_blocked, id=18500, stack(0x000000a25e200000,0x000000a25e300000) (1024K)]
  0x000001dd2cc5ae00 JavaThread "Stdin handler"                     [_thread_blocked, id=3356, stack(0x000000a25e300000,0x000000a25e400000) (1024K)]
  0x000001dd2cc58010 JavaThread "Daemon client event forwarder"        [_thread_blocked, id=22484, stack(0x000000a25e400000,0x000000a25e500000) (1024K)]
  0x000001dd2cc5b490 JavaThread "Cache worker for journal cache (C:\Users\Nandhitha_R\.gradle\caches\journal-1)"        [_thread_blocked, id=21448, stack(0x000000a25e500000,0x000000a25e600000) (1024K)]
  0x000001dd2cc586a0 JavaThread "File lock request listener"        [_thread_in_native, id=4740, stack(0x000000a25e600000,0x000000a25e700000) (1024K)]
  0x000001dd2cc59a50 JavaThread "Cache worker for file hash cache (C:\Users\Nandhitha_R\.gradle\caches\9.0.0\fileHashes)"        [_thread_blocked, id=23872, stack(0x000000a25e700000,0x000000a25e800000) (1024K)]
Total: 24

Other Threads:
  0x000001dd1834e640 VMThread "VM Thread"                           [id=22844, stack(0x000000a25d000000,0x000000a25d100000) (1024K)]
  0x000001dd2c98ca00 WatcherThread "VM Periodic Task Thread"        [id=24532, stack(0x000000a25cf00000,0x000000a25d000000) (1024K)]
Total: 2

Threads with active compile tasks:
C2 CompilerThread0  7249 2664   !   4       java.lang.ClassLoader::loadClass (121 bytes)
C1 CompilerThread0  7250 2704       3       java.lang.invoke.ClassSpecializer$SpeciesData::transformHelper (56 bytes)
Total: 2

VM state: not at safepoint (normal execution)

VM Mutex/Monitor currently owned by a thread: None

Heap address: 0x00000000a0000000, size: 1536 MB, Compressed Oops mode: 32-bit

CDS archive(s) mapped at: [0x000001dd2d000000-0x000001dd2dba0000-0x000001dd2dba0000), size 12189696, SharedBaseAddress: 0x000001dd2d000000, ArchiveRelocationMode: 1.
Compressed class space mapped at: 0x000001dd2e000000-0x000001dd48000000, reserved size: 436207616
Narrow klass base: 0x000001dd2d000000, Narrow klass shift: 0, Narrow klass range: 0x100000000

GC Precious Log:
 CardTable entry size: 512
 CPUs: 12 total, 12 available
 Memory: 16068M
 Large Page Support: Disabled
 NUMA Support: Disabled
 Compressed Oops: Enabled (32-bit)
 Heap Min Capacity: 8M
 Heap Initial Capacity: 252M
 Heap Max Capacity: 1536M
 Pre-touch: Disabled

Heap:
 def new generation   total 77440K, used 47423K [0x00000000a0000000, 0x00000000a5400000, 0x00000000c0000000)
  eden space 68864K,  57% used [0x00000000a0000000, 0x00000000a26807b8, 0x00000000a4340000)
  from space 8576K,  93% used [0x00000000a4340000, 0x00000000a4b0f660, 0x00000000a4ba0000)
  to   space 8576K,   0% used [0x00000000a4ba0000, 0x00000000a4ba0000, 0x00000000a5400000)
 tenured generation   total 172032K, used 10087K [0x00000000c0000000, 0x00000000ca800000, 0x0000000100000000)
   the space 172032K,   5% used [0x00000000c0000000, 0x00000000c09d9ee8, 0x00000000c09da000, 0x00000000ca800000)
 Metaspace       used 16323K, committed 16832K, reserved 491520K
  class space    used 2287K, committed 2496K, reserved 425984K

Card table byte_map: [0x000001dd1a050000,0x000001dd1a360000] _byte_map_base: 0x000001dd19b50000

Polling page: 0x000001dd184c0000

Metaspace:

Usage:
  Non-class:     13.71 MB used.
      Class:      2.23 MB used.
       Both:     15.94 MB used.

Virtual space:
  Non-class space:       64.00 MB reserved,      14.00 MB ( 22%) committed,  1 nodes.
      Class space:      416.00 MB reserved,       2.44 MB ( <1%) committed,  1 nodes.
             Both:      480.00 MB reserved,      16.44 MB (  3%) committed. 

Chunk freelists:
   Non-Class:  1.59 MB
       Class:  13.57 MB
        Both:  15.16 MB

MaxMetaspaceSize: 512.00 MB
CompressedClassSpaceSize: 416.00 MB
Initial GC threshold: 21.00 MB
Current GC threshold: 21.00 MB
CDS: on
 - commit_granule_bytes: 65536.
 - commit_granule_words: 8192.
 - virtual_space_node_default_size: 8388608.
 - enlarge_chunks_in_place: 1.
 - use_allocation_guard: 0.


Internal statistics:

num_allocs_failed_limit: 0.
num_arena_births: 604.
num_arena_deaths: 0.
num_vsnodes_births: 2.
num_vsnodes_deaths: 0.
num_space_committed: 263.
num_space_uncommitted: 0.
num_chunks_returned_to_freelist: 0.
num_chunks_taken_from_freelist: 1180.
num_chunk_merges: 0.
num_chunk_splits: 761.
num_chunks_enlarged: 533.
num_inconsistent_stats: 0.

CodeHeap 'non-profiled nmethods': size=120000Kb used=1217Kb max_used=1217Kb free=118782Kb
 bounds [0x000001dd25380000, 0x000001dd255f0000, 0x000001dd2c8b0000]
CodeHeap 'profiled nmethods': size=120000Kb used=5255Kb max_used=5255Kb free=114744Kb
 bounds [0x000001dd1d8b0000, 0x000001dd1dde0000, 0x000001dd24de0000]
CodeHeap 'non-nmethods': size=5760Kb used=1274Kb max_used=1296Kb free=4485Kb
 bounds [0x000001dd24de0000, 0x000001dd25050000, 0x000001dd25380000]
CodeCache: size=245760Kb, used=7746Kb, max_used=7768Kb, free=238011Kb
 total_blobs=3258, nmethods=2703, adapters=461, full_count=0
Compilation: enabled, stopped_count=0, restarted_count=0

Compilation events (20 events):
Event: 7.079 Thread 0x000001dd1a75da80 nmethod 2693 0x000001dd1ddce110 code [0x000001dd1ddce340, 0x000001dd1ddceb28]
Event: 7.081 Thread 0x000001dd1a75da80 2694       3       com.google.common.collect.Hashing::smear (19 bytes)
Event: 7.082 Thread 0x000001dd1a75da80 nmethod 2694 0x000001dd1ddcee90 code [0x000001dd1ddcf040, 0x000001dd1ddcf1c0]
Event: 7.087 Thread 0x000001dd1a75da80 2695       3       jdk.internal.reflect.DirectMethodHandleAccessor::checkArgumentCount (53 bytes)
Event: 7.088 Thread 0x000001dd1a75da80 nmethod 2695 0x000001dd1ddcf290 code [0x000001dd1ddcf500, 0x000001dd1ddcfc58]
Event: 7.091 Thread 0x000001dd1a75da80 2696       3       java.lang.invoke.LambdaFormEditor::bindArgumentL (59 bytes)
Event: 7.092 Thread 0x000001dd1a75da80 nmethod 2696 0x000001dd1ddcff90 code [0x000001dd1ddd0160, 0x000001dd1ddd0410]
Event: 7.106 Thread 0x000001dd1a75da80 2697       3       sun.invoke.util.VerifyAccess::getClassModifiers (24 bytes)
Event: 7.107 Thread 0x000001dd1a75da80 nmethod 2697 0x000001dd1ddd0590 code [0x000001dd1ddd0760, 0x000001dd1ddd0998]
Event: 7.130 Thread 0x000001dd1a75da80 2699       3       java.lang.invoke.InfoFromMemberName::getModifiers (8 bytes)
Event: 7.130 Thread 0x000001dd1a75da80 nmethod 2699 0x000001dd1ddd0a90 code [0x000001dd1ddd0c40, 0x000001dd1ddd0db8]
Event: 7.143 Thread 0x000001dd1a75da80 2700       3       sun.security.provider.MD5::FF (27 bytes)
Event: 7.144 Thread 0x000001dd1a75da80 nmethod 2700 0x000001dd1ddd0e90 code [0x000001dd1ddd1040, 0x000001dd1ddd11c0]
Event: 7.144 Thread 0x000001dd1a75da80 2701       3       sun.security.provider.MD5::GG (27 bytes)
Event: 7.144 Thread 0x000001dd1a75da80 nmethod 2701 0x000001dd1ddd1290 code [0x000001dd1ddd1440, 0x000001dd1ddd15b8]
Event: 7.144 Thread 0x000001dd1a75da80 2702       3       sun.security.provider.MD5::HH (23 bytes)
Event: 7.144 Thread 0x000001dd1a75da80 nmethod 2702 0x000001dd1ddd1690 code [0x000001dd1ddd1840, 0x000001dd1ddd19b8]
Event: 7.144 Thread 0x000001dd1a75da80 2703       3       sun.security.provider.MD5::II (25 bytes)
Event: 7.144 Thread 0x000001dd1a75da80 nmethod 2703 0x000001dd1ddd1a90 code [0x000001dd1ddd1c40, 0x000001dd1ddd1db0]
Event: 7.152 Thread 0x000001dd1a75da80 2704       3       java.lang.invoke.ClassSpecializer$SpeciesData::transformHelper (56 bytes)

GC Heap History (4 events):
Event: 2.878 GC heap before
{Heap before GC invocations=0 (full 0):
 def new generation   total 77440K, used 68864K [0x00000000a0000000, 0x00000000a5400000, 0x00000000c0000000)
  eden space 68864K, 100% used [0x00000000a0000000, 0x00000000a4340000, 0x00000000a4340000)
  from space 8576K,   0% used [0x00000000a4340000, 0x00000000a4340000, 0x00000000a4ba0000)
  to   space 8576K,   0% used [0x00000000a4ba0000, 0x00000000a4ba0000, 0x00000000a5400000)
 tenured generation   total 172032K, used 0K [0x00000000c0000000, 0x00000000ca800000, 0x0000000100000000)
   the space 172032K,   0% used [0x00000000c0000000, 0x00000000c0000000, 0x00000000c0000200, 0x00000000ca800000)
 Metaspace       used 4561K, committed 4800K, reserved 491520K
  class space    used 584K, committed 704K, reserved 425984K
}
Event: 2.898 GC heap after
{Heap after GC invocations=1 (full 0):
 def new generation   total 77440K, used 8575K [0x00000000a0000000, 0x00000000a5400000, 0x00000000c0000000)
  eden space 68864K,   0% used [0x00000000a0000000, 0x00000000a0000000, 0x00000000a4340000)
  from space 8576K,  99% used [0x00000000a4ba0000, 0x00000000a53ffff8, 0x00000000a5400000)
  to   space 8576K,   0% used [0x00000000a4340000, 0x00000000a4340000, 0x00000000a4ba0000)
 tenured generation   total 172032K, used 1620K [0x00000000c0000000, 0x00000000ca800000, 0x0000000100000000)
   the space 172032K,   0% used [0x00000000c0000000, 0x00000000c0195188, 0x00000000c0195200, 0x00000000ca800000)
 Metaspace       used 4561K, committed 4800K, reserved 491520K
  class space    used 584K, committed 704K, reserved 425984K
}
Event: 5.345 GC heap before
{Heap before GC invocations=1 (full 0):
 def new generation   total 77440K, used 77439K [0x00000000a0000000, 0x00000000a5400000, 0x00000000c0000000)
  eden space 68864K, 100% used [0x00000000a0000000, 0x00000000a4340000, 0x00000000a4340000)
  from space 8576K,  99% used [0x00000000a4ba0000, 0x00000000a53ffff8, 0x00000000a5400000)
  to   space 8576K,   0% used [0x00000000a4340000, 0x00000000a4340000, 0x00000000a4ba0000)
 tenured generation   total 172032K, used 1620K [0x00000000c0000000, 0x00000000ca800000, 0x0000000100000000)
   the space 172032K,   0% used [0x00000000c0000000, 0x00000000c0195188, 0x00000000c0195200, 0x00000000ca800000)
 Metaspace       used 10061K, committed 10368K, reserved 491520K
  class space    used 1373K, committed 1536K, reserved 425984K
}
Event: 5.386 GC heap after
{Heap after GC invocations=2 (full 0):
 def new generation   total 77440K, used 7997K [0x00000000a0000000, 0x00000000a5400000, 0x00000000c0000000)
  eden space 68864K,   0% used [0x00000000a0000000, 0x00000000a0000000, 0x00000000a4340000)
  from space 8576K,  93% used [0x00000000a4340000, 0x00000000a4b0f660, 0x00000000a4ba0000)
  to   space 8576K,   0% used [0x00000000a4ba0000, 0x00000000a4ba0000, 0x00000000a5400000)
 tenured generation   total 172032K, used 10087K [0x00000000c0000000, 0x00000000ca800000, 0x0000000100000000)
   the space 172032K,   5% used [0x00000000c0000000, 0x00000000c09d9ee8, 0x00000000c09da000, 0x00000000ca800000)
 Metaspace       used 10061K, committed 10368K, reserved 491520K
  class space    used 1373K, committed 1536K, reserved 425984K
}

Dll operation events (14 events):
Event: 0.020 Loaded shared library C:\Users\Nandhitha_R\.trae\extensions\redhat.java-1.54.0-win32-x64\jre\21.0.10-win32-x86_64\bin\java.dll
Event: 0.127 Loaded shared library C:\Users\Nandhitha_R\.trae\extensions\redhat.java-1.54.0-win32-x64\jre\21.0.10-win32-x86_64\bin\zip.dll
Event: 0.174 Loaded shared library C:\Users\Nandhitha_R\.trae\extensions\redhat.java-1.54.0-win32-x64\jre\21.0.10-win32-x86_64\bin\instrument.dll
Event: 0.182 Loaded shared library C:\Users\Nandhitha_R\.trae\extensions\redhat.java-1.54.0-win32-x64\jre\21.0.10-win32-x86_64\bin\net.dll
Event: 0.185 Loaded shared library C:\Users\Nandhitha_R\.trae\extensions\redhat.java-1.54.0-win32-x64\jre\21.0.10-win32-x86_64\bin\nio.dll
Event: 0.190 Loaded shared library C:\Users\Nandhitha_R\.trae\extensions\redhat.java-1.54.0-win32-x64\jre\21.0.10-win32-x86_64\bin\zip.dll
Event: 0.940 Loaded shared library C:\Users\Nandhitha_R\.trae\extensions\redhat.java-1.54.0-win32-x64\jre\21.0.10-win32-x86_64\bin\jimage.dll
Event: 1.681 Loaded shared library C:\Users\Nandhitha_R\.trae\extensions\redhat.java-1.54.0-win32-x64\jre\21.0.10-win32-x86_64\bin\verify.dll
Event: 1.790 Loaded shared library C:\Users\Nandhitha_R\.gradle\native\1def1411415f61bf3af743bc5b6707747c0891f09f0c88961ee8f79bc544acac\windows-amd64\native-platform.dll
Event: 1.820 Loaded shared library C:\Users\Nandhitha_R\.gradle\native\0.2.8\x86_64-windows-gnu\gradle-fileevents.dll
Event: 4.551 Loaded shared library C:\Users\Nandhitha_R\.trae\extensions\redhat.java-1.54.0-win32-x64\jre\21.0.10-win32-x86_64\bin\management.dll
Event: 4.559 Loaded shared library C:\Users\Nandhitha_R\.trae\extensions\redhat.java-1.54.0-win32-x64\jre\21.0.10-win32-x86_64\bin\management_ext.dll
Event: 4.902 Loaded shared library C:\Users\Nandhitha_R\.trae\extensions\redhat.java-1.54.0-win32-x64\jre\21.0.10-win32-x86_64\bin\extnet.dll
Event: 5.288 Loaded shared library C:\Users\Nandhitha_R\.trae\extensions\redhat.java-1.54.0-win32-x64\jre\21.0.10-win32-x86_64\bin\sunmscapi.dll

Deoptimization events (20 events):
Event: 6.719 Thread 0x000001dd2cb7f1f0 DEOPT PACKING pc=0x000001dd254140a4 sp=0x000000a25e1fb0d0
Event: 6.719 Thread 0x000001dd2cb7f1f0 DEOPT UNPACKING pc=0x000001dd24e33aa2 sp=0x000000a25e1fb010 mode 2
Event: 6.719 Thread 0x000001dd2cb7f1f0 Uncommon trap: trap_request=0xffffff45 fr.pc=0x000001dd253a6df0 relative=0x0000000000000470
Event: 6.719 Thread 0x000001dd2cb7f1f0 Uncommon trap: reason=unstable_if action=reinterpret pc=0x000001dd253a6df0 method=java.util.regex.Matcher.match(II)Z @ 76 c2
Event: 6.719 Thread 0x000001dd2cb7f1f0 DEOPT PACKING pc=0x000001dd253a6df0 sp=0x000000a25e1fb100
Event: 6.719 Thread 0x000001dd2cb7f1f0 DEOPT UNPACKING pc=0x000001dd24e33aa2 sp=0x000000a25e1fb0b8 mode 2
Event: 6.720 Thread 0x000001dd2cb7f1f0 Uncommon trap: trap_request=0xffffff45 fr.pc=0x000001dd253a6558 relative=0x0000000000000198
Event: 6.720 Thread 0x000001dd2cb7f1f0 Uncommon trap: reason=unstable_if action=reinterpret pc=0x000001dd253a6558 method=java.util.regex.Matcher.reset()Ljava/util/regex/Matcher; @ 47 c2
Event: 6.720 Thread 0x000001dd2cb7f1f0 DEOPT PACKING pc=0x000001dd253a6558 sp=0x000000a25e1faf90
Event: 6.720 Thread 0x000001dd2cb7f1f0 DEOPT UNPACKING pc=0x000001dd24e33aa2 sp=0x000000a25e1faf20 mode 2
Event: 6.740 Thread 0x000001dd2cb7f1f0 DEOPT PACKING pc=0x000001dd1d9abd59 sp=0x000000a25e1fad40
Event: 6.741 Thread 0x000001dd2cb7f1f0 DEOPT UNPACKING pc=0x000001dd24e34242 sp=0x000000a25e1fa1d8 mode 0
Event: 6.919 Thread 0x000001dd2cb7f1f0 Uncommon trap: trap_request=0xffffff45 fr.pc=0x000001dd253a4a88 relative=0x0000000000000c08
Event: 6.919 Thread 0x000001dd2cb7f1f0 Uncommon trap: reason=unstable_if action=reinterpret pc=0x000001dd253a4a88 method=java.io.WinNTFileSystem.resolve(Ljava/lang/String;Ljava/lang/String;)Ljava/lang/String; @ 19 c2
Event: 6.919 Thread 0x000001dd2cb7f1f0 DEOPT PACKING pc=0x000001dd253a4a88 sp=0x000000a25e1fb8a0
Event: 6.920 Thread 0x000001dd2cb7f1f0 DEOPT UNPACKING pc=0x000001dd24e33aa2 sp=0x000000a25e1fb818 mode 2
Event: 6.923 Thread 0x000001dd2cb7f1f0 Uncommon trap: trap_request=0xffffff45 fr.pc=0x000001dd253b184c relative=0x000000000000056c
Event: 6.923 Thread 0x000001dd2cb7f1f0 Uncommon trap: reason=unstable_if action=reinterpret pc=0x000001dd253b184c method=java.io.File.getName()Ljava/lang/String; @ 16 c2
Event: 6.923 Thread 0x000001dd2cb7f1f0 DEOPT PACKING pc=0x000001dd253b184c sp=0x000000a25e1fb840
Event: 6.923 Thread 0x000001dd2cb7f1f0 DEOPT UNPACKING pc=0x000001dd24e33aa2 sp=0x000000a25e1fb810 mode 2

Classes loaded (20 events):
Event: 6.763 Loading class java/lang/Character$Subset done
Event: 6.763 Loading class java/lang/Character$UnicodeBlock done
Event: 6.805 Loading class sun/security/provider/MD5
Event: 6.805 Loading class sun/security/provider/MD5 done
Event: 6.806 Loading class sun/security/provider/SHA5$SHA512
Event: 6.806 Loading class sun/security/provider/SHA5
Event: 6.807 Loading class sun/security/provider/SHA5 done
Event: 6.807 Loading class sun/security/provider/SHA5$SHA512 done
Event: 6.810 Loading class sun/security/provider/ByteArrayAccess$LE
Event: 6.810 Loading class sun/security/provider/ByteArrayAccess$LE done
Event: 6.921 Loading class java/io/File$TempDirectory
Event: 6.922 Loading class java/io/File$TempDirectory done
Event: 7.066 Loading class java/util/concurrent/Semaphore
Event: 7.066 Loading class java/util/concurrent/Semaphore done
Event: 7.073 Loading class java/nio/file/FileVisitOption
Event: 7.073 Loading class java/nio/file/FileVisitOption done
Event: 7.083 Loading class java/util/stream/ReduceOps$1
Event: 7.083 Loading class java/util/stream/ReduceOps$1 done
Event: 7.084 Loading class java/util/stream/ReduceOps$1ReducingSink
Event: 7.084 Loading class java/util/stream/ReduceOps$1ReducingSink done

Classes unloaded (0 events):
No events

Classes redefined (0 events):
No events

Internal exceptions (20 events):
Event: 5.230 Thread 0x000001dd1828a920 Exception <a 'java/lang/NoSuchMethodError'{0x00000000a40a7380}: 'java.lang.Object java.lang.invoke.DirectMethodHandle$Holder.newInvokeSpecial(java.lang.Object, java.lang.Object, java.lang.Object, java.lang.Object, java.lang.Object)'> (0x00000000a40a7380) 
thrown [s\src\hotspot\share\interpreter\linkResolver.cpp, line 773]
Event: 5.486 Thread 0x000001dd4c0fcf90 Exception <a 'java/lang/NoSuchMethodError'{0x00000000a0289860}: 'void java.lang.invoke.DirectMethodHandle$Holder.invokeSpecial(java.lang.Object, java.lang.Object, java.lang.Object)'> (0x00000000a0289860) 
thrown [s\src\hotspot\share\interpreter\linkResolver.cpp, line 773]
Event: 5.706 Thread 0x000001dd2cb7f1f0 Exception <a 'java/lang/NoSuchMethodError'{0x00000000a08cc810}: 'long java.lang.invoke.DirectMethodHandle$Holder.invokeInterface(java.lang.Object, java.lang.Object)'> (0x00000000a08cc810) 
thrown [s\src\hotspot\share\interpreter\linkResolver.cpp, line 773]
Event: 5.852 Thread 0x000001dd2cb7f1f0 Exception <a 'java/lang/NoSuchMethodError'{0x00000000a0cc3ce0}: 'void java.lang.invoke.DirectMethodHandle$Holder.invokeStatic(java.lang.Object, java.lang.Object)'> (0x00000000a0cc3ce0) 
thrown [s\src\hotspot\share\interpreter\linkResolver.cpp, line 773]
Event: 5.877 Thread 0x000001dd2cb7f1f0 Exception <a 'java/lang/NoSuchMethodError'{0x00000000a0d14068}: 'java.lang.Object java.lang.invoke.DirectMethodHandle$Holder.invokeVirtual(java.lang.Object, java.lang.Object, java.lang.Object, java.lang.Object, java.lang.Object, java.lang.Object, java.lang.Object, java.lang.Object, java.lang.Object, java.lang.Object, java.lang.Object, java.lang.Object)'> (0x00000000a0d14068) 
thrown [s\src\hotspot\share\interpreter\linkResolver.cpp, line 773]
Event: 5.878 Thread 0x000001dd2cb7f1f0 Exception <a 'java/lang/NoSuchMethodError'{0x00000000a0d191b8}: 'java.lang.Object java.lang.invoke.DirectMethodHandle$Holder.invokeSpecial(java.lang.Object, java.lang.Object, java.lang.Object, java.lang.Object, java.lang.Object, java.lang.Object, java.lang.Object, java.lang.Object, java.lang.Object, java.lang.Object, java.lang.Object, java.lang.Object, java.lang.Object)'> (0x00000000a0d191b8) 
thrown [s\src\hotspot\share\interpreter\linkResolver.cpp, line 773]
Event: 5.958 Thread 0x000001dd2cb7f1f0 Exception <a 'java/lang/NoSuchMethodError'{0x00000000a0f796a0}: 'int java.lang.invoke.DirectMethodHandle$Holder.invokeVirtual(java.lang.Object, java.lang.Object, java.lang.Object)'> (0x00000000a0f796a0) 
thrown [s\src\hotspot\share\interpreter\linkResolver.cpp, line 773]
Event: 6.024 Thread 0x000001dd2cb7f1f0 Exception <a 'java/lang/NoSuchMethodError'{0x00000000a12126b0}: 'java.lang.Object java.lang.invoke.DirectMethodHandle$Holder.newInvokeSpecial(java.lang.Object, java.lang.Object, java.lang.Object, java.lang.Object, java.lang.Object, java.lang.Object)'> (0x00000000a12126b0) 
thrown [s\src\hotspot\share\interpreter\linkResolver.cpp, line 773]
Event: 6.147 Thread 0x000001dd2cb7f1f0 Exception <a 'java/lang/NoSuchMethodError'{0x00000000a14c53c0}: 'void java.lang.invoke.DelegatingMethodHandle$Holder.reinvoke_L(java.lang.Object, java.lang.Object, java.lang.Object, java.lang.Object, java.lang.Object, java.lang.Object, java.lang.Object, java.lang.Object, java.lang.Object, java.lang.Object)'> (0x00000000a14c53c0) 
thrown [s\src\hotspot\share\interpreter\linkResolver.cpp, line 773]
Event: 6.148 Thread 0x000001dd2cb7f1f0 Exception <a 'java/lang/NoSuchMethodError'{0x00000000a14ccea0}: 'java.lang.Object java.lang.invoke.Invokers$Holder.invoker(java.lang.Object, java.lang.Object, java.lang.Object, java.lang.Object, java.lang.Object, java.lang.Object, java.lang.Object, java.lang.Object, java.lang.Object, java.lang.Object)'> (0x00000000a14ccea0) 
thrown [s\src\hotspot\share\interpreter\linkResolver.cpp, line 773]
Event: 6.451 Thread 0x000001dd2cb7f1f0 Exception <a 'java/lang/NoSuchMethodError'{0x00000000a1b68c88}: 'void java.lang.invoke.DirectMethodHandle$Holder.invokeInterface(java.lang.Object, java.lang.Object)'> (0x00000000a1b68c88) 
thrown [s\src\hotspot\share\interpreter\linkResolver.cpp, line 773]
Event: 6.452 Thread 0x000001dd2cb7f1f0 Exception <a 'java/lang/IncompatibleClassChangeError'{0x00000000a1b6c208}: Found class java.lang.Object, but interface was expected> (0x00000000a1b6c208) 
thrown [s\src\hotspot\share\interpreter\linkResolver.cpp, line 840]
Event: 6.513 Thread 0x000001dd2cb7f1f0 Exception <a 'java/lang/NoSuchMethodError'{0x00000000a1c95a20}: 'java.lang.Object java.lang.invoke.DirectMethodHandle$Holder.newInvokeSpecial(java.lang.Object, java.lang.Object, int)'> (0x00000000a1c95a20) 
thrown [s\src\hotspot\share\interpreter\linkResolver.cpp, line 773]
Event: 6.838 Thread 0x000001dd2cb7f1f0 Exception <a 'java/lang/NoSuchMethodError'{0x00000000a20608a8}: 'java.lang.Object java.lang.invoke.DirectMethodHandle$Holder.invokeVirtual(java.lang.Object, java.lang.Object, java.lang.Object, java.lang.Object, java.lang.Object, java.lang.Object, java.lang.Object, java.lang.Object)'> (0x00000000a20608a8) 
thrown [s\src\hotspot\share\interpreter\linkResolver.cpp, line 773]
Event: 6.909 Thread 0x000001dd2cb7f1f0 Exception <a 'java/lang/NoSuchMethodError'{0x00000000a2168b38}: 'java.lang.Object java.lang.invoke.DirectMethodHandle$Holder.invokeVirtual(java.lang.Object, java.lang.Object, java.lang.Object, java.lang.Object, java.lang.Object, java.lang.Object, java.lang.Object, java.lang.Object, java.lang.Object, java.lang.Object)'> (0x00000000a2168b38) 
thrown [s\src\hotspot\share\interpreter\linkResolver.cpp, line 773]
Event: 7.007 Thread 0x000001dd2cb7f1f0 Exception <a 'java/lang/NoSuchMethodError'{0x00000000a21fc658}: 'void java.lang.invoke.DirectMethodHandle$Holder.invokeStatic(java.lang.Object, java.lang.Object, java.lang.Object, java.lang.Object)'> (0x00000000a21fc658) 
thrown [s\src\hotspot\share\interpreter\linkResolver.cpp, line 773]
Event: 7.007 Thread 0x000001dd2cb7f1f0 Exception <a 'java/lang/NoSuchMethodError'{0x00000000a2200410}: 'void java.lang.invoke.DirectMethodHandle$Holder.invokeStaticInit(java.lang.Object, java.lang.Object, java.lang.Object, java.lang.Object)'> (0x00000000a2200410) 
thrown [s\src\hotspot\share\interpreter\linkResolver.cpp, line 773]
Event: 7.029 Thread 0x000001dd2cb7f1f0 Exception <a 'java/lang/NoSuchMethodError'{0x00000000a225ce38}: 'java.lang.Object java.lang.invoke.DirectMethodHandle$Holder.invokeInterface(java.lang.Object, java.lang.Object, java.lang.Object)'> (0x00000000a225ce38) 
thrown [s\src\hotspot\share\interpreter\linkResolver.cpp, line 773]
Event: 7.077 Thread 0x000001dd2cb7f1f0 Exception <a 'java/lang/NoSuchMethodError'{0x00000000a2369310}: 'int java.lang.invoke.DirectMethodHandle$Holder.invokeSpecialIFC(java.lang.Object, java.lang.Object, java.lang.Object, java.lang.Object)'> (0x00000000a2369310) 
thrown [s\src\hotspot\share\interpreter\linkResolver.cpp, line 773]
Event: 7.082 Thread 0x000001dd2cb7f1f0 Exception <a 'java/lang/IncompatibleClassChangeError'{0x00000000a2376ce8}: Found class java.lang.Object, but interface was expected> (0x00000000a2376ce8) 
thrown [s\src\hotspot\share\interpreter\linkResolver.cpp, line 840]

ZGC Phase Switch (0 events):
No events

VM Operations (20 events):
Event: 4.718 Executing non-safepoint VM operation: HandshakeAllThreads (Deoptimize)
Event: 4.718 Executing non-safepoint VM operation: HandshakeAllThreads (Deoptimize) done
Event: 4.895 Executing non-safepoint VM operation: HandshakeAllThreads (Deoptimize)
Event: 4.895 Executing non-safepoint VM operation: HandshakeAllThreads (Deoptimize) done
Event: 4.925 Executing non-safepoint VM operation: HandshakeAllThreads (Deoptimize)
Event: 4.925 Executing non-safepoint VM operation: HandshakeAllThreads (Deoptimize) done
Event: 4.925 Executing safepoint VM operation: Cleanup
Event: 4.925 Executing safepoint VM operation: Cleanup done
Event: 5.012 Executing non-safepoint VM operation: HandshakeAllThreads (Deoptimize)
Event: 5.012 Executing non-safepoint VM operation: HandshakeAllThreads (Deoptimize) done
Event: 5.077 Executing non-safepoint VM operation: HandshakeAllThreads (Deoptimize)
Event: 5.077 Executing non-safepoint VM operation: HandshakeAllThreads (Deoptimize) done
Event: 5.252 Executing non-safepoint VM operation: HandshakeAllThreads (Deoptimize)
Event: 5.252 Executing non-safepoint VM operation: HandshakeAllThreads (Deoptimize) done
Event: 5.345 Executing safepoint VM operation: GenCollectForAllocation (Allocation Failure)
Event: 5.386 Executing safepoint VM operation: GenCollectForAllocation (Allocation Failure) done
Event: 6.508 Executing non-safepoint VM operation: HandshakeAllThreads (Deoptimize)
Event: 6.508 Executing non-safepoint VM operation: HandshakeAllThreads (Deoptimize) done
Event: 6.508 Executing safepoint VM operation: Cleanup
Event: 6.508 Executing safepoint VM operation: Cleanup done

Memory protections (0 events):
No events

Nmethod flushes (0 events):
No events

Events (20 events):
Event: 0.940 Thread 0x000001dd1a75c280 Thread added: 0x000001dd2cd3d9d0
Event: 1.222 Thread 0x000001dd2cd3d9d0 Thread exited: 0x000001dd2cd3d9d0
Event: 1.285 Thread 0x000001dd2cd3b290 Thread exited: 0x000001dd2cd3b290
Event: 1.541 Thread 0x000001dd1a75da80 Thread added: 0x000001dd4c17c670
Event: 3.086 Thread 0x000001dd4c17c670 Thread exited: 0x000001dd4c17c670
Event: 3.607 Thread 0x000001dd1a75da80 Thread added: 0x000001dd4cc41980
Event: 4.644 Thread 0x000001dd1828a920 Thread added: 0x000001dd4c88e870
Event: 5.114 Thread 0x000001dd1828a920 Thread added: 0x000001dd4d58dfe0
Event: 5.238 Thread 0x000001dd1828a920 Thread added: 0x000001dd4d582b80
Event: 5.345 Thread 0x000001dd4d58dfe0 Thread added: 0x000001dd4c0fcf90
Event: 5.387 Thread 0x000001dd4cc41980 Thread exited: 0x000001dd4cc41980
Event: 5.394 Thread 0x000001dd4c0fcf90 Thread added: 0x000001dd4cc417a0
Event: 5.466 Thread 0x000001dd4c0fcf90 Thread added: 0x000001dd2cb7dfa0
Event: 5.487 Thread 0x000001dd4c0fcf90 Thread added: 0x000001dd2cb7f1f0
Event: 5.521 Thread 0x000001dd2cb7f1f0 Thread added: 0x000001dd2cc593c0
Event: 5.531 Thread 0x000001dd2cb7f1f0 Thread added: 0x000001dd2cc5ae00
Event: 5.545 Thread 0x000001dd2cb7f1f0 Thread added: 0x000001dd2cc58010
Event: 6.509 Thread 0x000001dd2cb7f1f0 Thread added: 0x000001dd2cc5b490
Event: 6.529 Thread 0x000001dd2cb7f1f0 Thread added: 0x000001dd2cc586a0
Event: 6.848 Thread 0x000001dd2cb7f1f0 Thread added: 0x000001dd2cc59a50


Dynamic libraries:
0x00007ff6cce50000 - 0x00007ff6cce5e000 	C:\Users\Nandhitha_R\.trae\extensions\redhat.java-1.54.0-win32-x64\jre\21.0.10-win32-x86_64\bin\java.exe
0x00007ffe35ec0000 - 0x00007ffe36127000 	C:\Windows\SYSTEM32\ntdll.dll
0x00007ffe35500000 - 0x00007ffe355c9000 	C:\Windows\System32\KERNEL32.DLL
0x00007ffe32a70000 - 0x00007ffe32e67000 	C:\Windows\System32\KERNELBASE.dll
0x00007ffe32ff0000 - 0x00007ffe3313b000 	C:\Windows\System32\ucrtbase.dll
0x00007ffde85a0000 - 0x00007ffde85be000 	C:\Users\Nandhitha_R\.trae\extensions\redhat.java-1.54.0-win32-x64\jre\21.0.10-win32-x86_64\bin\VCRUNTIME140.dll
0x00007ffdc1f90000 - 0x00007ffdc1fa8000 	C:\Users\Nandhitha_R\.trae\extensions\redhat.java-1.54.0-win32-x64\jre\21.0.10-win32-x86_64\bin\jli.dll
0x00007ffe357b0000 - 0x00007ffe35976000 	C:\Windows\System32\USER32.dll
0x00007ffe32e70000 - 0x00007ffe32e97000 	C:\Windows\System32\win32u.dll
0x00007ffe14b90000 - 0x00007ffe14e22000 	C:\Windows\WinSxS\amd64_microsoft.windows.common-controls_6595b64144ccf1df_6.0.26100.8457_none_3e0b2faee331e92d\COMCTL32.dll
0x00007ffe35dd0000 - 0x00007ffe35dfb000 	C:\Windows\System32\GDI32.dll
0x00007ffe34510000 - 0x00007ffe345b9000 	C:\Windows\System32\msvcrt.dll
0x00007ffe33a60000 - 0x00007ffe33b8c000 	C:\Windows\System32\gdi32full.dll
0x00007ffe339b0000 - 0x00007ffe33a53000 	C:\Windows\System32\msvcp_win.dll
0x00007ffe352e0000 - 0x00007ffe35312000 	C:\Windows\System32\IMM32.DLL
0x00007ffe176e0000 - 0x00007ffe176ec000 	C:\Users\Nandhitha_R\.trae\extensions\redhat.java-1.54.0-win32-x64\jre\21.0.10-win32-x86_64\bin\vcruntime140_1.dll
0x00007ffdbce20000 - 0x00007ffdbcead000 	C:\Users\Nandhitha_R\.trae\extensions\redhat.java-1.54.0-win32-x64\jre\21.0.10-win32-x86_64\bin\msvcp140.dll
0x00007ffd7c980000 - 0x00007ffd7d721000 	C:\Users\Nandhitha_R\.trae\extensions\redhat.java-1.54.0-win32-x64\jre\21.0.10-win32-x86_64\bin\server\jvm.dll
0x00007ffe34dd0000 - 0x00007ffe34e86000 	C:\Windows\System32\ADVAPI32.dll
0x00007ffe34e90000 - 0x00007ffe34f37000 	C:\Windows\System32\sechost.dll
0x00007ffe35c60000 - 0x00007ffe35d78000 	C:\Windows\System32\RPCRT4.dll
0x00007ffe345c0000 - 0x00007ffe34640000 	C:\Windows\System32\WS2_32.dll
0x00007ffe2fad0000 - 0x00007ffe2fb06000 	C:\Windows\SYSTEM32\WINMM.dll
0x00007ffe32750000 - 0x00007ffe327ae000 	C:\Windows\SYSTEM32\POWRPROF.dll
0x00007ffe1f830000 - 0x00007ffe1f83b000 	C:\Windows\SYSTEM32\VERSION.dll
0x00007ffe32730000 - 0x00007ffe32744000 	C:\Windows\SYSTEM32\UMPDC.dll
0x00007ffe31680000 - 0x00007ffe3169b000 	C:\Windows\SYSTEM32\kernel.appcore.dll
0x00007ffe0aee0000 - 0x00007ffe0aeea000 	C:\Users\Nandhitha_R\.trae\extensions\redhat.java-1.54.0-win32-x64\jre\21.0.10-win32-x86_64\bin\jimage.dll
0x00007ffe30740000 - 0x00007ffe30982000 	C:\Windows\SYSTEM32\DBGHELP.DLL
0x00007ffe34f40000 - 0x00007ffe352c3000 	C:\Windows\System32\combase.dll
0x00007ffe35420000 - 0x00007ffe354f9000 	C:\Windows\System32\OLEAUT32.dll
0x00007ffe13b40000 - 0x00007ffe13b7b000 	C:\Windows\SYSTEM32\dbgcore.DLL
0x00007ffe33b90000 - 0x00007ffe33c38000 	C:\Windows\System32\bcryptPrimitives.dll
0x00007ffde9a40000 - 0x00007ffde9a4f000 	C:\Users\Nandhitha_R\.trae\extensions\redhat.java-1.54.0-win32-x64\jre\21.0.10-win32-x86_64\bin\instrument.dll
0x00007ffdbffb0000 - 0x00007ffdbffd0000 	C:\Users\Nandhitha_R\.trae\extensions\redhat.java-1.54.0-win32-x64\jre\21.0.10-win32-x86_64\bin\java.dll
0x00007ffe34650000 - 0x00007ffe34dbe000 	C:\Windows\System32\SHELL32.dll
0x00007ffe33140000 - 0x00007ffe339ac000 	C:\Windows\System32\windows.storage.dll
0x00007ffe35b60000 - 0x00007ffe35c56000 	C:\Windows\System32\SHCORE.dll
0x00007ffe35320000 - 0x00007ffe35386000 	C:\Windows\System32\shlwapi.dll
0x00007ffe32810000 - 0x00007ffe32839000 	C:\Windows\SYSTEM32\profapi.dll
0x00007ffdbe930000 - 0x00007ffdbe948000 	C:\Users\Nandhitha_R\.trae\extensions\redhat.java-1.54.0-win32-x64\jre\21.0.10-win32-x86_64\bin\zip.dll
0x00007ffde8e40000 - 0x00007ffde8e50000 	C:\Users\Nandhitha_R\.trae\extensions\redhat.java-1.54.0-win32-x64\jre\21.0.10-win32-x86_64\bin\net.dll
0x00007ffe21b70000 - 0x00007ffe21c99000 	C:\Windows\SYSTEM32\WINHTTP.dll
0x00007ffe31bf0000 - 0x00007ffe31c5c000 	C:\Windows\system32\mswsock.dll
0x00007ffdbd590000 - 0x00007ffdbd5a6000 	C:\Users\Nandhitha_R\.trae\extensions\redhat.java-1.54.0-win32-x64\jre\21.0.10-win32-x86_64\bin\nio.dll
0x00007ffde9840000 - 0x00007ffde9850000 	C:\Users\Nandhitha_R\.trae\extensions\redhat.java-1.54.0-win32-x64\jre\21.0.10-win32-x86_64\bin\verify.dll
0x00007ffda0960000 - 0x00007ffda0987000 	C:\Users\Nandhitha_R\.gradle\native\1def1411415f61bf3af743bc5b6707747c0891f09f0c88961ee8f79bc544acac\windows-amd64\native-platform.dll
0x00007ffd7b730000 - 0x00007ffd7b7a7000 	C:\Users\Nandhitha_R\.gradle\native\0.2.8\x86_64-windows-gnu\gradle-fileevents.dll
0x00007ffe202f0000 - 0x00007ffe202fa000 	C:\Users\Nandhitha_R\.trae\extensions\redhat.java-1.54.0-win32-x64\jre\21.0.10-win32-x86_64\bin\management.dll
0x00007ffe19d00000 - 0x00007ffe19d0c000 	C:\Users\Nandhitha_R\.trae\extensions\redhat.java-1.54.0-win32-x64\jre\21.0.10-win32-x86_64\bin\management_ext.dll
0x00007ffe35390000 - 0x00007ffe35398000 	C:\Windows\System32\PSAPI.DLL
0x00007ffe31040000 - 0x00007ffe31072000 	C:\Windows\SYSTEM32\IPHLPAPI.DLL
0x00007ffe352d0000 - 0x00007ffe352da000 	C:\Windows\System32\NSI.dll
0x00007ffe19e30000 - 0x00007ffe19e39000 	C:\Users\Nandhitha_R\.trae\extensions\redhat.java-1.54.0-win32-x64\jre\21.0.10-win32-x86_64\bin\extnet.dll
0x00007ffe31ed0000 - 0x00007ffe31eeb000 	C:\Windows\SYSTEM32\CRYPTSP.dll
0x00007ffe315e0000 - 0x00007ffe31619000 	C:\Windows\system32\rsaenh.dll
0x00007ffe31ca0000 - 0x00007ffe31cd3000 	C:\Windows\SYSTEM32\USERENV.dll
0x00007ffe327e0000 - 0x00007ffe3280a000 	C:\Windows\SYSTEM32\bcrypt.dll
0x00007ffe31ef0000 - 0x00007ffe31efc000 	C:\Windows\SYSTEM32\CRYPTBASE.dll
0x00007ffe2ae80000 - 0x00007ffe2ae8e000 	C:\Users\Nandhitha_R\.trae\extensions\redhat.java-1.54.0-win32-x64\jre\21.0.10-win32-x86_64\bin\sunmscapi.dll
0x00007ffe328f0000 - 0x00007ffe32a68000 	C:\Windows\System32\CRYPT32.dll
0x00007ffe320f0000 - 0x00007ffe32120000 	C:\Windows\SYSTEM32\ncrypt.dll
0x00007ffe320a0000 - 0x00007ffe320df000 	C:\Windows\SYSTEM32\NTASN1.dll
0x00007ffe00c30000 - 0x00007ffe00c38000 	C:\Windows\system32\wshunix.dll

JVMTI agents:
C:\Users\Nandhitha_R\.gradle\wrapper\dists\gradle-9.0.0-bin\d6wjpkvcgsg3oed0qlfss3wgl\gradle-9.0.0\lib\agents\gradle-instrumentation-agent-9.0.0.jar path:C:\Users\Nandhitha_R\.trae\extensions\redhat.java-1.54.0-win32-x64\jre\21.0.10-win32-x86_64\bin\instrument.dll, loaded, initialized, instrumentlib options:none

dbghelp: loaded successfully - version: 4.0.5 - missing functions: none
symbol engine: initialized successfully - sym options: 0x614 - pdb path: .;C:\Users\Nandhitha_R\.trae\extensions\redhat.java-1.54.0-win32-x64\jre\21.0.10-win32-x86_64\bin;C:\Windows\SYSTEM32;C:\Windows\WinSxS\amd64_microsoft.windows.common-controls_6595b64144ccf1df_6.0.26100.8457_none_3e0b2faee331e92d;C:\Users\Nandhitha_R\.trae\extensions\redhat.java-1.54.0-win32-x64\jre\21.0.10-win32-x86_64\bin\server;C:\Users\Nandhitha_R\.gradle\native\1def1411415f61bf3af743bc5b6707747c0891f09f0c88961ee8f79bc544acac\windows-amd64;C:\Users\Nandhitha_R\.gradle\native\0.2.8\x86_64-windows-gnu

VM Arguments:
jvm_args: --add-opens=java.base/java.lang=ALL-UNNAMED --add-opens=java.base/java.lang.invoke=ALL-UNNAMED --add-opens=java.base/java.util=ALL-UNNAMED --add-opens=java.prefs/java.util.prefs=ALL-UNNAMED --add-exports=jdk.compiler/com.sun.tools.javac.api=ALL-UNNAMED --add-exports=jdk.compiler/com.sun.tools.javac.util=ALL-UNNAMED --add-opens=java.base/java.util=ALL-UNNAMED --add-opens=java.prefs/java.util.prefs=ALL-UNNAMED --add-opens=java.base/java.nio.charset=ALL-UNNAMED --add-opens=java.base/java.net=ALL-UNNAMED --add-opens=java.base/java.util.concurrent=ALL-UNNAMED --add-opens=java.base/java.util.concurrent.atomic=ALL-UNNAMED --add-opens=java.xml/javax.xml.namespace=ALL-UNNAMED -XX:MaxMetaspaceSize=512m -XX:+HeapDumpOnOutOfMemoryError -XX:+UseSerialGC -Xmx1536m -Dfile.encoding=UTF-8 -Duser.country=IN -Duser.language=en -Duser.variant -javaagent:C:\Users\Nandhitha_R\.gradle\wrapper\dists\gradle-9.0.0-bin\d6wjpkvcgsg3oed0qlfss3wgl\gradle-9.0.0\lib\agents\gradle-instrumentation-agent-9.0.0.jar 
java_command: org.gradle.launcher.daemon.bootstrap.GradleDaemon 9.0.0
java_class_path (initial): C:\Users\Nandhitha_R\.gradle\wrapper\dists\gradle-9.0.0-bin\d6wjpkvcgsg3oed0qlfss3wgl\gradle-9.0.0\lib\gradle-daemon-main-9.0.0.jar
Launcher Type: SUN_STANDARD

[Global flags]
     intx CICompilerCount                          = 4                                         {product} {ergonomic}
   size_t CompressedClassSpaceSize                 = 436207616                                 {product} {ergonomic}
     bool HeapDumpOnOutOfMemoryError               = true                                   {manageable} {command line}
   size_t InitialHeapSize                          = 264241152                                 {product} {ergonomic}
   size_t MaxHeapSize                              = 1610612736                                {product} {command line}
   size_t MaxMetaspaceSize                         = 536870912                                 {product} {command line}
   size_t MaxNewSize                               = 536870912                                 {product} {ergonomic}
   size_t MinHeapDeltaBytes                        = 196608                                    {product} {ergonomic}
   size_t MinHeapSize                              = 8388608                                   {product} {ergonomic}
   size_t NewSize                                  = 88080384                                  {product} {ergonomic}
    uintx NonNMethodCodeHeapSize                   = 5839372                                {pd product} {ergonomic}
    uintx NonProfiledCodeHeapSize                  = 122909434                              {pd product} {ergonomic}
   size_t OldSize                                  = 176160768                                 {product} {ergonomic}
    uintx ProfiledCodeHeapSize                     = 122909434                              {pd product} {ergonomic}
    uintx ReservedCodeCacheSize                    = 251658240                              {pd product} {ergonomic}
     bool SegmentedCodeCache                       = true                                      {product} {ergonomic}
   size_t SoftMaxHeapSize                          = 1610612736                             {manageable} {ergonomic}
     bool UseCompressedOops                        = true                           {product lp64_product} {ergonomic}
     bool UseLargePagesIndividualAllocation        = false                                  {pd product} {ergonomic}
     bool UseSerialGC                              = true                                      {product} {command line}

Logging:
Log output configuration:
 #0: stdout all=warning uptime,level,tags foldmultilines=false
 #1: stderr all=off uptime,level,tags foldmultilines=false

Release file:
JAVA_VERSION="21.0.10" 
MODULES="java.base java.compiler java.datatransfer java.xml java.prefs java.desktop java.instrument java.logging java.management java.security.sasl java.naming java.rmi java.management.rmi java.net.http java.scripting java.security.jgss java.transaction.xa java.sql java.sql.rowset java.xml.crypto java.se java.smartcardio jdk.accessibility jdk.internal.jvmstat jdk.attach jdk.charsets jdk.internal.opt jdk.zipfs jdk.compiler jdk.crypto.ec jdk.crypto.cryptoki jdk.crypto.mscapi jdk.dynalink jdk.internal.ed jdk.editpad jdk.hotspot.agent jdk.httpserver jdk.internal.le jdk.internal.vm.ci jdk.internal.vm.compiler jdk.internal.vm.compiler.management jdk.jartool jdk.javadoc jdk.jcmd jdk.management jdk.management.agent jdk.jconsole jdk.jdeps jdk.jdwp.agent jdk.jdi jdk.jfr jdk.jshell jdk.jsobject jdk.jstatd jdk.localedata jdk.management.jfr jdk.naming.dns jdk.naming.rmi jdk.net jdk.nio.mapmode jdk.random jdk.sctp jdk.security.auth jdk.security.jgss jdk.unsupported jdk.unsupported.desktop jdk.xml.dom" 

Environment Variables:
JAVA_HOME=C:\Program Files\Eclipse Adoptium\jdk-17.0.18.8-hotspot
PATH=c:\Users\Nandhitha_R\.trae\tools\trae-gopls\current;c:\Users\Nandhitha_R\.trae\sdks\workspaces\d1813b88\versions\node\current;c:\Users\Nandhitha_R\.trae\sdks\versions\node\current;C:\Program Files\Python312\Scripts\;C:\Program Files\Python312\;C:\Windows\System32;C:\Program Files\Git\cmd;C:\Program Files\Eclipse Adoptium\jdk-17.0.18.8-hotspot\bin;C:\Program Files\nodejs\;C:\Users\Nandhitha_R\AppData\Local\Android\Sdk\platform-tools;C:\Users\Nandhitha_R\AppData\Local\Android\Sdk\emulator;C:\Program Files\Eclipse Adoptium\jdk-17.0.18.8-hotspot\bin;C:\Users\Nandhitha_R\AppData\Local\Programs\Python\Python312;C:\Program Files\MongoDB\Server\7.0\bin;C:\Users\Nandhitha_R\AppData\Local\Programs\Python\Launcher\;C:\Users\Nandhitha_R\AppData\Roaming\npm;C:\Users\Nandhitha_R\AppData\Local\Programs\Microsoft VS Code\bin;D:\Program Files\Antigravity\bin;C:\Users\Nandhitha_R\AppData\Local\Programs\Antigravity IDE\bin;d:\Program Files\Trae\resources\app\bin\lib
USERNAME=Nandhitha_R
OS=Windows_NT
PROCESSOR_IDENTIFIER=Intel64 Family 6 Model 154 Stepping 4, GenuineIntel
TMP=C:\Users\NANDHI~1\AppData\Local\Temp
TEMP=C:\Users\NANDHI~1\AppData\Local\Temp




Periodic native trim disabled

---------------  S Y S T E M  ---------------

OS:
 Windows 11 , 64 bit Build 26100 (10.0.26100.8328)
OS uptime: 0 days 1:40 hours
Hyper-V role detected

CPU: total 12 (initial active 12) (6 cores per cpu, 2 threads per core) family 6 model 154 stepping 4 microcode 0x43b, cx8, cmov, fxsr, ht, mmx, 3dnowpref, sse, sse2, sse3, ssse3, sse4.1, sse4.2, popcnt, lzcnt, tsc, tscinvbit, avx, avx2, aes, erms, clmul, bmi1, bmi2, adx, sha, fma, vzeroupper, clflush, clflushopt, clwb, hv, serialize, rdtscp, rdpid, fsrm, f16c, cet_ibt, cet_ss
Processor Information for the first 12 processors :
  Max Mhz: 1300, Current Mhz: 1300, Mhz Limit: 1300

Memory: 4k page, system-wide physical 16068M (493M free)
TotalPageFile size 20360M (AvailPageFile size 3M)
current process WorkingSet (physical memory assigned to process): 194M, peak: 194M
current process commit charge ("private bytes"): 342M, peak: 343M

vm_info: OpenJDK 64-Bit Server VM (21.0.10+7-LTS) for windows-amd64 JRE (21.0.10+7-LTS), built on 2026-01-20T00:00:00Z by "admin" with MS VC++ 17.12 (VS2022)

END.
