#
# There is insufficient memory for the Java Runtime Environment to continue.
# Native memory allocation (malloc) failed to allocate 470976 bytes. Error detail: Chunk::new
# Possible reasons:
#   The system is out of physical RAM or swap space
#   This process is running with CompressedOops enabled, and the Java Heap may be blocking the growth of the native heap
# Possible solutions:
#   Reduce memory load on the system
#   Increase physical memory or swap space
#   Check if swap backing store is full
#   Decrease Java heap size (-Xmx/-Xms)
#   Decrease number of Java threads
#   Decrease Java thread stack sizes (-Xss)
#   Set larger code cache with -XX:ReservedCodeCacheSize=
#   JVM is running with Unscaled Compressed Oops mode in which the Java heap is
#     placed in the first 4GB address space. The Java Heap base address is the
#     maximum limit for the native heap growth. Please use -XX:HeapBaseMinAddress
#     to set the Java Heap base and to place the Java Heap above 4GB virtual address.
# This output file may be truncated or incomplete.
#
#  Out of Memory Error (arena.cpp:168), pid=12440, tid=20512
#
# JRE version: OpenJDK Runtime Environment Temurin-21.0.10+7 (21.0.10+7) (build 21.0.10+7-LTS)
# Java VM: OpenJDK 64-Bit Server VM Temurin-21.0.10+7 (21.0.10+7-LTS, mixed mode, sharing, tiered, compressed oops, compressed class ptrs, g1 gc, windows-amd64)
# No core dump will be written. Minidumps are not enabled by default on client versions of Windows
#

---------------  S U M M A R Y ------------

Command Line: --add-opens=java.base/java.lang=ALL-UNNAMED --add-opens=java.base/java.lang.invoke=ALL-UNNAMED --add-opens=java.base/java.util=ALL-UNNAMED --add-opens=java.prefs/java.util.prefs=ALL-UNNAMED --add-exports=jdk.compiler/com.sun.tools.javac.api=ALL-UNNAMED --add-exports=jdk.compiler/com.sun.tools.javac.util=ALL-UNNAMED --add-opens=java.base/java.util=ALL-UNNAMED --add-opens=java.prefs/java.util.prefs=ALL-UNNAMED --add-opens=java.base/java.nio.charset=ALL-UNNAMED --add-opens=java.base/java.net=ALL-UNNAMED --add-opens=java.base/java.util.concurrent=ALL-UNNAMED --add-opens=java.base/java.util.concurrent.atomic=ALL-UNNAMED --add-opens=java.xml/javax.xml.namespace=ALL-UNNAMED -XX:MaxMetaspaceSize=384m -XX:+HeapDumpOnOutOfMemoryError -Xms256m -Xmx512m -Dfile.encoding=UTF-8 -Duser.country=IN -Duser.language=en -Duser.variant -javaagent:C:\Users\Nandhitha_R\.gradle\wrapper\dists\gradle-9.0.0-bin\d6wjpkvcgsg3oed0qlfss3wgl\gradle-9.0.0\lib\agents\gradle-instrumentation-agent-9.0.0.jar org.gradle.launcher.daemon.bootstrap.GradleDaemon 9.0.0

Host: 12th Gen Intel(R) Core(TM) i5-1235U, 12 cores, 15G,  Windows 11 , 64 bit Build 26100 (10.0.26100.8328)
Time: Thu May  7 14:25:55 2026 India Standard Time elapsed time: 14.648488 seconds (0d 0h 0m 14s)

---------------  T H R E A D  ---------------

Current thread (0x000001d2bb02f2d0):  JavaThread "C2 CompilerThread0" daemon [_thread_in_native, id=20512, stack(0x00000011c3200000,0x00000011c3300000) (1024K)]


Current CompileTask:
C2:14648 8273       4       org.gradle.internal.service.DefaultServiceRegistry$SingletonService::get (5 bytes)

Stack: [0x00000011c3200000,0x00000011c3300000]
Native frames: (J=compiled Java code, j=interpreted, Vv=VM code, C=native code)
V  [jvm.dll+0x6d7a39]
V  [jvm.dll+0x8b4b26]
V  [jvm.dll+0x8b70de]
V  [jvm.dll+0x8b77c3]
V  [jvm.dll+0x284346]
V  [jvm.dll+0xc66ed]
V  [jvm.dll+0xc6c31]
V  [jvm.dll+0x2fb29e]
V  [jvm.dll+0x5fe884]
V  [jvm.dll+0x255b17]
V  [jvm.dll+0x24dc0b]
V  [jvm.dll+0x24ba42]
V  [jvm.dll+0x1cb34e]
V  [jvm.dll+0x25b85d]
V  [jvm.dll+0x259dea]
V  [jvm.dll+0x3f857e]
V  [jvm.dll+0x85f59d]
V  [jvm.dll+0x6d626d]
C  [ucrtbase.dll+0x37b0]
C  [KERNEL32.DLL+0x2e957]
C  [ntdll.dll+0x427c]


---------------  P R O C E S S  ---------------

Threads class SMR info:
_java_thread_list=0x000001d2c5fcc170, length=77, elements={
0x000001d29000e340, 0x000001d2bb024fe0, 0x000001d2bb025a40, 0x000001d2bb029520,
0x000001d2bb02a1e0, 0x000001d2bb02b200, 0x000001d2bb02c400, 0x000001d2bb02f2d0,
0x000001d2bb037b50, 0x000001d2bb206dc0, 0x000001d2bb25d1f0, 0x000001d2bb87f160,
0x000001d2c0259960, 0x000001d2bb7b28f0, 0x000001d2c0f298b0, 0x000001d2c0f277e0,
0x000001d2c0f27e70, 0x000001d2c0f29220, 0x000001d2c0f28500, 0x000001d2c0f2a5d0,
0x000001d2c0f27150, 0x000001d2c0f28b90, 0x000001d2c12e8090, 0x000001d2c12e5930,
0x000001d2c12e9ad0, 0x000001d2c12e7a00, 0x000001d2c12e8720, 0x000001d2c12e6650,
0x000001d2c12ea160, 0x000001d2c12e6ce0, 0x000001d2c12ea7f0, 0x000001d2c12e7370,
0x000001d2c12ebba0, 0x000001d2c12ec8c0, 0x000001d2c12eb510, 0x000001d2c12ecf50,
0x000001d2c1e965d0, 0x000001d2c1e98010, 0x000001d2c1e95f40, 0x000001d2c1e986a0,
0x000001d2c1e993c0, 0x000001d2c1e96c60, 0x000001d2c1e9a770, 0x000001d2c1e972f0,
0x000001d2c1e9ae00, 0x000001d2c1e9b490, 0x000001d2c1e9bb20, 0x000001d2c1e9c840,
0x000001d2c1e9c1b0, 0x000001d2c1e9ced0, 0x000001d2c14fd890, 0x000001d2c1500d10,
0x000001d2c15013a0, 0x000001d2c14ff960, 0x000001d2c14fdf20, 0x000001d2c1501a30,
0x000001d2c14fe5b0, 0x000001d2c14ff2d0, 0x000001d2c15020c0, 0x000001d2c14fec40,
0x000001d2c1502de0, 0x000001d2c1503470, 0x000001d2c14ffff0, 0x000001d2c1503b00,
0x000001d2c1500680, 0x000001d2c1504190, 0x000001d2c1504820, 0x000001d2c1504eb0,
0x000001d2c4a763b0, 0x000001d2c4a78480, 0x000001d2c4a770d0, 0x000001d2c4a77760,
0x000001d2c4a75d20, 0x000001d2c4a78b10, 0x000001d2c4a7bf90, 0x000001d2c4a79ec0,
0x000001d2c2309bb0
}

Java Threads: ( => current thread )
  0x000001d29000e340 JavaThread "main"                              [_thread_blocked, id=20856, stack(0x00000011c2400000,0x00000011c2500000) (1024K)]
  0x000001d2bb024fe0 JavaThread "Reference Handler"          daemon [_thread_blocked, id=11752, stack(0x00000011c2c00000,0x00000011c2d00000) (1024K)]
  0x000001d2bb025a40 JavaThread "Finalizer"                  daemon [_thread_blocked, id=11704, stack(0x00000011c2d00000,0x00000011c2e00000) (1024K)]
  0x000001d2bb029520 JavaThread "Signal Dispatcher"          daemon [_thread_blocked, id=21500, stack(0x00000011c2e00000,0x00000011c2f00000) (1024K)]
  0x000001d2bb02a1e0 JavaThread "Attach Listener"            daemon [_thread_blocked, id=11404, stack(0x00000011c2f00000,0x00000011c3000000) (1024K)]
  0x000001d2bb02b200 JavaThread "Service Thread"             daemon [_thread_blocked, id=21420, stack(0x00000011c3000000,0x00000011c3100000) (1024K)]
  0x000001d2bb02c400 JavaThread "Monitor Deflation Thread"   daemon [_thread_blocked, id=20572, stack(0x00000011c3100000,0x00000011c3200000) (1024K)]
=>0x000001d2bb02f2d0 JavaThread "C2 CompilerThread0"         daemon [_thread_in_native, id=20512, stack(0x00000011c3200000,0x00000011c3300000) (1024K)]
  0x000001d2bb037b50 JavaThread "C1 CompilerThread0"         daemon [_thread_blocked, id=23980, stack(0x00000011c3300000,0x00000011c3400000) (1024K)]
  0x000001d2bb206dc0 JavaThread "Common-Cleaner"             daemon [_thread_blocked, id=11616, stack(0x00000011c3400000,0x00000011c3500000) (1024K)]
  0x000001d2bb25d1f0 JavaThread "Notification Thread"        daemon [_thread_blocked, id=8716, stack(0x00000011c3500000,0x00000011c3600000) (1024K)]
  0x000001d2bb87f160 JavaThread "Daemon health stats"               [_thread_blocked, id=8700, stack(0x00000011c3d00000,0x00000011c3e00000) (1024K)]
  0x000001d2c0259960 JavaThread "Incoming local TCP Connector on port 62371"        [_thread_in_native, id=16836, stack(0x00000011c3e00000,0x00000011c3f00000) (1024K)]
  0x000001d2bb7b28f0 JavaThread "Daemon periodic checks"            [_thread_blocked, id=7668, stack(0x00000011c3f00000,0x00000011c4000000) (1024K)]
  0x000001d2c0f298b0 JavaThread "Daemon"                            [_thread_blocked, id=8624, stack(0x00000011c4000000,0x00000011c4100000) (1024K)]
  0x000001d2c0f277e0 JavaThread "Handler for socket connection from /127.0.0.1:62371 to /127.0.0.1:62372"        [_thread_in_native, id=21012, stack(0x00000011c4100000,0x00000011c4200000) (1024K)]
  0x000001d2c0f27e70 JavaThread "Cancel handler"                    [_thread_blocked, id=11164, stack(0x00000011c4200000,0x00000011c4300000) (1024K)]
  0x000001d2c0f29220 JavaThread "Daemon worker"                     [_thread_in_native, id=16492, stack(0x00000011c4300000,0x00000011c4400000) (1024K)]
  0x000001d2c0f28500 JavaThread "Asynchronous log dispatcher for DefaultDaemonConnection: socket connection from /127.0.0.1:62371 to /127.0.0.1:62372"        [_thread_blocked, id=19596, stack(0x00000011c4400000,0x00000011c4500000) (1024K)]
  0x000001d2c0f2a5d0 JavaThread "Stdin handler"                     [_thread_blocked, id=13440, stack(0x00000011c4500000,0x00000011c4600000) (1024K)]
  0x000001d2c0f27150 JavaThread "Daemon client event forwarder"        [_thread_blocked, id=21128, stack(0x00000011c4600000,0x00000011c4700000) (1024K)]
  0x000001d2c0f28b90 JavaThread "Cache worker for journal cache (C:\Users\Nandhitha_R\.gradle\caches\journal-1)"        [_thread_blocked, id=16360, stack(0x00000011c4700000,0x00000011c4800000) (1024K)]
  0x000001d2c12e8090 JavaThread "File lock request listener"        [_thread_in_native, id=6344, stack(0x00000011c4800000,0x00000011c4900000) (1024K)]
  0x000001d2c12e5930 JavaThread "Cache worker for file hash cache (C:\Users\Nandhitha_R\.gradle\caches\9.0.0\fileHashes)"        [_thread_blocked, id=20864, stack(0x00000011c4900000,0x00000011c4a00000) (1024K)]
  0x000001d2c12e9ad0 JavaThread "Cache worker for file hash cache (D:\apps\caltims mobile app\frontend\node_modules\@react-native\gradle-plugin\.gradle\9.0.0\fileHashes)"        [_thread_blocked, id=21844, stack(0x00000011c5000000,0x00000011c5100000) (1024K)]
  0x000001d2c12e7a00 JavaThread "Cache worker for Build Output Cleanup Cache (D:\apps\caltims mobile app\frontend\node_modules\@react-native\gradle-plugin\.gradle\buildOutputCleanup)"        [_thread_blocked, id=20084, stack(0x00000011c5100000,0x00000011c5200000) (1024K)]
  0x000001d2c12e8720 JavaThread "File watcher server"        daemon [_thread_in_native, id=22568, stack(0x00000011c5200000,0x00000011c5300000) (1024K)]
  0x000001d2c12e6650 JavaThread "File watcher consumer"      daemon [_thread_blocked, id=21532, stack(0x00000011c5300000,0x00000011c5400000) (1024K)]
  0x000001d2c12ea160 JavaThread "Cache worker for checksums cache (D:\apps\caltims mobile app\frontend\node_modules\@react-native\gradle-plugin\.gradle\9.0.0\checksums)"        [_thread_blocked, id=5580, stack(0x00000011c3700000,0x00000011c3800000) (1024K)]
  0x000001d2c12e6ce0 JavaThread "Cache worker for file content cache (C:\Users\Nandhitha_R\.gradle\caches\9.0.0\fileContent)"        [_thread_blocked, id=10824, stack(0x00000011c5400000,0x00000011c5500000) (1024K)]
  0x000001d2c12ea7f0 JavaThread "Cache worker for cache directory md-supplier (C:\Users\Nandhitha_R\.gradle\caches\9.0.0\md-supplier)"        [_thread_blocked, id=23288, stack(0x00000011c5500000,0x00000011c5600000) (1024K)]
  0x000001d2c12e7370 JavaThread "Cache worker for cache directory md-rule (C:\Users\Nandhitha_R\.gradle\caches\9.0.0\md-rule)"        [_thread_blocked, id=24328, stack(0x00000011c3600000,0x00000011c3700000) (1024K)]
  0x000001d2c12ebba0 JavaThread "jar transforms"                    [_thread_blocked, id=23800, stack(0x00000011c5700000,0x00000011c5800000) (1024K)]
  0x000001d2c12ec8c0 JavaThread "jar transforms Thread 2"           [_thread_blocked, id=21196, stack(0x00000011c5800000,0x00000011c5900000) (1024K)]
  0x000001d2c12eb510 JavaThread "Unconstrained build operations"        [_thread_blocked, id=22048, stack(0x00000011c5a00000,0x00000011c5b00000) (1024K)]
  0x000001d2c12ecf50 JavaThread "Unconstrained build operations Thread 2"        [_thread_blocked, id=21496, stack(0x00000011c5b00000,0x00000011c5c00000) (1024K)]
  0x000001d2c1e965d0 JavaThread "Unconstrained build operations Thread 3"        [_thread_blocked, id=1060, stack(0x00000011c5c00000,0x00000011c5d00000) (1024K)]
  0x000001d2c1e98010 JavaThread "Unconstrained build operations Thread 4"        [_thread_blocked, id=3620, stack(0x00000011c5d00000,0x00000011c5e00000) (1024K)]
  0x000001d2c1e95f40 JavaThread "Unconstrained build operations Thread 5"        [_thread_blocked, id=23144, stack(0x00000011c5e00000,0x00000011c5f00000) (1024K)]
  0x000001d2c1e986a0 JavaThread "Unconstrained build operations Thread 6"        [_thread_blocked, id=10064, stack(0x00000011c5f00000,0x00000011c6000000) (1024K)]
  0x000001d2c1e993c0 JavaThread "Unconstrained build operations Thread 7"        [_thread_blocked, id=23388, stack(0x00000011c6000000,0x00000011c6100000) (1024K)]
  0x000001d2c1e96c60 JavaThread "Unconstrained build operations Thread 8"        [_thread_blocked, id=15644, stack(0x00000011c6100000,0x00000011c6200000) (1024K)]
  0x000001d2c1e9a770 JavaThread "Unconstrained build operations Thread 9"        [_thread_blocked, id=6524, stack(0x00000011c6200000,0x00000011c6300000) (1024K)]
  0x000001d2c1e972f0 JavaThread "Unconstrained build operations Thread 10"        [_thread_blocked, id=17776, stack(0x00000011c6300000,0x00000011c6400000) (1024K)]
  0x000001d2c1e9ae00 JavaThread "Unconstrained build operations Thread 11"        [_thread_blocked, id=12728, stack(0x00000011c6400000,0x00000011c6500000) (1024K)]
  0x000001d2c1e9b490 JavaThread "Unconstrained build operations Thread 12"        [_thread_blocked, id=20792, stack(0x00000011c6500000,0x00000011c6600000) (1024K)]
  0x000001d2c1e9bb20 JavaThread "Unconstrained build operations Thread 13"        [_thread_blocked, id=15832, stack(0x00000011c6600000,0x00000011c6700000) (1024K)]
  0x000001d2c1e9c840 JavaThread "Unconstrained build operations Thread 14"        [_thread_blocked, id=22716, stack(0x00000011c6700000,0x00000011c6800000) (1024K)]
  0x000001d2c1e9c1b0 JavaThread "Unconstrained build operations Thread 15"        [_thread_blocked, id=21124, stack(0x00000011c6800000,0x00000011c6900000) (1024K)]
  0x000001d2c1e9ced0 JavaThread "Unconstrained build operations Thread 16"        [_thread_blocked, id=9660, stack(0x00000011c6900000,0x00000011c6a00000) (1024K)]
  0x000001d2c14fd890 JavaThread "Unconstrained build operations Thread 17"        [_thread_blocked, id=24052, stack(0x00000011c6a00000,0x00000011c6b00000) (1024K)]
  0x000001d2c1500d10 JavaThread "Unconstrained build operations Thread 18"        [_thread_blocked, id=3848, stack(0x00000011c6b00000,0x00000011c6c00000) (1024K)]
  0x000001d2c15013a0 JavaThread "Unconstrained build operations Thread 19"        [_thread_blocked, id=10688, stack(0x00000011c6c00000,0x00000011c6d00000) (1024K)]
  0x000001d2c14ff960 JavaThread "Unconstrained build operations Thread 20"        [_thread_blocked, id=20236, stack(0x00000011c6d00000,0x00000011c6e00000) (1024K)]
  0x000001d2c14fdf20 JavaThread "Unconstrained build operations Thread 21"        [_thread_blocked, id=19580, stack(0x00000011c6e00000,0x00000011c6f00000) (1024K)]
  0x000001d2c1501a30 JavaThread "Unconstrained build operations Thread 22"        [_thread_blocked, id=24532, stack(0x00000011c6f00000,0x00000011c7000000) (1024K)]
  0x000001d2c14fe5b0 JavaThread "Unconstrained build operations Thread 23"        [_thread_blocked, id=20060, stack(0x00000011c7000000,0x00000011c7100000) (1024K)]
  0x000001d2c14ff2d0 JavaThread "Unconstrained build operations Thread 24"        [_thread_blocked, id=22872, stack(0x00000011c7100000,0x00000011c7200000) (1024K)]
  0x000001d2c15020c0 JavaThread "Unconstrained build operations Thread 25"        [_thread_blocked, id=24536, stack(0x00000011c7200000,0x00000011c7300000) (1024K)]
  0x000001d2c14fec40 JavaThread "Unconstrained build operations Thread 26"        [_thread_blocked, id=24280, stack(0x00000011c7300000,0x00000011c7400000) (1024K)]
  0x000001d2c1502de0 JavaThread "Unconstrained build operations Thread 27"        [_thread_blocked, id=22892, stack(0x00000011c7400000,0x00000011c7500000) (1024K)]
  0x000001d2c1503470 JavaThread "Unconstrained build operations Thread 28"        [_thread_blocked, id=21592, stack(0x00000011c7500000,0x00000011c7600000) (1024K)]
  0x000001d2c14ffff0 JavaThread "Unconstrained build operations Thread 29"        [_thread_blocked, id=23184, stack(0x00000011c7600000,0x00000011c7700000) (1024K)]
  0x000001d2c1503b00 JavaThread "Unconstrained build operations Thread 30"        [_thread_blocked, id=23856, stack(0x00000011c7700000,0x00000011c7800000) (1024K)]
  0x000001d2c1500680 JavaThread "Unconstrained build operations Thread 31"        [_thread_blocked, id=21048, stack(0x00000011c7800000,0x00000011c7900000) (1024K)]
  0x000001d2c1504190 JavaThread "Unconstrained build operations Thread 32"        [_thread_blocked, id=22532, stack(0x00000011c7900000,0x00000011c7a00000) (1024K)]
  0x000001d2c1504820 JavaThread "Unconstrained build operations Thread 33"        [_thread_blocked, id=22164, stack(0x00000011c7a00000,0x00000011c7b00000) (1024K)]
  0x000001d2c1504eb0 JavaThread "Unconstrained build operations Thread 34"        [_thread_blocked, id=22944, stack(0x00000011c7b00000,0x00000011c7c00000) (1024K)]
  0x000001d2c4a763b0 JavaThread "Unconstrained build operations Thread 35"        [_thread_blocked, id=20672, stack(0x00000011c7c00000,0x00000011c7d00000) (1024K)]
  0x000001d2c4a78480 JavaThread "Unconstrained build operations Thread 36"        [_thread_blocked, id=19232, stack(0x00000011c7d00000,0x00000011c7e00000) (1024K)]
  0x000001d2c4a770d0 JavaThread "Unconstrained build operations Thread 37"        [_thread_blocked, id=15760, stack(0x00000011c7e00000,0x00000011c7f00000) (1024K)]
  0x000001d2c4a77760 JavaThread "Unconstrained build operations Thread 38"        [_thread_blocked, id=24560, stack(0x00000011c7f00000,0x00000011c8000000) (1024K)]
  0x000001d2c4a75d20 JavaThread "Unconstrained build operations Thread 39"        [_thread_blocked, id=11176, stack(0x00000011c8000000,0x00000011c8100000) (1024K)]
  0x000001d2c4a78b10 JavaThread "build event listener"              [_thread_blocked, id=2748, stack(0x00000011c8100000,0x00000011c8200000) (1024K)]
  0x000001d2c4a7bf90 JavaThread "Memory manager"                    [_thread_blocked, id=20908, stack(0x00000011c5600000,0x00000011c5700000) (1024K)]
  0x000001d2c4a79ec0 JavaThread "File lock release action executor"        [_thread_blocked, id=15984, stack(0x00000011c8200000,0x00000011c8300000) (1024K)]
  0x000001d2c2309bb0 JavaThread "C2 CompilerThread1"         daemon [_thread_in_native, id=5564, stack(0x00000011c5900000,0x00000011c5a00000) (1024K)]
Total: 77

Other Threads:
  0x000001d2bb0083f0 VMThread "VM Thread"                           [id=10120, stack(0x00000011c2b00000,0x00000011c2c00000) (1024K)]
  0x000001d2a5df7730 WatcherThread "VM Periodic Task Thread"        [id=14800, stack(0x00000011c2a00000,0x00000011c2b00000) (1024K)]
  0x000001d29003a850 WorkerThread "GC Thread#0"                     [id=20420, stack(0x00000011c2500000,0x00000011c2600000) (1024K)]
  0x000001d2bb008f00 WorkerThread "GC Thread#1"                     [id=7652, stack(0x00000011c3800000,0x00000011c3900000) (1024K)]
  0x000001d2bb0087a0 WorkerThread "GC Thread#2"                     [id=12652, stack(0x00000011c3900000,0x00000011c3a00000) (1024K)]
  0x000001d2bb007c90 WorkerThread "GC Thread#3"                     [id=21700, stack(0x00000011c3a00000,0x00000011c3b00000) (1024K)]
  0x000001d2bb0092b0 WorkerThread "GC Thread#4"                     [id=20288, stack(0x00000011c3b00000,0x00000011c3c00000) (1024K)]
  0x000001d2bb008040 WorkerThread "GC Thread#5"                     [id=15104, stack(0x00000011c3c00000,0x00000011c3d00000) (1024K)]
  0x000001d2c01f9910 WorkerThread "GC Thread#6"                     [id=17072, stack(0x00000011c4a00000,0x00000011c4b00000) (1024K)]
  0x000001d2c01fbdf0 WorkerThread "GC Thread#7"                     [id=23168, stack(0x00000011c4b00000,0x00000011c4c00000) (1024K)]
  0x000001d2c01fc1a0 WorkerThread "GC Thread#8"                     [id=24116, stack(0x00000011c4c00000,0x00000011c4d00000) (1024K)]
  0x000001d2c01fc900 WorkerThread "GC Thread#9"                     [id=20048, stack(0x00000011c4d00000,0x00000011c4e00000) (1024K)]
  0x000001d29003f750 ConcurrentGCThread "G1 Main Marker"            [id=21664, stack(0x00000011c2600000,0x00000011c2700000) (1024K)]
  0x000001d290040ff0 WorkerThread "G1 Conc#0"                       [id=24200, stack(0x00000011c2700000,0x00000011c2800000) (1024K)]
  0x000001d2c01fc550 WorkerThread "G1 Conc#1"                       [id=19056, stack(0x00000011c4e00000,0x00000011c4f00000) (1024K)]
  0x000001d2c01f9cc0 WorkerThread "G1 Conc#2"                       [id=2236, stack(0x00000011c4f00000,0x00000011c5000000) (1024K)]
  0x000001d2a5cc0e80 ConcurrentGCThread "G1 Refine#0"               [id=20912, stack(0x00000011c2800000,0x00000011c2900000) (1024K)]
  0x000001d2a5cc26c0 ConcurrentGCThread "G1 Service"                [id=20024, stack(0x00000011c2900000,0x00000011c2a00000) (1024K)]
Total: 18

Threads with active compile tasks:
C2 CompilerThread0  14707 8273       4       org.gradle.internal.service.DefaultServiceRegistry$SingletonService::get (5 bytes)
C2 CompilerThread1  14707 8274   !   4       org.gradle.internal.service.DefaultServiceRegistry$ManagedObjectServiceProvider::getInstance (47 bytes)
Total: 2

VM state: not at safepoint (normal execution)

VM Mutex/Monitor currently owned by a thread: None

Heap address: 0x00000000e0000000, size: 512 MB, Compressed Oops mode: 32-bit

CDS archive(s) mapped at: [0x000001d2a6000000-0x000001d2a6ba0000-0x000001d2a6ba0000), size 12189696, SharedBaseAddress: 0x000001d2a6000000, ArchiveRelocationMode: 1.
Compressed class space mapped at: 0x000001d2a7000000-0x000001d2bb000000, reserved size: 335544320
Narrow klass base: 0x000001d2a6000000, Narrow klass shift: 0, Narrow klass range: 0x100000000

GC Precious Log:
 CardTable entry size: 512
 Card Set container configuration: InlinePtr #cards 5 size 8 Array Of Cards #cards 12 size 40 Howl #buckets 4 coarsen threshold 1843 Howl Bitmap #cards 512 size 80 coarsen threshold 460 Card regions per heap region 1 cards per card region 2048
 CPUs: 12 total, 12 available
 Memory: 16068M
 Large Page Support: Disabled
 NUMA Support: Disabled
 Compressed Oops: Enabled (32-bit)
 Heap Region Size: 1M
 Heap Min Capacity: 256M
 Heap Initial Capacity: 256M
 Heap Max Capacity: 512M
 Pre-touch: Disabled
 Parallel Workers: 10
 Concurrent Workers: 3
 Concurrent Refinement Workers: 10
 Periodic GC: Disabled

Heap:
 garbage-first heap   total 262144K, used 209287K [0x00000000e0000000, 0x0000000100000000)
  region size 1024K, 152 young (155648K), 3 survivors (3072K)
 Metaspace       used 69582K, committed 71808K, reserved 393216K
  class space    used 10259K, committed 11328K, reserved 327680K

Heap Regions: E=young(eden), S=young(survivor), O=old, HS=humongous(starts), HC=humongous(continues), CS=collection set, F=free, TAMS=top-at-mark-start, PB=parsable bottom
|   0|0x00000000e0000000, 0x00000000e0100000, 0x00000000e0100000|100%|HS|  |TAMS 0x00000000e0000000| PB 0x00000000e0000000| Complete 
|   1|0x00000000e0100000, 0x00000000e0200000, 0x00000000e0200000|100%|HC|  |TAMS 0x00000000e0100000| PB 0x00000000e0100000| Complete 
|   2|0x00000000e0200000, 0x00000000e0300000, 0x00000000e0300000|100%|HC|  |TAMS 0x00000000e0200000| PB 0x00000000e0200000| Complete 
|   3|0x00000000e0300000, 0x00000000e0400000, 0x00000000e0400000|100%| O|  |TAMS 0x00000000e0300000| PB 0x00000000e0300000| Untracked 
|   4|0x00000000e0400000, 0x00000000e0500000, 0x00000000e0500000|100%| O|  |TAMS 0x00000000e0400000| PB 0x00000000e0400000| Untracked 
|   5|0x00000000e0500000, 0x00000000e0600000, 0x00000000e0600000|100%| O|  |TAMS 0x00000000e0500000| PB 0x00000000e0500000| Untracked 
|   6|0x00000000e0600000, 0x00000000e0700000, 0x00000000e0700000|100%|HS|  |TAMS 0x00000000e0600000| PB 0x00000000e0600000| Complete 
|   7|0x00000000e0700000, 0x00000000e0800000, 0x00000000e0800000|100%| O|  |TAMS 0x00000000e0700000| PB 0x00000000e0700000| Untracked 
|   8|0x00000000e0800000, 0x00000000e0900000, 0x00000000e0900000|100%| O|  |TAMS 0x00000000e0800000| PB 0x00000000e0800000| Untracked 
|   9|0x00000000e0900000, 0x00000000e0a00000, 0x00000000e0a00000|100%| O|  |TAMS 0x00000000e0900000| PB 0x00000000e0900000| Untracked 
|  10|0x00000000e0a00000, 0x00000000e0b00000, 0x00000000e0b00000|100%| O|  |TAMS 0x00000000e0a00000| PB 0x00000000e0a00000| Untracked 
|  11|0x00000000e0b00000, 0x00000000e0c00000, 0x00000000e0c00000|100%| O|  |TAMS 0x00000000e0b00000| PB 0x00000000e0b00000| Untracked 
|  12|0x00000000e0c00000, 0x00000000e0d00000, 0x00000000e0d00000|100%| O|  |TAMS 0x00000000e0c00000| PB 0x00000000e0c00000| Untracked 
|  13|0x00000000e0d00000, 0x00000000e0e00000, 0x00000000e0e00000|100%| O|  |TAMS 0x00000000e0d00000| PB 0x00000000e0d00000| Untracked 
|  14|0x00000000e0e00000, 0x00000000e0f00000, 0x00000000e0f00000|100%| O|  |TAMS 0x00000000e0e00000| PB 0x00000000e0e00000| Untracked 
|  15|0x00000000e0f00000, 0x00000000e1000000, 0x00000000e1000000|100%| O|  |TAMS 0x00000000e0f00000| PB 0x00000000e0f00000| Untracked 
|  16|0x00000000e1000000, 0x00000000e1100000, 0x00000000e1100000|100%| O|  |TAMS 0x00000000e1000000| PB 0x00000000e1000000| Untracked 
|  17|0x00000000e1100000, 0x00000000e1200000, 0x00000000e1200000|100%| O|  |TAMS 0x00000000e1100000| PB 0x00000000e1100000| Untracked 
|  18|0x00000000e1200000, 0x00000000e1300000, 0x00000000e1300000|100%| O|  |TAMS 0x00000000e1200000| PB 0x00000000e1200000| Untracked 
|  19|0x00000000e1300000, 0x00000000e1400000, 0x00000000e1400000|100%| O|  |TAMS 0x00000000e1300000| PB 0x00000000e1300000| Untracked 
|  20|0x00000000e1400000, 0x00000000e1500000, 0x00000000e1500000|100%| O|  |TAMS 0x00000000e1400000| PB 0x00000000e1400000| Untracked 
|  21|0x00000000e1500000, 0x00000000e1600000, 0x00000000e1600000|100%| O|  |TAMS 0x00000000e1500000| PB 0x00000000e1500000| Untracked 
|  22|0x00000000e1600000, 0x00000000e1700000, 0x00000000e1700000|100%| O|  |TAMS 0x00000000e1600000| PB 0x00000000e1600000| Untracked 
|  23|0x00000000e1700000, 0x00000000e1800000, 0x00000000e1800000|100%| O|  |TAMS 0x00000000e1700000| PB 0x00000000e1700000| Untracked 
|  24|0x00000000e1800000, 0x00000000e1900000, 0x00000000e1900000|100%|HS|  |TAMS 0x00000000e1800000| PB 0x00000000e1800000| Complete 
|  25|0x00000000e1900000, 0x00000000e1a00000, 0x00000000e1a00000|100%|HC|  |TAMS 0x00000000e1900000| PB 0x00000000e1900000| Complete 
|  26|0x00000000e1a00000, 0x00000000e1b00000, 0x00000000e1b00000|100%|HC|  |TAMS 0x00000000e1a00000| PB 0x00000000e1a00000| Complete 
|  27|0x00000000e1b00000, 0x00000000e1c00000, 0x00000000e1c00000|100%|HS|  |TAMS 0x00000000e1b00000| PB 0x00000000e1b00000| Complete 
|  28|0x00000000e1c00000, 0x00000000e1d00000, 0x00000000e1d00000|100%|HC|  |TAMS 0x00000000e1c00000| PB 0x00000000e1c00000| Complete 
|  29|0x00000000e1d00000, 0x00000000e1e00000, 0x00000000e1e00000|100%|HC|  |TAMS 0x00000000e1d00000| PB 0x00000000e1d00000| Complete 
|  30|0x00000000e1e00000, 0x00000000e1f00000, 0x00000000e1f00000|100%| O|  |TAMS 0x00000000e1e00000| PB 0x00000000e1e00000| Untracked 
|  31|0x00000000e1f00000, 0x00000000e2000000, 0x00000000e2000000|100%| O|  |TAMS 0x00000000e1f00000| PB 0x00000000e1f00000| Untracked 
|  32|0x00000000e2000000, 0x00000000e2100000, 0x00000000e2100000|100%| O|  |TAMS 0x00000000e2000000| PB 0x00000000e2000000| Untracked 
|  33|0x00000000e2100000, 0x00000000e2200000, 0x00000000e2200000|100%| O|  |TAMS 0x00000000e2100000| PB 0x00000000e2100000| Untracked 
|  34|0x00000000e2200000, 0x00000000e2300000, 0x00000000e2300000|100%| O|Cm|TAMS 0x00000000e2200000| PB 0x00000000e2200000| Complete 
|  35|0x00000000e2300000, 0x00000000e2400000, 0x00000000e2400000|100%| O|  |TAMS 0x00000000e2300000| PB 0x00000000e2300000| Untracked 
|  36|0x00000000e2400000, 0x00000000e2500000, 0x00000000e2500000|100%| O|  |TAMS 0x00000000e2400000| PB 0x00000000e2400000| Untracked 
|  37|0x00000000e2500000, 0x00000000e2600000, 0x00000000e2600000|100%| O|  |TAMS 0x00000000e2500000| PB 0x00000000e2500000| Untracked 
|  38|0x00000000e2600000, 0x00000000e2700000, 0x00000000e2700000|100%| O|  |TAMS 0x00000000e2600000| PB 0x00000000e2600000| Untracked 
|  39|0x00000000e2700000, 0x00000000e2800000, 0x00000000e2800000|100%| O|  |TAMS 0x00000000e2700000| PB 0x00000000e2700000| Untracked 
|  40|0x00000000e2800000, 0x00000000e2900000, 0x00000000e2900000|100%| O|  |TAMS 0x00000000e2800000| PB 0x00000000e2800000| Untracked 
|  41|0x00000000e2900000, 0x00000000e2a00000, 0x00000000e2a00000|100%| O|  |TAMS 0x00000000e2900000| PB 0x00000000e2900000| Untracked 
|  42|0x00000000e2a00000, 0x00000000e2b00000, 0x00000000e2b00000|100%| O|  |TAMS 0x00000000e2a00000| PB 0x00000000e2a00000| Untracked 
|  43|0x00000000e2b00000, 0x00000000e2c00000, 0x00000000e2c00000|100%| O|  |TAMS 0x00000000e2b00000| PB 0x00000000e2b00000| Untracked 
|  44|0x00000000e2c00000, 0x00000000e2d00000, 0x00000000e2d00000|100%| O|  |TAMS 0x00000000e2c00000| PB 0x00000000e2c00000| Untracked 
|  45|0x00000000e2d00000, 0x00000000e2e00000, 0x00000000e2e00000|100%| O|  |TAMS 0x00000000e2d00000| PB 0x00000000e2d00000| Untracked 
|  46|0x00000000e2e00000, 0x00000000e2f00000, 0x00000000e2f00000|100%| O|  |TAMS 0x00000000e2e00000| PB 0x00000000e2e00000| Untracked 
|  47|0x00000000e2f00000, 0x00000000e3000000, 0x00000000e3000000|100%| O|  |TAMS 0x00000000e2f00000| PB 0x00000000e2f00000| Untracked 
|  48|0x00000000e3000000, 0x00000000e3100000, 0x00000000e3100000|100%| O|  |TAMS 0x00000000e3000000| PB 0x00000000e3000000| Untracked 
|  49|0x00000000e3100000, 0x00000000e3200000, 0x00000000e3200000|100%| O|  |TAMS 0x00000000e3100000| PB 0x00000000e3100000| Untracked 
|  50|0x00000000e3200000, 0x00000000e3300000, 0x00000000e3300000|100%| O|  |TAMS 0x00000000e3200000| PB 0x00000000e3200000| Untracked 
|  51|0x00000000e3300000, 0x00000000e3400000, 0x00000000e3400000|100%| O|  |TAMS 0x00000000e3300000| PB 0x00000000e3300000| Untracked 
|  52|0x00000000e3400000, 0x00000000e3500000, 0x00000000e3500000|100%| O|  |TAMS 0x00000000e3400000| PB 0x00000000e3400000| Untracked 
|  53|0x00000000e3500000, 0x00000000e3566620, 0x00000000e3600000| 39%| O|  |TAMS 0x00000000e3500000| PB 0x00000000e3500000| Untracked 
|  54|0x00000000e3600000, 0x00000000e3600000, 0x00000000e3700000|  0%| F|  |TAMS 0x00000000e3600000| PB 0x00000000e3600000| Untracked 
|  55|0x00000000e3700000, 0x00000000e3700000, 0x00000000e3800000|  0%| F|  |TAMS 0x00000000e3700000| PB 0x00000000e3700000| Untracked 
|  56|0x00000000e3800000, 0x00000000e3800000, 0x00000000e3900000|  0%| F|  |TAMS 0x00000000e3800000| PB 0x00000000e3800000| Untracked 
|  57|0x00000000e3900000, 0x00000000e3900000, 0x00000000e3a00000|  0%| F|  |TAMS 0x00000000e3900000| PB 0x00000000e3900000| Untracked 
|  58|0x00000000e3a00000, 0x00000000e3a00000, 0x00000000e3b00000|  0%| F|  |TAMS 0x00000000e3a00000| PB 0x00000000e3a00000| Untracked 
|  59|0x00000000e3b00000, 0x00000000e3b00000, 0x00000000e3c00000|  0%| F|  |TAMS 0x00000000e3b00000| PB 0x00000000e3b00000| Untracked 
|  60|0x00000000e3c00000, 0x00000000e3c00000, 0x00000000e3d00000|  0%| F|  |TAMS 0x00000000e3c00000| PB 0x00000000e3c00000| Untracked 
|  61|0x00000000e3d00000, 0x00000000e3d00000, 0x00000000e3e00000|  0%| F|  |TAMS 0x00000000e3d00000| PB 0x00000000e3d00000| Untracked 
|  62|0x00000000e3e00000, 0x00000000e3e00000, 0x00000000e3f00000|  0%| F|  |TAMS 0x00000000e3e00000| PB 0x00000000e3e00000| Untracked 
|  63|0x00000000e3f00000, 0x00000000e3f00000, 0x00000000e4000000|  0%| F|  |TAMS 0x00000000e3f00000| PB 0x00000000e3f00000| Untracked 
|  64|0x00000000e4000000, 0x00000000e4000000, 0x00000000e4100000|  0%| F|  |TAMS 0x00000000e4000000| PB 0x00000000e4000000| Untracked 
|  65|0x00000000e4100000, 0x00000000e4100000, 0x00000000e4200000|  0%| F|  |TAMS 0x00000000e4100000| PB 0x00000000e4100000| Untracked 
|  66|0x00000000e4200000, 0x00000000e4200000, 0x00000000e4300000|  0%| F|  |TAMS 0x00000000e4200000| PB 0x00000000e4200000| Untracked 
|  67|0x00000000e4300000, 0x00000000e4300000, 0x00000000e4400000|  0%| F|  |TAMS 0x00000000e4300000| PB 0x00000000e4300000| Untracked 
|  68|0x00000000e4400000, 0x00000000e4400000, 0x00000000e4500000|  0%| F|  |TAMS 0x00000000e4400000| PB 0x00000000e4400000| Untracked 
|  69|0x00000000e4500000, 0x00000000e4500000, 0x00000000e4600000|  0%| F|  |TAMS 0x00000000e4500000| PB 0x00000000e4500000| Untracked 
|  70|0x00000000e4600000, 0x00000000e4600000, 0x00000000e4700000|  0%| F|  |TAMS 0x00000000e4600000| PB 0x00000000e4600000| Untracked 
|  71|0x00000000e4700000, 0x00000000e4700000, 0x00000000e4800000|  0%| F|  |TAMS 0x00000000e4700000| PB 0x00000000e4700000| Untracked 
|  72|0x00000000e4800000, 0x00000000e4800000, 0x00000000e4900000|  0%| F|  |TAMS 0x00000000e4800000| PB 0x00000000e4800000| Untracked 
|  73|0x00000000e4900000, 0x00000000e4900000, 0x00000000e4a00000|  0%| F|  |TAMS 0x00000000e4900000| PB 0x00000000e4900000| Untracked 
|  74|0x00000000e4a00000, 0x00000000e4a00000, 0x00000000e4b00000|  0%| F|  |TAMS 0x00000000e4a00000| PB 0x00000000e4a00000| Untracked 
|  75|0x00000000e4b00000, 0x00000000e4b00000, 0x00000000e4c00000|  0%| F|  |TAMS 0x00000000e4b00000| PB 0x00000000e4b00000| Untracked 
|  76|0x00000000e4c00000, 0x00000000e4c00000, 0x00000000e4d00000|  0%| F|  |TAMS 0x00000000e4c00000| PB 0x00000000e4c00000| Untracked 
|  77|0x00000000e4d00000, 0x00000000e4d00000, 0x00000000e4e00000|  0%| F|  |TAMS 0x00000000e4d00000| PB 0x00000000e4d00000| Untracked 
|  78|0x00000000e4e00000, 0x00000000e4e00000, 0x00000000e4f00000|  0%| F|  |TAMS 0x00000000e4e00000| PB 0x00000000e4e00000| Untracked 
|  79|0x00000000e4f00000, 0x00000000e4f00000, 0x00000000e5000000|  0%| F|  |TAMS 0x00000000e4f00000| PB 0x00000000e4f00000| Untracked 
|  80|0x00000000e5000000, 0x00000000e5000000, 0x00000000e5100000|  0%| F|  |TAMS 0x00000000e5000000| PB 0x00000000e5000000| Untracked 
|  81|0x00000000e5100000, 0x00000000e5100000, 0x00000000e5200000|  0%| F|  |TAMS 0x00000000e5100000| PB 0x00000000e5100000| Untracked 
|  82|0x00000000e5200000, 0x00000000e5200000, 0x00000000e5300000|  0%| F|  |TAMS 0x00000000e5200000| PB 0x00000000e5200000| Untracked 
|  83|0x00000000e5300000, 0x00000000e5300000, 0x00000000e5400000|  0%| F|  |TAMS 0x00000000e5300000| PB 0x00000000e5300000| Untracked 
|  84|0x00000000e5400000, 0x00000000e5400000, 0x00000000e5500000|  0%| F|  |TAMS 0x00000000e5400000| PB 0x00000000e5400000| Untracked 
|  85|0x00000000e5500000, 0x00000000e5500000, 0x00000000e5600000|  0%| F|  |TAMS 0x00000000e5500000| PB 0x00000000e5500000| Untracked 
|  86|0x00000000e5600000, 0x00000000e5600000, 0x00000000e5700000|  0%| F|  |TAMS 0x00000000e5600000| PB 0x00000000e5600000| Untracked 
|  87|0x00000000e5700000, 0x00000000e5700000, 0x00000000e5800000|  0%| F|  |TAMS 0x00000000e5700000| PB 0x00000000e5700000| Untracked 
|  88|0x00000000e5800000, 0x00000000e5800000, 0x00000000e5900000|  0%| F|  |TAMS 0x00000000e5800000| PB 0x00000000e5800000| Untracked 
|  89|0x00000000e5900000, 0x00000000e5900000, 0x00000000e5a00000|  0%| F|  |TAMS 0x00000000e5900000| PB 0x00000000e5900000| Untracked 
|  90|0x00000000e5a00000, 0x00000000e5a00000, 0x00000000e5b00000|  0%| F|  |TAMS 0x00000000e5a00000| PB 0x00000000e5a00000| Untracked 
|  91|0x00000000e5b00000, 0x00000000e5b00000, 0x00000000e5c00000|  0%| F|  |TAMS 0x00000000e5b00000| PB 0x00000000e5b00000| Untracked 
|  92|0x00000000e5c00000, 0x00000000e5c00000, 0x00000000e5d00000|  0%| F|  |TAMS 0x00000000e5c00000| PB 0x00000000e5c00000| Untracked 
|  93|0x00000000e5d00000, 0x00000000e5d00000, 0x00000000e5e00000|  0%| F|  |TAMS 0x00000000e5d00000| PB 0x00000000e5d00000| Untracked 
|  94|0x00000000e5e00000, 0x00000000e5e00000, 0x00000000e5f00000|  0%| F|  |TAMS 0x00000000e5e00000| PB 0x00000000e5e00000| Untracked 
|  95|0x00000000e5f00000, 0x00000000e5f00000, 0x00000000e6000000|  0%| F|  |TAMS 0x00000000e5f00000| PB 0x00000000e5f00000| Untracked 
|  96|0x00000000e6000000, 0x00000000e6000000, 0x00000000e6100000|  0%| F|  |TAMS 0x00000000e6000000| PB 0x00000000e6000000| Untracked 
|  97|0x00000000e6100000, 0x00000000e6100000, 0x00000000e6200000|  0%| F|  |TAMS 0x00000000e6100000| PB 0x00000000e6100000| Untracked 
|  98|0x00000000e6200000, 0x00000000e6200000, 0x00000000e6300000|  0%| F|  |TAMS 0x00000000e6200000| PB 0x00000000e6200000| Untracked 
|  99|0x00000000e6300000, 0x00000000e6300000, 0x00000000e6400000|  0%| F|  |TAMS 0x00000000e6300000| PB 0x00000000e6300000| Untracked 
| 100|0x00000000e6400000, 0x00000000e6400000, 0x00000000e6500000|  0%| F|  |TAMS 0x00000000e6400000| PB 0x00000000e6400000| Untracked 
| 101|0x00000000e6500000, 0x00000000e6500000, 0x00000000e6600000|  0%| F|  |TAMS 0x00000000e6500000| PB 0x00000000e6500000| Untracked 
| 102|0x00000000e6600000, 0x00000000e6600000, 0x00000000e6700000|  0%| F|  |TAMS 0x00000000e6600000| PB 0x00000000e6600000| Untracked 
| 103|0x00000000e6700000, 0x00000000e6700000, 0x00000000e6800000|  0%| F|  |TAMS 0x00000000e6700000| PB 0x00000000e6700000| Untracked 
| 104|0x00000000e6800000, 0x00000000e6880000, 0x00000000e6900000| 50%| E|  |TAMS 0x00000000e6800000| PB 0x00000000e6800000| Complete 
| 105|0x00000000e6900000, 0x00000000e6a00000, 0x00000000e6a00000|100%| E|CS|TAMS 0x00000000e6900000| PB 0x00000000e6900000| Complete 
| 106|0x00000000e6a00000, 0x00000000e6b00000, 0x00000000e6b00000|100%| E|CS|TAMS 0x00000000e6a00000| PB 0x00000000e6a00000| Complete 
| 107|0x00000000e6b00000, 0x00000000e6c00000, 0x00000000e6c00000|100%| E|CS|TAMS 0x00000000e6b00000| PB 0x00000000e6b00000| Complete 
| 108|0x00000000e6c00000, 0x00000000e6d00000, 0x00000000e6d00000|100%| E|CS|TAMS 0x00000000e6c00000| PB 0x00000000e6c00000| Complete 
| 109|0x00000000e6d00000, 0x00000000e6e00000, 0x00000000e6e00000|100%| E|CS|TAMS 0x00000000e6d00000| PB 0x00000000e6d00000| Complete 
| 110|0x00000000e6e00000, 0x00000000e6f00000, 0x00000000e6f00000|100%| E|CS|TAMS 0x00000000e6e00000| PB 0x00000000e6e00000| Complete 
| 111|0x00000000e6f00000, 0x00000000e7000000, 0x00000000e7000000|100%| E|CS|TAMS 0x00000000e6f00000| PB 0x00000000e6f00000| Complete 
| 112|0x00000000e7000000, 0x00000000e7100000, 0x00000000e7100000|100%| E|CS|TAMS 0x00000000e7000000| PB 0x00000000e7000000| Complete 
| 113|0x00000000e7100000, 0x00000000e7200000, 0x00000000e7200000|100%| E|CS|TAMS 0x00000000e7100000| PB 0x00000000e7100000| Complete 
| 114|0x00000000e7200000, 0x00000000e7300000, 0x00000000e7300000|100%| E|CS|TAMS 0x00000000e7200000| PB 0x00000000e7200000| Complete 
| 115|0x00000000e7300000, 0x00000000e7400000, 0x00000000e7400000|100%| E|CS|TAMS 0x00000000e7300000| PB 0x00000000e7300000| Complete 
| 116|0x00000000e7400000, 0x00000000e7500000, 0x00000000e7500000|100%| E|CS|TAMS 0x00000000e7400000| PB 0x00000000e7400000| Complete 
| 117|0x00000000e7500000, 0x00000000e7600000, 0x00000000e7600000|100%| E|CS|TAMS 0x00000000e7500000| PB 0x00000000e7500000| Complete 
| 118|0x00000000e7600000, 0x00000000e7700000, 0x00000000e7700000|100%| E|CS|TAMS 0x00000000e7600000| PB 0x00000000e7600000| Complete 
| 119|0x00000000e7700000, 0x00000000e7800000, 0x00000000e7800000|100%| E|CS|TAMS 0x00000000e7700000| PB 0x00000000e7700000| Complete 
| 120|0x00000000e7800000, 0x00000000e7900000, 0x00000000e7900000|100%| E|CS|TAMS 0x00000000e7800000| PB 0x00000000e7800000| Complete 
| 121|0x00000000e7900000, 0x00000000e7a00000, 0x00000000e7a00000|100%| E|CS|TAMS 0x00000000e7900000| PB 0x00000000e7900000| Complete 
| 122|0x00000000e7a00000, 0x00000000e7b00000, 0x00000000e7b00000|100%| E|CS|TAMS 0x00000000e7a00000| PB 0x00000000e7a00000| Complete 
| 123|0x00000000e7b00000, 0x00000000e7c00000, 0x00000000e7c00000|100%| E|CS|TAMS 0x00000000e7b00000| PB 0x00000000e7b00000| Complete 
| 124|0x00000000e7c00000, 0x00000000e7d00000, 0x00000000e7d00000|100%| E|CS|TAMS 0x00000000e7c00000| PB 0x00000000e7c00000| Complete 
| 125|0x00000000e7d00000, 0x00000000e7e00000, 0x00000000e7e00000|100%| E|CS|TAMS 0x00000000e7d00000| PB 0x00000000e7d00000| Complete 
| 126|0x00000000e7e00000, 0x00000000e7f00000, 0x00000000e7f00000|100%| E|CS|TAMS 0x00000000e7e00000| PB 0x00000000e7e00000| Complete 
| 127|0x00000000e7f00000, 0x00000000e8000000, 0x00000000e8000000|100%| E|CS|TAMS 0x00000000e7f00000| PB 0x00000000e7f00000| Complete 
| 128|0x00000000e8000000, 0x00000000e8100000, 0x00000000e8100000|100%| E|CS|TAMS 0x00000000e8000000| PB 0x00000000e8000000| Complete 
| 129|0x00000000e8100000, 0x00000000e8200000, 0x00000000e8200000|100%| E|CS|TAMS 0x00000000e8100000| PB 0x00000000e8100000| Complete 
| 130|0x00000000e8200000, 0x00000000e8300000, 0x00000000e8300000|100%| E|CS|TAMS 0x00000000e8200000| PB 0x00000000e8200000| Complete 
| 131|0x00000000e8300000, 0x00000000e8400000, 0x00000000e8400000|100%| E|CS|TAMS 0x00000000e8300000| PB 0x00000000e8300000| Complete 
| 132|0x00000000e8400000, 0x00000000e8500000, 0x00000000e8500000|100%| E|CS|TAMS 0x00000000e8400000| PB 0x00000000e8400000| Complete 
| 133|0x00000000e8500000, 0x00000000e8600000, 0x00000000e8600000|100%| E|CS|TAMS 0x00000000e8500000| PB 0x00000000e8500000| Complete 
| 134|0x00000000e8600000, 0x00000000e8700000, 0x00000000e8700000|100%| E|CS|TAMS 0x00000000e8600000| PB 0x00000000e8600000| Complete 
| 135|0x00000000e8700000, 0x00000000e8800000, 0x00000000e8800000|100%| E|CS|TAMS 0x00000000e8700000| PB 0x00000000e8700000| Complete 
| 136|0x00000000e8800000, 0x00000000e8900000, 0x00000000e8900000|100%| E|CS|TAMS 0x00000000e8800000| PB 0x00000000e8800000| Complete 
| 137|0x00000000e8900000, 0x00000000e8a00000, 0x00000000e8a00000|100%| E|CS|TAMS 0x00000000e8900000| PB 0x00000000e8900000| Complete 
| 138|0x00000000e8a00000, 0x00000000e8b00000, 0x00000000e8b00000|100%| E|CS|TAMS 0x00000000e8a00000| PB 0x00000000e8a00000| Complete 
| 139|0x00000000e8b00000, 0x00000000e8c00000, 0x00000000e8c00000|100%| E|CS|TAMS 0x00000000e8b00000| PB 0x00000000e8b00000| Complete 
| 140|0x00000000e8c00000, 0x00000000e8d00000, 0x00000000e8d00000|100%| E|CS|TAMS 0x00000000e8c00000| PB 0x00000000e8c00000| Complete 
| 141|0x00000000e8d00000, 0x00000000e8e00000, 0x00000000e8e00000|100%| E|CS|TAMS 0x00000000e8d00000| PB 0x00000000e8d00000| Complete 
| 142|0x00000000e8e00000, 0x00000000e8f00000, 0x00000000e8f00000|100%| E|CS|TAMS 0x00000000e8e00000| PB 0x00000000e8e00000| Complete 
| 143|0x00000000e8f00000, 0x00000000e9000000, 0x00000000e9000000|100%| E|CS|TAMS 0x00000000e8f00000| PB 0x00000000e8f00000| Complete 
| 144|0x00000000e9000000, 0x00000000e9100000, 0x00000000e9100000|100%| E|CS|TAMS 0x00000000e9000000| PB 0x00000000e9000000| Complete 
| 145|0x00000000e9100000, 0x00000000e9200000, 0x00000000e9200000|100%| E|CS|TAMS 0x00000000e9100000| PB 0x00000000e9100000| Complete 
| 146|0x00000000e9200000, 0x00000000e9300000, 0x00000000e9300000|100%| E|CS|TAMS 0x00000000e9200000| PB 0x00000000e9200000| Complete 
| 147|0x00000000e9300000, 0x00000000e9400000, 0x00000000e9400000|100%| E|CS|TAMS 0x00000000e9300000| PB 0x00000000e9300000| Complete 
| 148|0x00000000e9400000, 0x00000000e9500000, 0x00000000e9500000|100%| E|CS|TAMS 0x00000000e9400000| PB 0x00000000e9400000| Complete 
| 149|0x00000000e9500000, 0x00000000e9600000, 0x00000000e9600000|100%| E|CS|TAMS 0x00000000e9500000| PB 0x00000000e9500000| Complete 
| 150|0x00000000e9600000, 0x00000000e9700000, 0x00000000e9700000|100%| E|CS|TAMS 0x00000000e9600000| PB 0x00000000e9600000| Complete 
| 151|0x00000000e9700000, 0x00000000e9800000, 0x00000000e9800000|100%| E|CS|TAMS 0x00000000e9700000| PB 0x00000000e9700000| Complete 
| 152|0x00000000e9800000, 0x00000000e9900000, 0x00000000e9900000|100%| E|CS|TAMS 0x00000000e9800000| PB 0x00000000e9800000| Complete 
| 153|0x00000000e9900000, 0x00000000e9a00000, 0x00000000e9a00000|100%| E|CS|TAMS 0x00000000e9900000| PB 0x00000000e9900000| Complete 
| 154|0x00000000e9a00000, 0x00000000e9b00000, 0x00000000e9b00000|100%| E|CS|TAMS 0x00000000e9a00000| PB 0x00000000e9a00000| Complete 
| 155|0x00000000e9b00000, 0x00000000e9c00000, 0x00000000e9c00000|100%| E|CS|TAMS 0x00000000e9b00000| PB 0x00000000e9b00000| Complete 
| 156|0x00000000e9c00000, 0x00000000e9d00000, 0x00000000e9d00000|100%| E|CS|TAMS 0x00000000e9c00000| PB 0x00000000e9c00000| Complete 
| 157|0x00000000e9d00000, 0x00000000e9e00000, 0x00000000e9e00000|100%| E|CS|TAMS 0x00000000e9d00000| PB 0x00000000e9d00000| Complete 
| 158|0x00000000e9e00000, 0x00000000e9f00000, 0x00000000e9f00000|100%| E|CS|TAMS 0x00000000e9e00000| PB 0x00000000e9e00000| Complete 
| 159|0x00000000e9f00000, 0x00000000ea000000, 0x00000000ea000000|100%| E|CS|TAMS 0x00000000e9f00000| PB 0x00000000e9f00000| Complete 
| 160|0x00000000ea000000, 0x00000000ea100000, 0x00000000ea100000|100%| E|CS|TAMS 0x00000000ea000000| PB 0x00000000ea000000| Complete 
| 161|0x00000000ea100000, 0x00000000ea200000, 0x00000000ea200000|100%| E|CS|TAMS 0x00000000ea100000| PB 0x00000000ea100000| Complete 
| 162|0x00000000ea200000, 0x00000000ea300000, 0x00000000ea300000|100%| E|CS|TAMS 0x00000000ea200000| PB 0x00000000ea200000| Complete 
| 163|0x00000000ea300000, 0x00000000ea400000, 0x00000000ea400000|100%| E|CS|TAMS 0x00000000ea300000| PB 0x00000000ea300000| Complete 
| 164|0x00000000ea400000, 0x00000000ea500000, 0x00000000ea500000|100%| E|CS|TAMS 0x00000000ea400000| PB 0x00000000ea400000| Complete 
| 165|0x00000000ea500000, 0x00000000ea600000, 0x00000000ea600000|100%| E|CS|TAMS 0x00000000ea500000| PB 0x00000000ea500000| Complete 
| 166|0x00000000ea600000, 0x00000000ea700000, 0x00000000ea700000|100%| E|CS|TAMS 0x00000000ea600000| PB 0x00000000ea600000| Complete 
| 167|0x00000000ea700000, 0x00000000ea800000, 0x00000000ea800000|100%| E|CS|TAMS 0x00000000ea700000| PB 0x00000000ea700000| Complete 
| 168|0x00000000ea800000, 0x00000000ea900000, 0x00000000ea900000|100%| E|CS|TAMS 0x00000000ea800000| PB 0x00000000ea800000| Complete 
| 169|0x00000000ea900000, 0x00000000eaa00000, 0x00000000eaa00000|100%| E|CS|TAMS 0x00000000ea900000| PB 0x00000000ea900000| Complete 
| 170|0x00000000eaa00000, 0x00000000eab00000, 0x00000000eab00000|100%| E|CS|TAMS 0x00000000eaa00000| PB 0x00000000eaa00000| Complete 
| 171|0x00000000eab00000, 0x00000000eac00000, 0x00000000eac00000|100%| E|CS|TAMS 0x00000000eab00000| PB 0x00000000eab00000| Complete 
| 172|0x00000000eac00000, 0x00000000ead00000, 0x00000000ead00000|100%| E|CS|TAMS 0x00000000eac00000| PB 0x00000000eac00000| Complete 
| 173|0x00000000ead00000, 0x00000000eae00000, 0x00000000eae00000|100%| E|CS|TAMS 0x00000000ead00000| PB 0x00000000ead00000| Complete 
| 174|0x00000000eae00000, 0x00000000eaf00000, 0x00000000eaf00000|100%| E|CS|TAMS 0x00000000eae00000| PB 0x00000000eae00000| Complete 
| 175|0x00000000eaf00000, 0x00000000eb000000, 0x00000000eb000000|100%| E|CS|TAMS 0x00000000eaf00000| PB 0x00000000eaf00000| Complete 
| 176|0x00000000eb000000, 0x00000000eb100000, 0x00000000eb100000|100%| E|CS|TAMS 0x00000000eb000000| PB 0x00000000eb000000| Complete 
| 177|0x00000000eb100000, 0x00000000eb200000, 0x00000000eb200000|100%| E|CS|TAMS 0x00000000eb100000| PB 0x00000000eb100000| Complete 
| 178|0x00000000eb200000, 0x00000000eb300000, 0x00000000eb300000|100%| E|CS|TAMS 0x00000000eb200000| PB 0x00000000eb200000| Complete 
| 179|0x00000000eb300000, 0x00000000eb400000, 0x00000000eb400000|100%| E|CS|TAMS 0x00000000eb300000| PB 0x00000000eb300000| Complete 
| 180|0x00000000eb400000, 0x00000000eb500000, 0x00000000eb500000|100%| E|CS|TAMS 0x00000000eb400000| PB 0x00000000eb400000| Complete 
| 181|0x00000000eb500000, 0x00000000eb600000, 0x00000000eb600000|100%| E|CS|TAMS 0x00000000eb500000| PB 0x00000000eb500000| Complete 
| 182|0x00000000eb600000, 0x00000000eb700000, 0x00000000eb700000|100%| E|CS|TAMS 0x00000000eb600000| PB 0x00000000eb600000| Complete 
| 183|0x00000000eb700000, 0x00000000eb800000, 0x00000000eb800000|100%| E|CS|TAMS 0x00000000eb700000| PB 0x00000000eb700000| Complete 
| 184|0x00000000eb800000, 0x00000000eb900000, 0x00000000eb900000|100%| E|CS|TAMS 0x00000000eb800000| PB 0x00000000eb800000| Complete 
| 185|0x00000000eb900000, 0x00000000eba00000, 0x00000000eba00000|100%| E|CS|TAMS 0x00000000eb900000| PB 0x00000000eb900000| Complete 
| 186|0x00000000eba00000, 0x00000000ebb00000, 0x00000000ebb00000|100%| E|CS|TAMS 0x00000000eba00000| PB 0x00000000eba00000| Complete 
| 187|0x00000000ebb00000, 0x00000000ebc00000, 0x00000000ebc00000|100%| E|CS|TAMS 0x00000000ebb00000| PB 0x00000000ebb00000| Complete 
| 188|0x00000000ebc00000, 0x00000000ebd00000, 0x00000000ebd00000|100%| E|CS|TAMS 0x00000000ebc00000| PB 0x00000000ebc00000| Complete 
| 189|0x00000000ebd00000, 0x00000000ebe00000, 0x00000000ebe00000|100%| E|CS|TAMS 0x00000000ebd00000| PB 0x00000000ebd00000| Complete 
| 190|0x00000000ebe00000, 0x00000000ebf00000, 0x00000000ebf00000|100%| E|CS|TAMS 0x00000000ebe00000| PB 0x00000000ebe00000| Complete 
| 191|0x00000000ebf00000, 0x00000000ec000000, 0x00000000ec000000|100%| E|CS|TAMS 0x00000000ebf00000| PB 0x00000000ebf00000| Complete 
| 192|0x00000000ec000000, 0x00000000ec100000, 0x00000000ec100000|100%| E|CS|TAMS 0x00000000ec000000| PB 0x00000000ec000000| Complete 
| 193|0x00000000ec100000, 0x00000000ec200000, 0x00000000ec200000|100%| E|CS|TAMS 0x00000000ec100000| PB 0x00000000ec100000| Complete 
| 194|0x00000000ec200000, 0x00000000ec300000, 0x00000000ec300000|100%| E|CS|TAMS 0x00000000ec200000| PB 0x00000000ec200000| Complete 
| 195|0x00000000ec300000, 0x00000000ec400000, 0x00000000ec400000|100%| E|CS|TAMS 0x00000000ec300000| PB 0x00000000ec300000| Complete 
| 196|0x00000000ec400000, 0x00000000ec500000, 0x00000000ec500000|100%| E|CS|TAMS 0x00000000ec400000| PB 0x00000000ec400000| Complete 
| 197|0x00000000ec500000, 0x00000000ec600000, 0x00000000ec600000|100%| E|CS|TAMS 0x00000000ec500000| PB 0x00000000ec500000| Complete 
| 198|0x00000000ec600000, 0x00000000ec700000, 0x00000000ec700000|100%| E|CS|TAMS 0x00000000ec600000| PB 0x00000000ec600000| Complete 
| 199|0x00000000ec700000, 0x00000000ec800000, 0x00000000ec800000|100%| E|CS|TAMS 0x00000000ec700000| PB 0x00000000ec700000| Complete 
| 200|0x00000000ec800000, 0x00000000ec900000, 0x00000000ec900000|100%| E|CS|TAMS 0x00000000ec800000| PB 0x00000000ec800000| Complete 
| 201|0x00000000ec900000, 0x00000000eca00000, 0x00000000eca00000|100%| E|CS|TAMS 0x00000000ec900000| PB 0x00000000ec900000| Complete 
| 202|0x00000000eca00000, 0x00000000ecb00000, 0x00000000ecb00000|100%| E|CS|TAMS 0x00000000eca00000| PB 0x00000000eca00000| Complete 
| 203|0x00000000ecb00000, 0x00000000ecc00000, 0x00000000ecc00000|100%| E|CS|TAMS 0x00000000ecb00000| PB 0x00000000ecb00000| Complete 
| 204|0x00000000ecc00000, 0x00000000ecd00000, 0x00000000ecd00000|100%| E|CS|TAMS 0x00000000ecc00000| PB 0x00000000ecc00000| Complete 
| 205|0x00000000ecd00000, 0x00000000ece00000, 0x00000000ece00000|100%| E|CS|TAMS 0x00000000ecd00000| PB 0x00000000ecd00000| Complete 
| 206|0x00000000ece00000, 0x00000000ecf00000, 0x00000000ecf00000|100%| E|CS|TAMS 0x00000000ece00000| PB 0x00000000ece00000| Complete 
| 207|0x00000000ecf00000, 0x00000000ed000000, 0x00000000ed000000|100%| E|CS|TAMS 0x00000000ecf00000| PB 0x00000000ecf00000| Complete 
| 208|0x00000000ed000000, 0x00000000ed100000, 0x00000000ed100000|100%| E|CS|TAMS 0x00000000ed000000| PB 0x00000000ed000000| Complete 
| 209|0x00000000ed100000, 0x00000000ed200000, 0x00000000ed200000|100%| E|CS|TAMS 0x00000000ed100000| PB 0x00000000ed100000| Complete 
| 210|0x00000000ed200000, 0x00000000ed300000, 0x00000000ed300000|100%| E|CS|TAMS 0x00000000ed200000| PB 0x00000000ed200000| Complete 
| 211|0x00000000ed300000, 0x00000000ed400000, 0x00000000ed400000|100%| E|CS|TAMS 0x00000000ed300000| PB 0x00000000ed300000| Complete 
| 212|0x00000000ed400000, 0x00000000ed500000, 0x00000000ed500000|100%| E|CS|TAMS 0x00000000ed400000| PB 0x00000000ed400000| Complete 
| 213|0x00000000ed500000, 0x00000000ed600000, 0x00000000ed600000|100%| E|CS|TAMS 0x00000000ed500000| PB 0x00000000ed500000| Complete 
| 214|0x00000000ed600000, 0x00000000ed700000, 0x00000000ed700000|100%| E|CS|TAMS 0x00000000ed600000| PB 0x00000000ed600000| Complete 
| 215|0x00000000ed700000, 0x00000000ed800000, 0x00000000ed800000|100%| E|CS|TAMS 0x00000000ed700000| PB 0x00000000ed700000| Complete 
| 216|0x00000000ed800000, 0x00000000ed900000, 0x00000000ed900000|100%| E|CS|TAMS 0x00000000ed800000| PB 0x00000000ed800000| Complete 
| 217|0x00000000ed900000, 0x00000000eda00000, 0x00000000eda00000|100%| E|CS|TAMS 0x00000000ed900000| PB 0x00000000ed900000| Complete 
| 218|0x00000000eda00000, 0x00000000edb00000, 0x00000000edb00000|100%| E|CS|TAMS 0x00000000eda00000| PB 0x00000000eda00000| Complete 
| 219|0x00000000edb00000, 0x00000000edc00000, 0x00000000edc00000|100%| E|CS|TAMS 0x00000000edb00000| PB 0x00000000edb00000| Complete 
| 220|0x00000000edc00000, 0x00000000edd00000, 0x00000000edd00000|100%| E|CS|TAMS 0x00000000edc00000| PB 0x00000000edc00000| Complete 
| 221|0x00000000edd00000, 0x00000000ede00000, 0x00000000ede00000|100%| E|CS|TAMS 0x00000000edd00000| PB 0x00000000edd00000| Complete 
| 222|0x00000000ede00000, 0x00000000edf00000, 0x00000000edf00000|100%| E|CS|TAMS 0x00000000ede00000| PB 0x00000000ede00000| Complete 
| 223|0x00000000edf00000, 0x00000000ee000000, 0x00000000ee000000|100%| E|CS|TAMS 0x00000000edf00000| PB 0x00000000edf00000| Complete 
| 224|0x00000000ee000000, 0x00000000ee100000, 0x00000000ee100000|100%| E|CS|TAMS 0x00000000ee000000| PB 0x00000000ee000000| Complete 
| 225|0x00000000ee100000, 0x00000000ee200000, 0x00000000ee200000|100%| E|CS|TAMS 0x00000000ee100000| PB 0x00000000ee100000| Complete 
| 226|0x00000000ee200000, 0x00000000ee300000, 0x00000000ee300000|100%| E|CS|TAMS 0x00000000ee200000| PB 0x00000000ee200000| Complete 
| 227|0x00000000ee300000, 0x00000000ee400000, 0x00000000ee400000|100%| E|CS|TAMS 0x00000000ee300000| PB 0x00000000ee300000| Complete 
| 228|0x00000000ee400000, 0x00000000ee500000, 0x00000000ee500000|100%| E|CS|TAMS 0x00000000ee400000| PB 0x00000000ee400000| Complete 
| 229|0x00000000ee500000, 0x00000000ee600000, 0x00000000ee600000|100%| E|CS|TAMS 0x00000000ee500000| PB 0x00000000ee500000| Complete 
| 230|0x00000000ee600000, 0x00000000ee700000, 0x00000000ee700000|100%| E|CS|TAMS 0x00000000ee600000| PB 0x00000000ee600000| Complete 
| 231|0x00000000ee700000, 0x00000000ee800000, 0x00000000ee800000|100%| E|CS|TAMS 0x00000000ee700000| PB 0x00000000ee700000| Complete 
| 232|0x00000000ee800000, 0x00000000ee900000, 0x00000000ee900000|100%| E|CS|TAMS 0x00000000ee800000| PB 0x00000000ee800000| Complete 
| 233|0x00000000ee900000, 0x00000000eea00000, 0x00000000eea00000|100%| E|CS|TAMS 0x00000000ee900000| PB 0x00000000ee900000| Complete 
| 234|0x00000000eea00000, 0x00000000eeb00000, 0x00000000eeb00000|100%| E|CS|TAMS 0x00000000eea00000| PB 0x00000000eea00000| Complete 
| 235|0x00000000eeb00000, 0x00000000eec00000, 0x00000000eec00000|100%| E|CS|TAMS 0x00000000eeb00000| PB 0x00000000eeb00000| Complete 
| 236|0x00000000eec00000, 0x00000000eed00000, 0x00000000eed00000|100%| E|CS|TAMS 0x00000000eec00000| PB 0x00000000eec00000| Complete 
| 237|0x00000000eed00000, 0x00000000eee00000, 0x00000000eee00000|100%| E|CS|TAMS 0x00000000eed00000| PB 0x00000000eed00000| Complete 
| 238|0x00000000eee00000, 0x00000000eef00000, 0x00000000eef00000|100%| E|CS|TAMS 0x00000000eee00000| PB 0x00000000eee00000| Complete 
| 239|0x00000000eef00000, 0x00000000ef000000, 0x00000000ef000000|100%| E|CS|TAMS 0x00000000eef00000| PB 0x00000000eef00000| Complete 
| 240|0x00000000ef000000, 0x00000000ef100000, 0x00000000ef100000|100%| E|CS|TAMS 0x00000000ef000000| PB 0x00000000ef000000| Complete 
| 241|0x00000000ef100000, 0x00000000ef200000, 0x00000000ef200000|100%| E|CS|TAMS 0x00000000ef100000| PB 0x00000000ef100000| Complete 
| 242|0x00000000ef200000, 0x00000000ef300000, 0x00000000ef300000|100%| E|CS|TAMS 0x00000000ef200000| PB 0x00000000ef200000| Complete 
| 243|0x00000000ef300000, 0x00000000ef400000, 0x00000000ef400000|100%| E|CS|TAMS 0x00000000ef300000| PB 0x00000000ef300000| Complete 
| 244|0x00000000ef400000, 0x00000000ef500000, 0x00000000ef500000|100%| E|CS|TAMS 0x00000000ef400000| PB 0x00000000ef400000| Complete 
| 245|0x00000000ef500000, 0x00000000ef600000, 0x00000000ef600000|100%| E|CS|TAMS 0x00000000ef500000| PB 0x00000000ef500000| Complete 
| 246|0x00000000ef600000, 0x00000000ef700000, 0x00000000ef700000|100%| E|CS|TAMS 0x00000000ef600000| PB 0x00000000ef600000| Complete 
| 247|0x00000000ef700000, 0x00000000ef800000, 0x00000000ef800000|100%| E|CS|TAMS 0x00000000ef700000| PB 0x00000000ef700000| Complete 
| 248|0x00000000ef800000, 0x00000000ef8fb958, 0x00000000ef900000| 98%| S|CS|TAMS 0x00000000ef800000| PB 0x00000000ef800000| Complete 
| 249|0x00000000ef900000, 0x00000000efa00000, 0x00000000efa00000|100%| S|CS|TAMS 0x00000000ef900000| PB 0x00000000ef900000| Complete 
| 250|0x00000000efa00000, 0x00000000efb00000, 0x00000000efb00000|100%| S|CS|TAMS 0x00000000efa00000| PB 0x00000000efa00000| Complete 
| 251|0x00000000efb00000, 0x00000000efc00000, 0x00000000efc00000|100%| E|CS|TAMS 0x00000000efb00000| PB 0x00000000efb00000| Complete 
| 252|0x00000000efc00000, 0x00000000efd00000, 0x00000000efd00000|100%| E|CS|TAMS 0x00000000efc00000| PB 0x00000000efc00000| Complete 
| 253|0x00000000efd00000, 0x00000000efe00000, 0x00000000efe00000|100%| E|CS|TAMS 0x00000000efd00000| PB 0x00000000efd00000| Complete 
| 254|0x00000000efe00000, 0x00000000eff00000, 0x00000000eff00000|100%| E|CS|TAMS 0x00000000efe00000| PB 0x00000000efe00000| Complete 
| 255|0x00000000eff00000, 0x00000000f0000000, 0x00000000f0000000|100%| E|CS|TAMS 0x00000000eff00000| PB 0x00000000eff00000| Complete 

Card table byte_map: [0x000001d2a2860000,0x000001d2a2960000] _byte_map_base: 0x000001d2a2160000

Marking Bits: (CMBitMap*) 0x000001d29003ae70
 Bits: [0x000001d2a2960000, 0x000001d2a3160000)

Polling page: 0x000001d28de00000

Metaspace:

Usage:
  Non-class:     57.97 MB used.
      Class:     10.03 MB used.
       Both:     68.00 MB used.

Virtual space:
  Non-class space:       64.00 MB reserved,      59.12 MB ( 92%) committed,  1 nodes.
      Class space:      320.00 MB reserved,      11.12 MB (  3%) committed,  1 nodes.
             Both:      384.00 MB reserved,      70.25 MB ( 18%) committed. 

Chunk freelists:
   Non-Class:  4.68 MB
       Class:  4.87 MB
        Both:  9.55 MB

MaxMetaspaceSize: 384.00 MB
CompressedClassSpaceSize: 320.00 MB
Initial GC threshold: 21.00 MB
Current GC threshold: 100.12 MB
CDS: on
 - commit_granule_bytes: 65536.
 - commit_granule_words: 8192.
 - virtual_space_node_default_size: 8388608.
 - enlarge_chunks_in_place: 1.
 - use_allocation_guard: 0.


Internal statistics:

num_allocs_failed_limit: 18.
num_arena_births: 4014.
num_arena_deaths: 0.
num_vsnodes_births: 2.
num_vsnodes_deaths: 0.
num_space_committed: 1124.
num_space_uncommitted: 0.
num_chunks_returned_to_freelist: 18.
num_chunks_taken_from_freelist: 7513.
num_chunk_merges: 12.
num_chunk_splits: 4835.
num_chunks_enlarged: 2881.
num_inconsistent_stats: 0.

CodeHeap 'non-profiled nmethods': size=120000Kb used=4913Kb max_used=4913Kb free=115087Kb
 bounds [0x000001d29ace0000, 0x000001d29b1b0000, 0x000001d2a2210000]
CodeHeap 'profiled nmethods': size=120000Kb used=14862Kb max_used=14862Kb free=105137Kb
 bounds [0x000001d293210000, 0x000001d2940a0000, 0x000001d29a740000]
CodeHeap 'non-nmethods': size=5760Kb used=1953Kb max_used=2021Kb free=3807Kb
 bounds [0x000001d29a740000, 0x000001d29a9b0000, 0x000001d29ace0000]
CodeCache: size=245760Kb, used=21728Kb, max_used=21796Kb, free=224031Kb
 total_blobs=8585, nmethods=7771, adapters=718, full_count=0
Compilation: enabled, stopped_count=0, restarted_count=0

Compilation events (20 events):
Event: 14.635 Thread 0x000001d2bb037b50 8372       3       org.gradle.tooling.internal.provider.runner.PluginApplicationTracker::finished (1 bytes)
Event: 14.635 Thread 0x000001d2bb037b50 nmethod 8372 0x000001d294065410 code [0x000001d2940655a0, 0x000001d2940656a8]
Event: 14.635 Thread 0x000001d2bb037b50 8371   !   3       org.gradle.internal.code.DefaultUserCodeApplicationContext$CurrentApplication$1::execute (79 bytes)
Event: 14.636 Thread 0x000001d2bb037b50 nmethod 8371 0x000001d294065710 code [0x000001d294065940, 0x000001d294066048]
Event: 14.636 Thread 0x000001d2bb037b50 8373       3       org.gradle.tooling.internal.provider.runner.TaskOriginTracker::finished (1 bytes)
Event: 14.636 Thread 0x000001d2bb037b50 nmethod 8373 0x000001d294066390 code [0x000001d294066520, 0x000001d294066628]
Event: 14.636 Thread 0x000001d2bb037b50 8369       1       org.jetbrains.kotlin.gradle.plugin.sources.DefaultKotlinSourceSet::getName (5 bytes)
Event: 14.636 Thread 0x000001d2bb037b50 nmethod 8369 0x000001d29b1a4610 code [0x000001d29b1a47a0, 0x000001d29b1a4868]
Event: 14.638 Thread 0x000001d2bb037b50 8376       3       kotlin.coroutines.jvm.internal.SuspendLambda::<init> (11 bytes)
Event: 14.638 Thread 0x000001d2bb037b50 nmethod 8376 0x000001d294066690 code [0x000001d294066860, 0x000001d294066d00]
Event: 14.640 Thread 0x000001d2bb037b50 8377       3       java.nio.charset.CharsetDecoder::reset (11 bytes)
Event: 14.641 Thread 0x000001d2bb037b50 nmethod 8377 0x000001d294066e90 code [0x000001d294067040, 0x000001d294067230]
Event: 14.641 Thread 0x000001d2bb037b50 8378       3       java.nio.charset.CharsetDecoder::implReset (1 bytes)
Event: 14.641 Thread 0x000001d2bb037b50 nmethod 8378 0x000001d294067310 code [0x000001d2940674a0, 0x000001d2940675a8]
Event: 14.641 Thread 0x000001d2bb037b50 8379       3       org.gradle.api.internal.artifacts.configurations.DefaultConfigurationContainer::findByName (6 bytes)
Event: 14.641 Thread 0x000001d2bb037b50 nmethod 8379 0x000001d294067610 code [0x000001d2940677c0, 0x000001d294067af0]
Event: 14.641 Thread 0x000001d2bb037b50 8380       3       org.gradle.api.internal.DefaultNamedDomainObjectCollection$UnfilteredIndex::getPending (14 bytes)
Event: 14.641 Thread 0x000001d2bb037b50 nmethod 8380 0x000001d294067c10 code [0x000001d294067dc0, 0x000001d2940680a0]
Event: 14.644 Thread 0x000001d2bb037b50 8381       3       org.gradle.api.internal.project.DefaultProject_Decorated::getCrossProjectModelAccess (32 bytes)
Event: 14.644 Thread 0x000001d2bb037b50 nmethod 8381 0x000001d294068190 code [0x000001d294068380, 0x000001d2940689e8]

GC Heap History (20 events):
Event: 0.425 GC heap before
{Heap before GC invocations=0 (full 0):
 garbage-first heap   total 262144K, used 22528K [0x00000000e0000000, 0x0000000100000000)
  region size 1024K, 23 young (23552K), 0 survivors (0K)
 Metaspace       used 929K, committed 1088K, reserved 393216K
  class space    used 73K, committed 128K, reserved 327680K
}
Event: 0.428 GC heap after
{Heap after GC invocations=1 (full 0):
 garbage-first heap   total 262144K, used 1557K [0x00000000e0000000, 0x0000000100000000)
  region size 1024K, 2 young (2048K), 2 survivors (2048K)
 Metaspace       used 929K, committed 1088K, reserved 393216K
  class space    used 73K, committed 128K, reserved 327680K
}
Event: 1.003 GC heap before
{Heap before GC invocations=1 (full 0):
 garbage-first heap   total 262144K, used 40469K [0x00000000e0000000, 0x0000000100000000)
  region size 1024K, 38 young (38912K), 2 survivors (2048K)
 Metaspace       used 4513K, committed 4736K, reserved 393216K
  class space    used 584K, committed 704K, reserved 327680K
}
Event: 1.008 GC heap after
{Heap after GC invocations=2 (full 0):
 garbage-first heap   total 262144K, used 10493K [0x00000000e0000000, 0x0000000100000000)
  region size 1024K, 5 young (5120K), 5 survivors (5120K)
 Metaspace       used 4513K, committed 4736K, reserved 393216K
  class space    used 584K, committed 704K, reserved 327680K
}
Event: 1.530 GC heap before
{Heap before GC invocations=2 (full 0):
 garbage-first heap   total 262144K, used 62717K [0x00000000e0000000, 0x0000000100000000)
  region size 1024K, 54 young (55296K), 5 survivors (5120K)
 Metaspace       used 5645K, committed 5824K, reserved 393216K
  class space    used 768K, committed 832K, reserved 327680K
}
Event: 1.537 GC heap after
{Heap after GC invocations=3 (full 0):
 garbage-first heap   total 262144K, used 16711K [0x00000000e0000000, 0x0000000100000000)
  region size 1024K, 5 young (5120K), 5 survivors (5120K)
 Metaspace       used 5645K, committed 5824K, reserved 393216K
  class space    used 768K, committed 832K, reserved 327680K
}
Event: 3.230 GC heap before
{Heap before GC invocations=3 (full 0):
 garbage-first heap   total 262144K, used 104775K [0x00000000e0000000, 0x0000000100000000)
  region size 1024K, 91 young (93184K), 5 survivors (5120K)
 Metaspace       used 20896K, committed 21504K, reserved 393216K
  class space    used 2929K, committed 3200K, reserved 327680K
}
Event: 3.238 GC heap after
{Heap after GC invocations=4 (full 0):
 garbage-first heap   total 262144K, used 23171K [0x00000000e0000000, 0x0000000100000000)
  region size 1024K, 12 young (12288K), 12 survivors (12288K)
 Metaspace       used 20896K, committed 21504K, reserved 393216K
  class space    used 2929K, committed 3200K, reserved 327680K
}
Event: 5.548 GC heap before
{Heap before GC invocations=5 (full 0):
 garbage-first heap   total 262144K, used 126595K [0x00000000e0000000, 0x0000000100000000)
  region size 1024K, 115 young (117760K), 12 survivors (12288K)
 Metaspace       used 34662K, committed 35968K, reserved 393216K
  class space    used 5060K, committed 5696K, reserved 327680K
}
Event: 5.562 GC heap after
{Heap after GC invocations=6 (full 0):
 garbage-first heap   total 262144K, used 30633K [0x00000000e0000000, 0x0000000100000000)
  region size 1024K, 14 young (14336K), 14 survivors (14336K)
 Metaspace       used 34662K, committed 35968K, reserved 393216K
  class space    used 5060K, committed 5696K, reserved 327680K
}
Event: 5.602 GC heap before
{Heap before GC invocations=6 (full 0):
 garbage-first heap   total 262144K, used 31657K [0x00000000e0000000, 0x0000000100000000)
  region size 1024K, 16 young (16384K), 14 survivors (14336K)
 Metaspace       used 34932K, committed 36288K, reserved 393216K
  class space    used 5074K, committed 5760K, reserved 327680K
}
Event: 5.613 GC heap after
{Heap after GC invocations=7 (full 0):
 garbage-first heap   total 262144K, used 30768K [0x00000000e0000000, 0x0000000100000000)
  region size 1024K, 8 young (8192K), 8 survivors (8192K)
 Metaspace       used 34932K, committed 36288K, reserved 393216K
  class space    used 5074K, committed 5760K, reserved 327680K
}
Event: 5.679 GC heap before
{Heap before GC invocations=7 (full 0):
 garbage-first heap   total 262144K, used 32816K [0x00000000e0000000, 0x0000000100000000)
  region size 1024K, 11 young (11264K), 8 survivors (8192K)
 Metaspace       used 35221K, committed 36608K, reserved 393216K
  class space    used 5115K, committed 5824K, reserved 327680K
}
Event: 5.686 GC heap after
{Heap after GC invocations=8 (full 0):
 garbage-first heap   total 262144K, used 30850K [0x00000000e0000000, 0x0000000100000000)
  region size 1024K, 8 young (8192K), 8 survivors (8192K)
 Metaspace       used 35221K, committed 36608K, reserved 393216K
  class space    used 5115K, committed 5824K, reserved 327680K
}
Event: 8.607 GC heap before
{Heap before GC invocations=9 (full 0):
 garbage-first heap   total 262144K, used 179330K [0x00000000e0000000, 0x0000000100000000)
  region size 1024K, 153 young (156672K), 8 survivors (8192K)
 Metaspace       used 49872K, committed 51648K, reserved 393216K
  class space    used 7368K, committed 8256K, reserved 327680K
}
Event: 8.617 GC heap after
{Heap after GC invocations=10 (full 0):
 garbage-first heap   total 262144K, used 39666K [0x00000000e0000000, 0x0000000100000000)
  region size 1024K, 17 young (17408K), 17 survivors (17408K)
 Metaspace       used 49872K, committed 51648K, reserved 393216K
  class space    used 7368K, committed 8256K, reserved 327680K
}
Event: 11.139 GC heap before
{Heap before GC invocations=10 (full 0):
 garbage-first heap   total 262144K, used 172786K [0x00000000e0000000, 0x0000000100000000)
  region size 1024K, 143 young (146432K), 17 survivors (17408K)
 Metaspace       used 59129K, committed 61120K, reserved 393216K
  class space    used 8667K, committed 9664K, reserved 327680K
}
Event: 11.151 GC heap after
{Heap after GC invocations=11 (full 0):
 garbage-first heap   total 262144K, used 54985K [0x00000000e0000000, 0x0000000100000000)
  region size 1024K, 20 young (20480K), 20 survivors (20480K)
 Metaspace       used 59129K, committed 61120K, reserved 393216K
  class space    used 8667K, committed 9664K, reserved 327680K
}
Event: 11.246 GC heap before
{Heap before GC invocations=11 (full 0):
 garbage-first heap   total 262144K, used 59081K [0x00000000e0000000, 0x0000000100000000)
  region size 1024K, 25 young (25600K), 20 survivors (20480K)
 Metaspace       used 59466K, committed 61440K, reserved 393216K
  class space    used 8740K, committed 9728K, reserved 327680K
}
Event: 11.258 GC heap after
{Heap after GC invocations=12 (full 0):
 garbage-first heap   total 262144K, used 57735K [0x00000000e0000000, 0x0000000100000000)
  region size 1024K, 3 young (3072K), 3 survivors (3072K)
 Metaspace       used 59466K, committed 61440K, reserved 393216K
  class space    used 8740K, committed 9728K, reserved 327680K
}

Dll operation events (14 events):
Event: 0.011 Loaded shared library C:\Users\Nandhitha_R\.antigravity\extensions\redhat.java-1.54.0-win32-x64\jre\21.0.10-win32-x86_64\bin\java.dll
Event: 0.067 Loaded shared library C:\Users\Nandhitha_R\.antigravity\extensions\redhat.java-1.54.0-win32-x64\jre\21.0.10-win32-x86_64\bin\zip.dll
Event: 0.087 Loaded shared library C:\Users\Nandhitha_R\.antigravity\extensions\redhat.java-1.54.0-win32-x64\jre\21.0.10-win32-x86_64\bin\instrument.dll
Event: 0.092 Loaded shared library C:\Users\Nandhitha_R\.antigravity\extensions\redhat.java-1.54.0-win32-x64\jre\21.0.10-win32-x86_64\bin\net.dll
Event: 0.095 Loaded shared library C:\Users\Nandhitha_R\.antigravity\extensions\redhat.java-1.54.0-win32-x64\jre\21.0.10-win32-x86_64\bin\nio.dll
Event: 0.098 Loaded shared library C:\Users\Nandhitha_R\.antigravity\extensions\redhat.java-1.54.0-win32-x64\jre\21.0.10-win32-x86_64\bin\zip.dll
Event: 0.406 Loaded shared library C:\Users\Nandhitha_R\.antigravity\extensions\redhat.java-1.54.0-win32-x64\jre\21.0.10-win32-x86_64\bin\jimage.dll
Event: 0.622 Loaded shared library C:\Users\Nandhitha_R\.antigravity\extensions\redhat.java-1.54.0-win32-x64\jre\21.0.10-win32-x86_64\bin\verify.dll
Event: 0.656 Loaded shared library C:\Users\Nandhitha_R\.gradle\native\1def1411415f61bf3af743bc5b6707747c0891f09f0c88961ee8f79bc544acac\windows-amd64\native-platform.dll
Event: 0.667 Loaded shared library C:\Users\Nandhitha_R\.gradle\native\0.2.8\x86_64-windows-gnu\gradle-fileevents.dll
Event: 1.628 Loaded shared library C:\Users\Nandhitha_R\.antigravity\extensions\redhat.java-1.54.0-win32-x64\jre\21.0.10-win32-x86_64\bin\management.dll
Event: 1.631 Loaded shared library C:\Users\Nandhitha_R\.antigravity\extensions\redhat.java-1.54.0-win32-x64\jre\21.0.10-win32-x86_64\bin\management_ext.dll
Event: 1.751 Loaded shared library C:\Users\Nandhitha_R\.antigravity\extensions\redhat.java-1.54.0-win32-x64\jre\21.0.10-win32-x86_64\bin\extnet.dll
Event: 1.923 Loaded shared library C:\Users\Nandhitha_R\.antigravity\extensions\redhat.java-1.54.0-win32-x64\jre\21.0.10-win32-x86_64\bin\sunmscapi.dll

Deoptimization events (20 events):
Event: 14.192 Thread 0x000001d2c0f29220 DEOPT PACKING pc=0x000001d29af51358 sp=0x00000011c43f74b0
Event: 14.192 Thread 0x000001d2c0f29220 DEOPT UNPACKING pc=0x000001d29a794422 sp=0x00000011c43f7380 mode 2
Event: 14.200 Thread 0x000001d2c0f29220 Uncommon trap: trap_request=0xffffffc6 fr.pc=0x000001d29b086b64 relative=0x00000000000001a4
Event: 14.200 Thread 0x000001d2c0f29220 Uncommon trap: reason=bimorphic_or_optimized_type_check action=maybe_recompile pc=0x000001d29b086b64 method=java.util.stream.StreamOpFlag.fromCharacteristics(Ljava/util/Spliterator;)I @ 14 c2
Event: 14.200 Thread 0x000001d2c0f29220 DEOPT PACKING pc=0x000001d29b086b64 sp=0x00000011c43f8180
Event: 14.200 Thread 0x000001d2c0f29220 DEOPT UNPACKING pc=0x000001d29a794422 sp=0x00000011c43f8068 mode 2
Event: 14.226 Thread 0x000001d2c0f29220 Uncommon trap: trap_request=0xffffffc6 fr.pc=0x000001d29b086b64 relative=0x00000000000001a4
Event: 14.226 Thread 0x000001d2c0f29220 Uncommon trap: reason=bimorphic_or_optimized_type_check action=maybe_recompile pc=0x000001d29b086b64 method=java.util.stream.StreamOpFlag.fromCharacteristics(Ljava/util/Spliterator;)I @ 14 c2
Event: 14.226 Thread 0x000001d2c0f29220 DEOPT PACKING pc=0x000001d29b086b64 sp=0x00000011c43f8180
Event: 14.226 Thread 0x000001d2c0f29220 DEOPT UNPACKING pc=0x000001d29a794422 sp=0x00000011c43f8068 mode 2
Event: 14.394 Thread 0x000001d2c0f29220 Uncommon trap: trap_request=0xffffff45 fr.pc=0x000001d29b014a04 relative=0x00000000000015e4
Event: 14.394 Thread 0x000001d2c0f29220 Uncommon trap: reason=unstable_if action=reinterpret pc=0x000001d29b014a04 method=java.util.concurrent.ConcurrentHashMap.computeIfAbsent(Ljava/lang/Object;Ljava/util/function/Function;)Ljava/lang/Object; @ 364 c2
Event: 14.394 Thread 0x000001d2c0f29220 DEOPT PACKING pc=0x000001d29b014a04 sp=0x00000011c43f9730
Event: 14.394 Thread 0x000001d2c0f29220 DEOPT UNPACKING pc=0x000001d29a794422 sp=0x00000011c43f96b0 mode 2
Event: 14.536 Thread 0x000001d2c0f28b90 Uncommon trap: trap_request=0xffffff45 fr.pc=0x000001d29b1811e4 relative=0x0000000000003704
Event: 14.536 Thread 0x000001d2c0f28b90 Uncommon trap: reason=unstable_if action=reinterpret pc=0x000001d29b1811e4 method=org.gradle.cache.internal.btree.BTreePersistentIndexedCache$1.create(Ljava/lang/Class;)Ljava/lang/Object; @ 3 c2
Event: 14.536 Thread 0x000001d2c0f28b90 DEOPT PACKING pc=0x000001d29b1811e4 sp=0x00000011c47fe700
Event: 14.536 Thread 0x000001d2c0f28b90 DEOPT UNPACKING pc=0x000001d29a794422 sp=0x00000011c47fe5e8 mode 2
Event: 14.582 Thread 0x000001d2c0f29220 DEOPT PACKING pc=0x000001d2939a3a61 sp=0x00000011c43f7190
Event: 14.582 Thread 0x000001d2c0f29220 DEOPT UNPACKING pc=0x000001d29a794bc2 sp=0x00000011c43f6680 mode 0

Classes loaded (20 events):
Event: 14.127 Loading class org/xml/sax/ContentHandler
Event: 14.128 Loading class org/xml/sax/ContentHandler done
Event: 14.128 Loading class org/xml/sax/EntityResolver
Event: 14.128 Loading class org/xml/sax/EntityResolver done
Event: 14.128 Loading class org/xml/sax/DTDHandler
Event: 14.128 Loading class org/xml/sax/DTDHandler done
Event: 14.129 Loading class java/util/function/BooleanSupplier
Event: 14.130 Loading class java/util/function/BooleanSupplier done
Event: 14.138 Loading class java/util/Spliterators$IntArraySpliterator
Event: 14.139 Loading class java/util/Spliterators$IntArraySpliterator done
Event: 14.143 Loading class java/text/ParsePosition
Event: 14.143 Loading class java/text/ParsePosition done
Event: 14.150 Loading class java/text/CharacterIterator
Event: 14.150 Loading class java/text/CharacterIterator done
Event: 14.200 Loading class java/util/TreeMap$EntrySpliterator
Event: 14.200 Loading class java/util/TreeMap$TreeMapSpliterator
Event: 14.200 Loading class java/util/TreeMap$TreeMapSpliterator done
Event: 14.200 Loading class java/util/TreeMap$EntrySpliterator done
Event: 14.201 Loading class jdk/internal/reflect/DirectMethodHandleAccessor$NativeAccessor
Event: 14.201 Loading class jdk/internal/reflect/DirectMethodHandleAccessor$NativeAccessor done

Classes unloaded (0 events):
No events

Classes redefined (0 events):
No events

Internal exceptions (20 events):
Event: 13.057 Thread 0x000001d2c0f29220 Exception <a 'java/lang/ClassNotFoundException'{0x00000000eaac94e0}: org/jetbrains/kotlin/gradle/targets/js/npm/NpmDependencyExtensionDelegateCustomizer> (0x00000000eaac94e0) 
thrown [s\src\hotspot\share\classfile\systemDictionary.cpp, line 312]
Event: 13.059 Thread 0x000001d2c0f29220 Exception <a 'java/lang/ClassNotFoundException'{0x00000000eaafe980}: org/jetbrains/kotlin/gradle/targets/js/npm/NpmDependencyExtensionKt$defaultNpmDependencyDelegate$1Customizer> (0x00000000eaafe980) 
thrown [s\src\hotspot\share\classfile\systemDictionary.cpp, line 312]
Event: 13.064 Thread 0x000001d2c0f29220 Exception <a 'java/lang/ClassNotFoundException'{0x00000000ea93be10}: org/jetbrains/kotlin/gradle/targets/js/npm/DefaultDevNpmDependencyExtensionBeanInfo> (0x00000000ea93be10) 
thrown [s\src\hotspot\share\classfile\systemDictionary.cpp, line 312]
Event: 13.065 Thread 0x000001d2c0f29220 Exception <a 'java/lang/ClassNotFoundException'{0x00000000ea94bb38}: org/jetbrains/kotlin/gradle/targets/js/npm/DefaultDevNpmDependencyExtensionCustomizer> (0x00000000ea94bb38) 
thrown [s\src\hotspot\share\classfile\systemDictionary.cpp, line 312]
Event: 13.071 Thread 0x000001d2c0f29220 Exception <a 'java/lang/ClassNotFoundException'{0x00000000ea9907a0}: org/jetbrains/kotlin/gradle/targets/js/npm/DefaultPeerNpmDependencyExtensionBeanInfo> (0x00000000ea9907a0) 
thrown [s\src\hotspot\share\classfile\systemDictionary.cpp, line 312]
Event: 13.071 Thread 0x000001d2c0f29220 Exception <a 'java/lang/ClassNotFoundException'{0x00000000ea9a04d8}: org/jetbrains/kotlin/gradle/targets/js/npm/DefaultPeerNpmDependencyExtensionCustomizer> (0x00000000ea9a04d8) 
thrown [s\src\hotspot\share\classfile\systemDictionary.cpp, line 312]
Event: 13.076 Thread 0x000001d2c0f29220 Exception <a 'java/lang/ClassNotFoundException'{0x00000000ea9e8988}: org/jetbrains/kotlin/gradle/targets/js/npm/DefaultPeerNpmDependencyExtension$delegate$1BeanInfo> (0x00000000ea9e8988) 
thrown [s\src\hotspot\share\classfile\systemDictionary.cpp, line 312]
Event: 13.077 Thread 0x000001d2c0f29220 Exception <a 'java/lang/ClassNotFoundException'{0x00000000ea9f93a8}: org/jetbrains/kotlin/gradle/targets/js/npm/DefaultPeerNpmDependencyExtension$delegate$1Customizer> (0x00000000ea9f93a8) 
thrown [s\src\hotspot\share\classfile\systemDictionary.cpp, line 312]
Event: 14.128 Thread 0x000001d2c0f29220 Exception <a 'java/lang/IncompatibleClassChangeError'{0x00000000e78a1930}: Found class java.lang.Object, but interface was expected> (0x00000000e78a1930) 
thrown [s\src\hotspot\share\interpreter\linkResolver.cpp, line 840]
Event: 14.166 Thread 0x000001d2c0f29220 Exception <a 'java/lang/ClassNotFoundException'{0x00000000e7640200}: org/gradle/api/internal/project/DefaultAntBuilderBeanInfo> (0x00000000e7640200) 
thrown [s\src\hotspot\share\classfile\systemDictionary.cpp, line 312]
Event: 14.168 Thread 0x000001d2c0f29220 Exception <a 'java/lang/ClassNotFoundException'{0x00000000e7658908}: org/gradle/api/internal/project/ant/BasicAntBuilderBeanInfo> (0x00000000e7658908) 
thrown [s\src\hotspot\share\classfile\systemDictionary.cpp, line 312]
Event: 14.169 Thread 0x000001d2c0f29220 Exception <a 'java/lang/ClassNotFoundException'{0x00000000e7670ef8}: org/gradle/api/AntBuilderBeanInfo> (0x00000000e7670ef8) 
thrown [s\src\hotspot\share\classfile\systemDictionary.cpp, line 312]
Event: 14.171 Thread 0x000001d2c0f29220 Exception <a 'java/lang/ClassNotFoundException'{0x00000000e7689968}: groovy/ant/AntBuilderBeanInfo> (0x00000000e7689968) 
thrown [s\src\hotspot\share\classfile\systemDictionary.cpp, line 312]
Event: 14.173 Thread 0x000001d2c0f29220 Exception <a 'java/lang/ClassNotFoundException'{0x00000000e76a2a20}: groovy/util/BuilderSupportBeanInfo> (0x00000000e76a2a20) 
thrown [s\src\hotspot\share\classfile\systemDictionary.cpp, line 312]
Event: 14.174 Thread 0x000001d2c0f29220 Exception <a 'java/lang/ClassNotFoundException'{0x00000000e76bb870}: groovy/util/BuilderSupportCustomizer> (0x00000000e76bb870) 
thrown [s\src\hotspot\share\classfile\systemDictionary.cpp, line 312]
Event: 14.177 Thread 0x000001d2c0f29220 Exception <a 'java/lang/ClassNotFoundException'{0x00000000e76d6490}: groovy/ant/AntBuilderCustomizer> (0x00000000e76d6490) 
thrown [s\src\hotspot\share\classfile\systemDictionary.cpp, line 312]
Event: 14.180 Thread 0x000001d2c0f29220 Exception <a 'java/lang/ClassNotFoundException'{0x00000000e76f2ca0}: org/gradle/api/AntBuilderCustomizer> (0x00000000e76f2ca0) 
thrown [s\src\hotspot\share\classfile\systemDictionary.cpp, line 312]
Event: 14.185 Thread 0x000001d2c0f29220 Exception <a 'java/lang/ClassNotFoundException'{0x00000000e75167e0}: org/gradle/api/internal/project/ant/BasicAntBuilderCustomizer> (0x00000000e75167e0) 
thrown [s\src\hotspot\share\classfile\systemDictionary.cpp, line 312]
Event: 14.187 Thread 0x000001d2c0f29220 Exception <a 'java/lang/ClassNotFoundException'{0x00000000e7541a40}: org/gradle/api/internal/project/DefaultAntBuilderCustomizer> (0x00000000e7541a40) 
thrown [s\src\hotspot\share\classfile\systemDictionary.cpp, line 312]
Event: 14.207 Thread 0x000001d2c0f29220 Exception <a 'java/lang/IncompatibleClassChangeError'{0x00000000e7403230}: Found class java.lang.Object, but interface was expected> (0x00000000e7403230) 
thrown [s\src\hotspot\share\interpreter\linkResolver.cpp, line 840]

ZGC Phase Switch (0 events):
No events

VM Operations (20 events):
Event: 11.246 Executing safepoint VM operation: CollectForMetadataAllocation (Metadata GC Threshold)
Event: 11.258 Executing safepoint VM operation: CollectForMetadataAllocation (Metadata GC Threshold) done
Event: 11.280 Executing safepoint VM operation: G1PauseRemark
Event: 11.287 Executing safepoint VM operation: G1PauseRemark done
Event: 11.299 Executing safepoint VM operation: G1PauseCleanup
Event: 11.299 Executing safepoint VM operation: G1PauseCleanup done
Event: 11.930 Executing non-safepoint VM operation: HandshakeAllThreads (Deoptimize)
Event: 11.931 Executing non-safepoint VM operation: HandshakeAllThreads (Deoptimize) done
Event: 12.141 Executing non-safepoint VM operation: HandshakeAllThreads (Deoptimize)
Event: 12.141 Executing non-safepoint VM operation: HandshakeAllThreads (Deoptimize) done
Event: 12.247 Executing non-safepoint VM operation: HandshakeAllThreads (Deoptimize)
Event: 12.247 Executing non-safepoint VM operation: HandshakeAllThreads (Deoptimize) done
Event: 12.711 Executing safepoint VM operation: ICBufferFull
Event: 12.712 Executing safepoint VM operation: ICBufferFull done
Event: 13.362 Executing safepoint VM operation: ICBufferFull
Event: 13.362 Executing safepoint VM operation: ICBufferFull done
Event: 13.812 Executing safepoint VM operation: ICBufferFull
Event: 13.812 Executing safepoint VM operation: ICBufferFull done
Event: 14.544 Executing safepoint VM operation: ICBufferFull
Event: 14.544 Executing safepoint VM operation: ICBufferFull done

Memory protections (0 events):
No events

Nmethod flushes (20 events):
Event: 11.286 Thread 0x000001d2bb0083f0 flushing  nmethod 0x000001d29327bf10
Event: 11.286 Thread 0x000001d2bb0083f0 flushing  nmethod 0x000001d29330c690
Event: 11.286 Thread 0x000001d2bb0083f0 flushing  nmethod 0x000001d2935ff890
Event: 11.286 Thread 0x000001d2bb0083f0 flushing  nmethod 0x000001d29361cc90
Event: 11.286 Thread 0x000001d2bb0083f0 flushing  nmethod 0x000001d29374d990
Event: 11.286 Thread 0x000001d2bb0083f0 flushing  nmethod 0x000001d29378b610
Event: 11.286 Thread 0x000001d2bb0083f0 flushing  nmethod 0x000001d2937f2210
Event: 11.286 Thread 0x000001d2bb0083f0 flushing  nmethod 0x000001d2932eb010
Event: 11.286 Thread 0x000001d2bb0083f0 flushing  nmethod 0x000001d2932eb890
Event: 11.286 Thread 0x000001d2bb0083f0 flushing  nmethod 0x000001d2932ebc90
Event: 11.286 Thread 0x000001d2bb0083f0 flushing  nmethod 0x000001d29342e990
Event: 11.286 Thread 0x000001d2bb0083f0 flushing  nmethod 0x000001d29342f110
Event: 11.286 Thread 0x000001d2bb0083f0 flushing  nmethod 0x000001d2934bf590
Event: 11.286 Thread 0x000001d2bb0083f0 flushing  nmethod 0x000001d2934f9190
Event: 11.286 Thread 0x000001d2bb0083f0 flushing  nmethod 0x000001d293506990
Event: 11.286 Thread 0x000001d2bb0083f0 flushing  nmethod 0x000001d293508610
Event: 11.286 Thread 0x000001d2bb0083f0 flushing  nmethod 0x000001d293668a10
Event: 11.286 Thread 0x000001d2bb0083f0 flushing  nmethod 0x000001d29385b910
Event: 11.286 Thread 0x000001d2bb0083f0 flushing  nmethod 0x000001d293876c90
Event: 11.286 Thread 0x000001d2bb0083f0 flushing  nmethod 0x000001d293889710

Events (20 events):
Event: 9.811 Thread 0x000001d2c0f29220 Thread added: 0x000001d2c1504190
Event: 9.812 Thread 0x000001d2c0f29220 Thread added: 0x000001d2c1504820
Event: 9.813 Thread 0x000001d2c0f29220 Thread added: 0x000001d2c1504eb0
Event: 9.814 Thread 0x000001d2c0f29220 Thread added: 0x000001d2c4a763b0
Event: 9.815 Thread 0x000001d2c0f29220 Thread added: 0x000001d2c4a78480
Event: 9.815 Thread 0x000001d2c0f29220 Thread added: 0x000001d2c4a770d0
Event: 9.816 Thread 0x000001d2c0f29220 Thread added: 0x000001d2c4a77760
Event: 9.817 Thread 0x000001d2c0f29220 Thread added: 0x000001d2c4a75d20
Event: 10.217 Thread 0x000001d2c2308740 Thread exited: 0x000001d2c2308740
Event: 10.789 Thread 0x000001d2bb037b50 Thread added: 0x000001d2c2308e10
Event: 11.159 Thread 0x000001d2c0f29220 Thread added: 0x000001d2c4a78b10
Event: 11.573 Thread 0x000001d2c2308e10 Thread exited: 0x000001d2c2308e10
Event: 11.920 Thread 0x000001d2c230b6f0 Thread exited: 0x000001d2c230b6f0
Event: 12.191 Thread 0x000001d2c0f29220 Thread added: 0x000001d2c4a7bf90
Event: 12.366 Thread 0x000001d2bb037b50 Thread added: 0x000001d2c2308e10
Event: 13.308 Thread 0x000001d2c2308e10 Thread exited: 0x000001d2c2308e10
Event: 13.492 Thread 0x000001d2bb037b50 Thread added: 0x000001d2c230a280
Event: 14.091 Thread 0x000001d2c12e8090 Thread added: 0x000001d2c4a79ec0
Event: 14.362 Thread 0x000001d2c230a280 Thread exited: 0x000001d2c230a280
Event: 14.583 Thread 0x000001d2bb037b50 Thread added: 0x000001d2c2309bb0


Dynamic libraries:
0x00007ff6b91c0000 - 0x00007ff6b91ce000 	C:\Users\Nandhitha_R\.antigravity\extensions\redhat.java-1.54.0-win32-x64\jre\21.0.10-win32-x86_64\bin\java.exe
0x00007ffd24a00000 - 0x00007ffd24c67000 	C:\Windows\SYSTEM32\ntdll.dll
0x00007ffd23ab0000 - 0x00007ffd23b79000 	C:\Windows\System32\KERNEL32.DLL
0x00007ffd21ea0000 - 0x00007ffd22297000 	C:\Windows\System32\KERNELBASE.dll
0x00007ffd21d50000 - 0x00007ffd21e9b000 	C:\Windows\System32\ucrtbase.dll
0x00007ffc900d0000 - 0x00007ffc900e8000 	C:\Users\Nandhitha_R\.antigravity\extensions\redhat.java-1.54.0-win32-x64\jre\21.0.10-win32-x86_64\bin\jli.dll
0x00007ffc8f7f0000 - 0x00007ffc8f80e000 	C:\Users\Nandhitha_R\.antigravity\extensions\redhat.java-1.54.0-win32-x64\jre\21.0.10-win32-x86_64\bin\VCRUNTIME140.dll
0x00007ffd24070000 - 0x00007ffd24236000 	C:\Windows\System32\USER32.dll
0x00007ffd22750000 - 0x00007ffd22777000 	C:\Windows\System32\win32u.dll
0x00007ffd23990000 - 0x00007ffd239bb000 	C:\Windows\System32\GDI32.dll
0x00007ffd22570000 - 0x00007ffd2269c000 	C:\Windows\System32\gdi32full.dll
0x00007ffd011a0000 - 0x00007ffd01432000 	C:\Windows\WinSxS\amd64_microsoft.windows.common-controls_6595b64144ccf1df_6.0.26100.8328_none_3e08182ce334b678\COMCTL32.dll
0x00007ffd21ca0000 - 0x00007ffd21d43000 	C:\Windows\System32\msvcp_win.dll
0x00007ffd236b0000 - 0x00007ffd23759000 	C:\Windows\System32\msvcrt.dll
0x00007ffd24240000 - 0x00007ffd24272000 	C:\Windows\System32\IMM32.DLL
0x00007ffceb690000 - 0x00007ffceb69c000 	C:\Users\Nandhitha_R\.antigravity\extensions\redhat.java-1.54.0-win32-x64\jre\21.0.10-win32-x86_64\bin\vcruntime140_1.dll
0x00007ffc864c0000 - 0x00007ffc8654d000 	C:\Users\Nandhitha_R\.antigravity\extensions\redhat.java-1.54.0-win32-x64\jre\21.0.10-win32-x86_64\bin\msvcp140.dll
0x00007ffc6e930000 - 0x00007ffc6f6d1000 	C:\Users\Nandhitha_R\.antigravity\extensions\redhat.java-1.54.0-win32-x64\jre\21.0.10-win32-x86_64\bin\server\jvm.dll
0x00007ffd239d0000 - 0x00007ffd23a86000 	C:\Windows\System32\ADVAPI32.dll
0x00007ffd22f00000 - 0x00007ffd22fa7000 	C:\Windows\System32\sechost.dll
0x00007ffd23590000 - 0x00007ffd236a8000 	C:\Windows\System32\RPCRT4.dll
0x00007ffd23b80000 - 0x00007ffd23c00000 	C:\Windows\System32\WS2_32.dll
0x00007ffd1e4c0000 - 0x00007ffd1e4f6000 	C:\Windows\SYSTEM32\WINMM.dll
0x00007ffd212b0000 - 0x00007ffd2130e000 	C:\Windows\SYSTEM32\POWRPROF.dll
0x00007ffd0e180000 - 0x00007ffd0e18b000 	C:\Windows\SYSTEM32\VERSION.dll
0x00007ffd21270000 - 0x00007ffd21284000 	C:\Windows\SYSTEM32\UMPDC.dll
0x00007ffd201c0000 - 0x00007ffd201db000 	C:\Windows\SYSTEM32\kernel.appcore.dll
0x00007ffcd1330000 - 0x00007ffcd133a000 	C:\Users\Nandhitha_R\.antigravity\extensions\redhat.java-1.54.0-win32-x64\jre\21.0.10-win32-x86_64\bin\jimage.dll
0x00007ffd1f280000 - 0x00007ffd1f4c2000 	C:\Windows\SYSTEM32\DBGHELP.DLL
0x00007ffd23c90000 - 0x00007ffd24013000 	C:\Windows\System32\combase.dll
0x00007ffd23150000 - 0x00007ffd23229000 	C:\Windows\System32\OLEAUT32.dll
0x00007ffd00ef0000 - 0x00007ffd00f2b000 	C:\Windows\SYSTEM32\dbgcore.DLL
0x00007ffd226a0000 - 0x00007ffd22748000 	C:\Windows\System32\bcryptPrimitives.dll
0x00007ffc8f8f0000 - 0x00007ffc8f8ff000 	C:\Users\Nandhitha_R\.antigravity\extensions\redhat.java-1.54.0-win32-x64\jre\21.0.10-win32-x86_64\bin\instrument.dll
0x00007ffc91520000 - 0x00007ffc91540000 	C:\Users\Nandhitha_R\.antigravity\extensions\redhat.java-1.54.0-win32-x64\jre\21.0.10-win32-x86_64\bin\java.dll
0x00007ffd22780000 - 0x00007ffd22eee000 	C:\Windows\System32\SHELL32.dll
0x00007ffd21430000 - 0x00007ffd21c9c000 	C:\Windows\System32\windows.storage.dll
0x00007ffd243b0000 - 0x00007ffd244a6000 	C:\Windows\System32\SHCORE.dll
0x00007ffd24940000 - 0x00007ffd249a6000 	C:\Windows\System32\shlwapi.dll
0x00007ffd21350000 - 0x00007ffd21379000 	C:\Windows\SYSTEM32\profapi.dll
0x00007ffc8f900000 - 0x00007ffc8f918000 	C:\Users\Nandhitha_R\.antigravity\extensions\redhat.java-1.54.0-win32-x64\jre\21.0.10-win32-x86_64\bin\zip.dll
0x00007ffc8f7e0000 - 0x00007ffc8f7f0000 	C:\Users\Nandhitha_R\.antigravity\extensions\redhat.java-1.54.0-win32-x64\jre\21.0.10-win32-x86_64\bin\net.dll
0x00007ffd15d70000 - 0x00007ffd15e99000 	C:\Windows\SYSTEM32\WINHTTP.dll
0x00007ffd20730000 - 0x00007ffd2079c000 	C:\Windows\system32\mswsock.dll
0x00007ffc86290000 - 0x00007ffc862a6000 	C:\Users\Nandhitha_R\.antigravity\extensions\redhat.java-1.54.0-win32-x64\jre\21.0.10-win32-x86_64\bin\nio.dll
0x00007ffc8ed30000 - 0x00007ffc8ed40000 	C:\Users\Nandhitha_R\.antigravity\extensions\redhat.java-1.54.0-win32-x64\jre\21.0.10-win32-x86_64\bin\verify.dll
0x00007ffcdcc90000 - 0x00007ffcdccb7000 	C:\Users\Nandhitha_R\.gradle\native\1def1411415f61bf3af743bc5b6707747c0891f09f0c88961ee8f79bc544acac\windows-amd64\native-platform.dll
0x00007ffcdcb80000 - 0x00007ffcdcbf7000 	C:\Users\Nandhitha_R\.gradle\native\0.2.8\x86_64-windows-gnu\gradle-fileevents.dll
0x00007ffd0f9b0000 - 0x00007ffd0f9ba000 	C:\Users\Nandhitha_R\.antigravity\extensions\redhat.java-1.54.0-win32-x64\jre\21.0.10-win32-x86_64\bin\management.dll
0x00007ffcfeca0000 - 0x00007ffcfecac000 	C:\Users\Nandhitha_R\.antigravity\extensions\redhat.java-1.54.0-win32-x64\jre\21.0.10-win32-x86_64\bin\management_ext.dll
0x00007ffd238c0000 - 0x00007ffd238c8000 	C:\Windows\System32\PSAPI.DLL
0x00007ffd1fbe0000 - 0x00007ffd1fc12000 	C:\Windows\SYSTEM32\IPHLPAPI.DLL
0x00007ffd249b0000 - 0x00007ffd249ba000 	C:\Windows\System32\NSI.dll
0x00007ffc8ee80000 - 0x00007ffc8ee89000 	C:\Users\Nandhitha_R\.antigravity\extensions\redhat.java-1.54.0-win32-x64\jre\21.0.10-win32-x86_64\bin\extnet.dll
0x00007ffd20a10000 - 0x00007ffd20a2b000 	C:\Windows\SYSTEM32\CRYPTSP.dll
0x00007ffd20120000 - 0x00007ffd20159000 	C:\Windows\system32\rsaenh.dll
0x00007ffd207e0000 - 0x00007ffd20813000 	C:\Windows\SYSTEM32\USERENV.dll
0x00007ffd21320000 - 0x00007ffd2134a000 	C:\Windows\SYSTEM32\bcrypt.dll
0x00007ffd20a30000 - 0x00007ffd20a3c000 	C:\Windows\SYSTEM32\CRYPTBASE.dll
0x00007ffc8f8e0000 - 0x00007ffc8f8ee000 	C:\Users\Nandhitha_R\.antigravity\extensions\redhat.java-1.54.0-win32-x64\jre\21.0.10-win32-x86_64\bin\sunmscapi.dll
0x00007ffd222a0000 - 0x00007ffd22418000 	C:\Windows\System32\CRYPT32.dll
0x00007ffd20c30000 - 0x00007ffd20c60000 	C:\Windows\SYSTEM32\ncrypt.dll
0x00007ffd20be0000 - 0x00007ffd20c1f000 	C:\Windows\SYSTEM32\NTASN1.dll
0x00007ffcf64e0000 - 0x00007ffcf64e8000 	C:\Windows\system32\wshunix.dll

JVMTI agents:
C:\Users\Nandhitha_R\.gradle\wrapper\dists\gradle-9.0.0-bin\d6wjpkvcgsg3oed0qlfss3wgl\gradle-9.0.0\lib\agents\gradle-instrumentation-agent-9.0.0.jar path:C:\Users\Nandhitha_R\.antigravity\extensions\redhat.java-1.54.0-win32-x64\jre\21.0.10-win32-x86_64\bin\instrument.dll, loaded, initialized, instrumentlib options:none

dbghelp: loaded successfully - version: 4.0.5 - missing functions: none
symbol engine: initialized successfully - sym options: 0x614 - pdb path: .;C:\Users\Nandhitha_R\.antigravity\extensions\redhat.java-1.54.0-win32-x64\jre\21.0.10-win32-x86_64\bin;C:\Windows\SYSTEM32;C:\Windows\WinSxS\amd64_microsoft.windows.common-controls_6595b64144ccf1df_6.0.26100.8328_none_3e08182ce334b678;C:\Users\Nandhitha_R\.antigravity\extensions\redhat.java-1.54.0-win32-x64\jre\21.0.10-win32-x86_64\bin\server;C:\Users\Nandhitha_R\.gradle\native\1def1411415f61bf3af743bc5b6707747c0891f09f0c88961ee8f79bc544acac\windows-amd64;C:\Users\Nandhitha_R\.gradle\native\0.2.8\x86_64-windows-gnu

VM Arguments:
jvm_args: --add-opens=java.base/java.lang=ALL-UNNAMED --add-opens=java.base/java.lang.invoke=ALL-UNNAMED --add-opens=java.base/java.util=ALL-UNNAMED --add-opens=java.prefs/java.util.prefs=ALL-UNNAMED --add-exports=jdk.compiler/com.sun.tools.javac.api=ALL-UNNAMED --add-exports=jdk.compiler/com.sun.tools.javac.util=ALL-UNNAMED --add-opens=java.base/java.util=ALL-UNNAMED --add-opens=java.prefs/java.util.prefs=ALL-UNNAMED --add-opens=java.base/java.nio.charset=ALL-UNNAMED --add-opens=java.base/java.net=ALL-UNNAMED --add-opens=java.base/java.util.concurrent=ALL-UNNAMED --add-opens=java.base/java.util.concurrent.atomic=ALL-UNNAMED --add-opens=java.xml/javax.xml.namespace=ALL-UNNAMED -XX:MaxMetaspaceSize=384m -XX:+HeapDumpOnOutOfMemoryError -Xms256m -Xmx512m -Dfile.encoding=UTF-8 -Duser.country=IN -Duser.language=en -Duser.variant -javaagent:C:\Users\Nandhitha_R\.gradle\wrapper\dists\gradle-9.0.0-bin\d6wjpkvcgsg3oed0qlfss3wgl\gradle-9.0.0\lib\agents\gradle-instrumentation-agent-9.0.0.jar 
java_command: org.gradle.launcher.daemon.bootstrap.GradleDaemon 9.0.0
java_class_path (initial): C:\Users\Nandhitha_R\.gradle\wrapper\dists\gradle-9.0.0-bin\d6wjpkvcgsg3oed0qlfss3wgl\gradle-9.0.0\lib\gradle-daemon-main-9.0.0.jar
Launcher Type: SUN_STANDARD

[Global flags]
     intx CICompilerCount                          = 4                                         {product} {ergonomic}
   size_t CompressedClassSpaceSize                 = 335544320                                 {product} {ergonomic}
     uint ConcGCThreads                            = 3                                         {product} {ergonomic}
     uint G1ConcRefinementThreads                  = 10                                        {product} {ergonomic}
   size_t G1HeapRegionSize                         = 1048576                                   {product} {ergonomic}
    uintx GCDrainStackTargetSize                   = 64                                        {product} {ergonomic}
     bool HeapDumpOnOutOfMemoryError               = true                                   {manageable} {command line}
   size_t InitialHeapSize                          = 268435456                                 {product} {command line}
   size_t MarkStackSize                            = 4194304                                   {product} {ergonomic}
   size_t MaxHeapSize                              = 536870912                                 {product} {command line}
   size_t MaxMetaspaceSize                         = 402653184                                 {product} {command line}
   size_t MaxNewSize                               = 321912832                                 {product} {ergonomic}
   size_t MinHeapDeltaBytes                        = 1048576                                   {product} {ergonomic}
   size_t MinHeapSize                              = 268435456                                 {product} {command line}
    uintx NonNMethodCodeHeapSize                   = 5839372                                {pd product} {ergonomic}
    uintx NonProfiledCodeHeapSize                  = 122909434                              {pd product} {ergonomic}
    uintx ProfiledCodeHeapSize                     = 122909434                              {pd product} {ergonomic}
    uintx ReservedCodeCacheSize                    = 251658240                              {pd product} {ergonomic}
     bool SegmentedCodeCache                       = true                                      {product} {ergonomic}
   size_t SoftMaxHeapSize                          = 536870912                              {manageable} {ergonomic}
     bool UseCompressedOops                        = true                           {product lp64_product} {ergonomic}
     bool UseG1GC                                  = true                                      {product} {ergonomic}
     bool UseLargePagesIndividualAllocation        = false                                  {pd product} {ergonomic}

Logging:
Log output configuration:
 #0: stdout all=warning uptime,level,tags foldmultilines=false
 #1: stderr all=off uptime,level,tags foldmultilines=false

Release file:
JAVA_VERSION="21.0.10" 
MODULES="java.base java.compiler java.datatransfer java.xml java.prefs java.desktop java.instrument java.logging java.management java.security.sasl java.naming java.rmi java.management.rmi java.net.http java.scripting java.security.jgss java.transaction.xa java.sql java.sql.rowset java.xml.crypto java.se java.smartcardio jdk.accessibility jdk.internal.jvmstat jdk.attach jdk.charsets jdk.internal.opt jdk.zipfs jdk.compiler jdk.crypto.ec jdk.crypto.cryptoki jdk.crypto.mscapi jdk.dynalink jdk.internal.ed jdk.editpad jdk.hotspot.agent jdk.httpserver jdk.internal.le jdk.internal.vm.ci jdk.internal.vm.compiler jdk.internal.vm.compiler.management jdk.jartool jdk.javadoc jdk.jcmd jdk.management jdk.management.agent jdk.jconsole jdk.jdeps jdk.jdwp.agent jdk.jdi jdk.jfr jdk.jshell jdk.jsobject jdk.jstatd jdk.localedata jdk.management.jfr jdk.naming.dns jdk.naming.rmi jdk.net jdk.nio.mapmode jdk.random jdk.sctp jdk.security.auth jdk.security.jgss jdk.unsupported jdk.unsupported.desktop jdk.xml.dom" 

Environment Variables:
JAVA_HOME=C:\Program Files\Eclipse Adoptium\jdk-17.0.18.8-hotspot
PATH=C:\Program Files\Python312\Scripts\;C:\Program Files\Python312\;C:\Windows\System32;C:\Program Files\Git\cmd;C:\Program Files\Eclipse Adoptium\jdk-17.0.18.8-hotspot\bin;C:\Program Files\nodejs\;C:\Users\Nandhitha_R\AppData\Local\Android\Sdk\platform-tools;C:\Users\Nandhitha_R\AppData\Local\Android\Sdk\emulator;C:\Program Files\Eclipse Adoptium\jdk-17.0.18.8-hotspot\bin;C:\Users\Nandhitha_R\AppData\Local\Programs\Python\Python312;C:\Program Files\MongoDB\Server\7.0\bin;C:\Users\Nandhitha_R\AppData\Local\Programs\Python\Launcher\;C:\Users\Nandhitha_R\AppData\Roaming\npm;C:\Users\Nandhitha_R\AppData\Local\Programs\Microsoft VS Code\bin;D:\Program Files\Antigravity\bin
USERNAME=Nandhitha_R
OS=Windows_NT
PROCESSOR_IDENTIFIER=Intel64 Family 6 Model 154 Stepping 4, GenuineIntel
TMP=C:\Users\NANDHI~1\AppData\Local\Temp
TEMP=C:\Users\NANDHI~1\AppData\Local\Temp




Periodic native trim disabled

---------------  S Y S T E M  ---------------

OS:
 Windows 11 , 64 bit Build 26100 (10.0.26100.8328)
OS uptime: 0 days 0:52 hours
Hyper-V role detected

CPU: total 12 (initial active 12) (6 cores per cpu, 2 threads per core) family 6 model 154 stepping 4 microcode 0x43b, cx8, cmov, fxsr, ht, mmx, 3dnowpref, sse, sse2, sse3, ssse3, sse4.1, sse4.2, popcnt, lzcnt, tsc, tscinvbit, avx, avx2, aes, erms, clmul, bmi1, bmi2, adx, sha, fma, vzeroupper, clflush, clflushopt, clwb, hv, serialize, rdtscp, rdpid, fsrm, f16c, cet_ibt, cet_ss
Processor Information for the first 12 processors :
  Max Mhz: 1300, Current Mhz: 1300, Mhz Limit: 1300

Memory: 4k page, system-wide physical 16068M (657M free)
TotalPageFile size 21504M (AvailPageFile size 105M)
current process WorkingSet (physical memory assigned to process): 460M, peak: 465M
current process commit charge ("private bytes"): 538M, peak: 542M

vm_info: OpenJDK 64-Bit Server VM (21.0.10+7-LTS) for windows-amd64 JRE (21.0.10+7-LTS), built on 2026-01-20T00:00:00Z by "admin" with MS VC++ 17.12 (VS2022)

END.
