#
# There is insufficient memory for the Java Runtime Environment to continue.
# Native memory allocation (malloc) failed to allocate 1400976 bytes. Error detail: Chunk::new
# Possible reasons:
#   The system is out of physical RAM or swap space
#   This process is running with CompressedOops enabled, and the Java Heap may be blocking the growth of the native heap
# Possible solutions:
#   Reduce memory load on the system
#   Increase physical memory or swap space
#   Check if swap backing store is full
#   Decrease Java heap size (-Xmx/-Xms)
#   Decrease number of Java threads
#   Decrease Java thread stack sizes (-Xss)
#   Set larger code cache with -XX:ReservedCodeCacheSize=
#   JVM is running with Unscaled Compressed Oops mode in which the Java heap is
#     placed in the first 4GB address space. The Java Heap base address is the
#     maximum limit for the native heap growth. Please use -XX:HeapBaseMinAddress
#     to set the Java Heap base and to place the Java Heap above 4GB virtual address.
# This output file may be truncated or incomplete.
#
#  Out of Memory Error (arena.cpp:168), pid=14944, tid=15148
#
# JRE version: OpenJDK Runtime Environment Temurin-21.0.10+7 (21.0.10+7) (build 21.0.10+7-LTS)
# Java VM: OpenJDK 64-Bit Server VM Temurin-21.0.10+7 (21.0.10+7-LTS, mixed mode, sharing, tiered, compressed oops, compressed class ptrs, parallel gc, windows-amd64)
# No core dump will be written. Minidumps are not enabled by default on client versions of Windows
#

---------------  S U M M A R Y ------------

Command Line: --add-modules=ALL-SYSTEM --add-opens=java.base/java.util=ALL-UNNAMED --add-opens=java.base/java.lang=ALL-UNNAMED --add-opens=java.base/sun.nio.fs=ALL-UNNAMED -Declipse.application=org.eclipse.jdt.ls.core.id1 -Dosgi.bundles.defaultStartLevel=4 -Declipse.product=org.eclipse.jdt.ls.core.product -Djava.import.generatesMetadataFilesAtProjectRoot=false -DDetectVMInstallationsJob.disabled=true -Dfile.encoding=utf8 -XX:+UseParallelGC -XX:GCTimeRatio=4 -XX:AdaptiveSizePolicyWeight=90 -Dsun.zip.disableMemoryMapping=true -Xmx2G -Xms100m -Xlog:disable -javaagent:c:\Users\Nandhitha_R\.antigravity\extensions\redhat.java-1.54.0-win32-x64\lombok\lombok-1.18.39-4050.jar -XX:+HeapDumpOnOutOfMemoryError -XX:HeapDumpPath=c:\Users\Nandhitha_R\AppData\Roaming\Antigravity\User\workspaceStorage\d1813b88bfc1f25a629c97800f39de93\redhat.java -Daether.dependencyCollector.impl=bf c:\Users\Nandhitha_R\.antigravity\extensions\redhat.java-1.54.0-win32-x64\server\plugins\org.eclipse.equinox.launcher_1.7.100.v20251111-0406.jar -configuration c:\Users\Nandhitha_R\AppData\Roaming\Antigravity\User\globalStorage\redhat.java\1.54.0\config_win -data c:\Users\Nandhitha_R\AppData\Roaming\Antigravity\User\workspaceStorage\d1813b88bfc1f25a629c97800f39de93\redhat.java\jdt_ws --pipe=\\.\pipe\lsp-4530c380e63c5d31488b4e7a92d870a1-sock

Host: 12th Gen Intel(R) Core(TM) i5-1235U, 12 cores, 15G,  Windows 11 , 64 bit Build 26100 (10.0.26100.8328)
Time: Wed May 20 06:58:58 2026 India Standard Time elapsed time: 29.645793 seconds (0d 0h 0m 29s)

---------------  T H R E A D  ---------------

Current thread (0x0000029163de8aa0):  JavaThread "C2 CompilerThread2" daemon [_thread_in_native, id=15148, stack(0x000000a37c700000,0x000000a37c800000) (1024K)]


Current CompileTask:
C2:29646 11157       4       lombok.core.AST::buildWithField (21 bytes)

Stack: [0x000000a37c700000,0x000000a37c800000]
Native frames: (J=compiled Java code, j=interpreted, Vv=VM code, C=native code)
V  [jvm.dll+0x6d7a39]
V  [jvm.dll+0x8b4b26]
V  [jvm.dll+0x8b70de]
V  [jvm.dll+0x8b77c3]
V  [jvm.dll+0x284346]
V  [jvm.dll+0xc66ed]
V  [jvm.dll+0xc6c31]
V  [jvm.dll+0x3bec01]
V  [jvm.dll+0x1e3d62]
V  [jvm.dll+0x24c6b3]
V  [jvm.dll+0x24bb40]
V  [jvm.dll+0x1cb34e]
V  [jvm.dll+0x25b85d]
V  [jvm.dll+0x259dea]
V  [jvm.dll+0x3f857e]
V  [jvm.dll+0x85f59d]
V  [jvm.dll+0x6d626d]
C  [ucrtbase.dll+0x37b0]
C  [KERNEL32.DLL+0x2e957]
C  [ntdll.dll+0x427c]


---------------  P R O C E S S  ---------------

Threads class SMR info:
_java_thread_list=0x000002916de080e0, length=56, elements={
0x0000029100f29910, 0x00000291033f79f0, 0x00000291033f8710, 0x00000291033fc460,
0x00000291033fe080, 0x000002915c0456f0, 0x000002915c04b400, 0x000002915c056cb0,
0x000002915c0579b0, 0x000002915c284120, 0x000002915c38ba40, 0x000002916206f000,
0x000002915d8e0c20, 0x000002915d6bcc30, 0x000002915d6c2780, 0x0000029162816320,
0x0000029162e09580, 0x000002915c0b7a30, 0x0000029162839c70, 0x000002916283a300,
0x0000029162836e80, 0x00000291628395e0, 0x0000029162838f50, 0x0000029162837510,
0x00000291628388c0, 0x0000029164f52950, 0x0000029164f50880, 0x0000029164f52fe0,
0x0000029164f53670, 0x0000029164f501f0, 0x0000029164f50f10, 0x0000029164f515a0,
0x0000029164f54a20, 0x0000029164f51c30, 0x0000029164f54390, 0x0000029164f53d00,
0x0000029164f550b0, 0x0000029164f55740, 0x0000029164f522c0, 0x0000029164f57180,
0x0000029164f55dd0, 0x0000029164f56460, 0x0000029165567120, 0x00000291638f0e00,
0x00000291638f00e0, 0x00000291638efa50, 0x00000291638f1490, 0x00000291638eed30,
0x00000291638f2ed0, 0x00000291638f3560, 0x00000291638f4280, 0x00000291638f4910,
0x00000291638f2840, 0x00000291638f3bf0, 0x0000029163de8aa0, 0x0000029165bc5980
}

Java Threads: ( => current thread )
  0x0000029100f29910 JavaThread "main"                              [_thread_blocked, id=24228, stack(0x000000a37a400000,0x000000a37a500000) (1024K)]
  0x00000291033f79f0 JavaThread "Reference Handler"          daemon [_thread_blocked, id=18576, stack(0x000000a37a800000,0x000000a37a900000) (1024K)]
  0x00000291033f8710 JavaThread "Finalizer"                  daemon [_thread_blocked, id=21580, stack(0x000000a37a900000,0x000000a37aa00000) (1024K)]
  0x00000291033fc460 JavaThread "Signal Dispatcher"          daemon [_thread_blocked, id=13340, stack(0x000000a37aa00000,0x000000a37ab00000) (1024K)]
  0x00000291033fe080 JavaThread "Attach Listener"            daemon [_thread_blocked, id=22204, stack(0x000000a37ab00000,0x000000a37ac00000) (1024K)]
  0x000002915c0456f0 JavaThread "Service Thread"             daemon [_thread_blocked, id=24528, stack(0x000000a37ac00000,0x000000a37ad00000) (1024K)]
  0x000002915c04b400 JavaThread "Monitor Deflation Thread"   daemon [_thread_blocked, id=16884, stack(0x000000a37ad00000,0x000000a37ae00000) (1024K)]
  0x000002915c056cb0 JavaThread "C2 CompilerThread0"         daemon [_thread_in_native, id=10540, stack(0x000000a37ae00000,0x000000a37af00000) (1024K)]
  0x000002915c0579b0 JavaThread "C1 CompilerThread0"         daemon [_thread_blocked, id=19628, stack(0x000000a37af00000,0x000000a37b000000) (1024K)]
  0x000002915c284120 JavaThread "Common-Cleaner"             daemon [_thread_blocked, id=4336, stack(0x000000a37b100000,0x000000a37b200000) (1024K)]
  0x000002915c38ba40 JavaThread "Notification Thread"        daemon [_thread_blocked, id=19564, stack(0x000000a37b200000,0x000000a37b300000) (1024K)]
  0x000002916206f000 JavaThread "Active Thread: Equinox Container: 4a715603-9835-4340-9c39-e0342b619fef"        [_thread_blocked, id=16464, stack(0x000000a37ba00000,0x000000a37bb00000) (1024K)]
  0x000002915d8e0c20 JavaThread "Refresh Thread: Equinox Container: 4a715603-9835-4340-9c39-e0342b619fef" daemon [_thread_blocked, id=11884, stack(0x000000a37bc00000,0x000000a37bd00000) (1024K)]
  0x000002915d6bcc30 JavaThread "Framework Event Dispatcher: Equinox Container: 4a715603-9835-4340-9c39-e0342b619fef" daemon [_thread_blocked, id=12204, stack(0x000000a37bd00000,0x000000a37be00000) (1024K)]
  0x000002915d6c2780 JavaThread "Start Level: Equinox Container: 4a715603-9835-4340-9c39-e0342b619fef" daemon [_thread_blocked, id=23608, stack(0x000000a37be00000,0x000000a37bf00000) (1024K)]
  0x0000029162816320 JavaThread "Bundle File Closer"         daemon [_thread_blocked, id=13332, stack(0x000000a37c100000,0x000000a37c200000) (1024K)]
  0x0000029162e09580 JavaThread "SCR Component Actor"        daemon [_thread_blocked, id=12476, stack(0x000000a37b000000,0x000000a37b100000) (1024K)]
  0x000002915c0b7a30 JavaThread "Worker-JM"                         [_thread_blocked, id=20652, stack(0x000000a37c300000,0x000000a37c400000) (1024K)]
  0x0000029162839c70 JavaThread "JNA Cleaner"                daemon [_thread_blocked, id=23104, stack(0x000000a37c400000,0x000000a37c500000) (1024K)]
  0x000002916283a300 JavaThread "Worker-0: Initialize workspace"        [_thread_blocked, id=19720, stack(0x000000a37c500000,0x000000a37c600000) (1024K)]
  0x0000029162836e80 JavaThread "Worker-1"                          [_thread_blocked, id=22828, stack(0x000000a37c600000,0x000000a37c700000) (1024K)]
  0x00000291628395e0 JavaThread "Java indexing"              daemon [_thread_blocked, id=5664, stack(0x000000a37c200000,0x000000a37c300000) (1024K)]
  0x0000029162838f50 JavaThread "Worker-2"                          [_thread_blocked, id=21324, stack(0x000000a37c800000,0x000000a37c900000) (1024K)]
  0x0000029162837510 JavaThread "Worker-3"                          [_thread_blocked, id=14860, stack(0x000000a37c900000,0x000000a37ca00000) (1024K)]
  0x00000291628388c0 JavaThread "Worker-4"                          [_thread_blocked, id=23812, stack(0x000000a37cc00000,0x000000a37cd00000) (1024K)]
  0x0000029164f52950 JavaThread "Worker-5"                          [_thread_blocked, id=14804, stack(0x000000a37cd00000,0x000000a37ce00000) (1024K)]
  0x0000029164f50880 JavaThread "Thread-1"                   daemon [_thread_in_native, id=24008, stack(0x000000a37ce00000,0x000000a37cf00000) (1024K)]
  0x0000029164f52fe0 JavaThread "Thread-2"                   daemon [_thread_in_native, id=23372, stack(0x000000a37cf00000,0x000000a37d000000) (1024K)]
  0x0000029164f53670 JavaThread "Thread-3"                   daemon [_thread_in_native, id=13616, stack(0x000000a37d000000,0x000000a37d100000) (1024K)]
  0x0000029164f501f0 JavaThread "Thread-4"                   daemon [_thread_in_native, id=1560, stack(0x000000a37d100000,0x000000a37d200000) (1024K)]
  0x0000029164f50f10 JavaThread "Thread-5"                   daemon [_thread_in_native, id=21620, stack(0x000000a37d200000,0x000000a37d300000) (1024K)]
  0x0000029164f515a0 JavaThread "Thread-6"                   daemon [_thread_in_native, id=19980, stack(0x000000a37d300000,0x000000a37d400000) (1024K)]
  0x0000029164f54a20 JavaThread "Thread-7"                   daemon [_thread_in_native, id=796, stack(0x000000a37d400000,0x000000a37d500000) (1024K)]
  0x0000029164f51c30 JavaThread "Thread-8"                   daemon [_thread_in_native, id=4500, stack(0x000000a37d500000,0x000000a37d600000) (1024K)]
  0x0000029164f54390 JavaThread "Thread-9"                   daemon [_thread_in_native, id=12304, stack(0x000000a37d600000,0x000000a37d700000) (1024K)]
  0x0000029164f53d00 JavaThread "Thread-10"                  daemon [_thread_in_native, id=20760, stack(0x000000a37d700000,0x000000a37d800000) (1024K)]
  0x0000029164f550b0 JavaThread "Thread-11"                  daemon [_thread_in_native, id=18768, stack(0x000000a37d800000,0x000000a37d900000) (1024K)]
  0x0000029164f55740 JavaThread "Thread-12"                  daemon [_thread_in_native, id=5304, stack(0x000000a37d900000,0x000000a37da00000) (1024K)]
  0x0000029164f522c0 JavaThread "Thread-13"                  daemon [_thread_in_native, id=20732, stack(0x000000a37da00000,0x000000a37db00000) (1024K)]
  0x0000029164f57180 JavaThread "pool-2-thread-1"                   [_thread_blocked, id=9240, stack(0x000000a37db00000,0x000000a37dc00000) (1024K)]
  0x0000029164f55dd0 JavaThread "WorkspaceEventsHandler"            [_thread_blocked, id=1088, stack(0x000000a37dc00000,0x000000a37dd00000) (1024K)]
  0x0000029164f56460 JavaThread "pool-1-thread-1"                   [_thread_blocked, id=19196, stack(0x000000a37dd00000,0x000000a37de00000) (1024K)]
  0x0000029165567120 JavaThread "C2 CompilerThread1"         daemon [_thread_in_native, id=9456, stack(0x000000a37b300000,0x000000a37b400000) (1024K)]
  0x00000291638f0e00 
[error occurred during error reporting (printing all threads), id 0xc0000005, EXCEPTION_ACCESS_VIOLATION (0xc0000005) at pc=0x00007ffdf9d66390]
VM state: at safepoint (normal execution)

VM Mutex/Monitor currently owned by a thread:  ([mutex/lock_event])
[0x00007ffdfa8de560] Threads_lock - owner thread: 0x000002915c032640
[0x00007ffdfa8de660] Heap_lock - owner thread: 0x00000291638f1490

Heap address: 0x0000000080000000, size: 2048 MB, Compressed Oops mode: 32-bit

CDS archive(s) mapped at: [0x000002911a000000-0x000002911aba0000-0x000002911aba0000), size 12189696, SharedBaseAddress: 0x000002911a000000, ArchiveRelocationMode: 1.
Compressed class space mapped at: 0x000002911b000000-0x000002915b000000, reserved size: 1073741824
Narrow klass base: 0x000002911a000000, Narrow klass shift: 0, Narrow klass range: 0x100000000

GC Precious Log:
 CardTable entry size: 512
 CPUs: 12 total, 12 available
 Memory: 16068M
 Large Page Support: Disabled
 NUMA Support: Disabled
 Compressed Oops: Enabled (32-bit)
 Alignments: Space 512K, Generation 512K, Heap 2M
 Heap Min Capacity: 100M
 Heap Initial Capacity: 100M
 Heap Max Capacity: 2G
 Pre-touch: Disabled
 Parallel Workers: 10

Heap:
 PSYoungGen      total 11264K, used 11136K [0x00000000d5580000, 0x00000000d6180000, 0x0000000100000000)
  eden space 10752K, 100% used [0x00000000d5580000,0x00000000d6000000,0x00000000d6000000)
  from space 512K, 75% used [0x00000000d6100000,0x00000000d6160000,0x00000000d6180000)
  to   space 512K, 91% used [0x00000000d6080000,0x00000000d60f5320,0x00000000d6100000)
 ParOldGen       total 228864K, used 228484K [0x0000000080000000, 0x000000008df80000, 0x00000000d5580000)
  object space 228864K, 99% used [0x0000000080000000,0x000000008df21150,0x000000008df80000)
 Metaspace       used 71154K, committed 72512K, reserved 1114112K
  class space    used 7844K, committed 8448K, reserved 1048576K

Card table byte_map: [0x0000029102df0000,0x0000029103200000] _byte_map_base: 0x00000291029f0000

Marking Bits: (ParMarkBitMap*) 0x00007ffdfa8e3450
 Begin Bits: [0x0000029115900000, 0x0000029117900000)
 End Bits:   [0x0000029117900000, 0x0000029119900000)

Polling page: 0x0000029101200000

Metaspace:

Usage:
  Non-class:     61.83 MB used.
      Class:      7.66 MB used.
       Both:     69.49 MB used.

Virtual space:
  Non-class space:       64.00 MB reserved,      62.56 MB ( 98%) committed,  1 nodes.
      Class space:        1.00 GB reserved,       8.25 MB ( <1%) committed,  1 nodes.
             Both:        1.06 GB reserved,      70.81 MB (  7%) committed. 

Chunk freelists:
   Non-Class:  512.00 KB
       Class:  7.70 MB
        Both:  8.20 MB

MaxMetaspaceSize: unlimited
CompressedClassSpaceSize: 1.00 GB
Initial GC threshold: 21.00 MB
Current GC threshold: 97.31 MB
CDS: on
 - commit_granule_bytes: 65536.
 - commit_granule_words: 8192.
 - virtual_space_node_default_size: 8388608.
 - enlarge_chunks_in_place: 1.
 - use_allocation_guard: 0.


Internal statistics:

num_allocs_failed_limit: 11.
num_arena_births: 1166.
num_arena_deaths: 22.
num_vsnodes_births: 2.
num_vsnodes_deaths: 0.
num_space_committed: 1133.
num_space_uncommitted: 0.
num_chunks_returned_to_freelist: 33.
num_chunks_taken_from_freelist: 4264.
num_chunk_merges: 18.
num_chunk_splits: 2671.
num_chunks_enlarged: 1596.
num_inconsistent_stats: 0.

CodeHeap 'non-profiled nmethods': size=120000Kb used=7257Kb max_used=8167Kb free=112743Kb
 bounds [0x000002910e120000, 0x000002910e920000, 0x0000029115650000]
CodeHeap 'profiled nmethods': size=120000Kb used=20393Kb max_used=23032Kb free=99606Kb
 bounds [0x0000029106650000, 0x0000029107cd0000, 0x000002910db80000]
CodeHeap 'non-nmethods': size=5760Kb used=1484Kb max_used=1533Kb free=4275Kb
 bounds [0x000002910db80000, 0x000002910ddf0000, 0x000002910e120000]
CodeCache: size=245760Kb, used=29134Kb, max_used=32732Kb, free=216624Kb
 total_blobs=10438, nmethods=9643, adapters=698, full_count=0
Compilation: enabled, stopped_count=0, restarted_count=0

Compilation events (20 events):
Event: 29.488 Thread 0x000002915c0579b0 11410       3       java.util.regex.ASCII::isAscii (13 bytes)
Event: 29.489 Thread 0x000002915c0579b0 nmethod 11410 0x0000029107cc9e90 code [0x0000029107cca020, 0x0000029107cca160]
Event: 29.489 Thread 0x000002915c0579b0 11406       2       org.eclipse.jdt.internal.core.JarEntryFile::<init> (6 bytes)
Event: 29.489 Thread 0x000002915c0579b0 nmethod 11406 0x0000029107cca210 code [0x0000029107cca3a0, 0x0000029107cca4c0]
Event: 29.489 Thread 0x000002915c0579b0 11408       1       org.eclipse.jdt.internal.core.JarEntryDirectory::setChildren (6 bytes)
Event: 29.489 Thread 0x000002915c0579b0 nmethod 11408 0x000002910e919990 code [0x000002910e919b20, 0x000002910e919c00]
Event: 29.497 Thread 0x000002915c0579b0 11412       3       org.eclipse.jdt.internal.core.PackageFragment::equals (56 bytes)
Event: 29.498 Thread 0x000002915c0579b0 nmethod 11412 0x0000029107cca590 code [0x0000029107cca780, 0x0000029107ccae20]
Event: 29.501 Thread 0x000002915c0579b0 11413       3       org.eclipse.jdt.internal.core.JarPackageFragmentRoot::getModuleDescription (25 bytes)
Event: 29.502 Thread 0x000002915c0579b0 nmethod 11413 0x0000029107ccaf90 code [0x0000029107ccb160, 0x0000029107ccb4b8]
Event: 29.512 Thread 0x000002915c0579b0 11414       2       org.eclipse.core.runtime.NullProgressMonitor::<init> (10 bytes)
Event: 29.513 Thread 0x000002915c0579b0 nmethod 11414 0x0000029107ccb590 code [0x0000029107ccb720, 0x0000029107ccb838]
Event: 29.551 Thread 0x000002915c0579b0 11415       2       org.gradle.api.internal.classpath.DefaultModuleRegistry::getModules (51 bytes)
Event: 29.552 Thread 0x000002915c0579b0 nmethod 11415 0x0000029107ccb910 code [0x0000029107ccbb00, 0x0000029107ccbda8]
Event: 29.552 Thread 0x000002915c0579b0 11416       3       org.gradle.api.internal.classpath.DefaultModuleRegistry$DefaultModule::collectRequiredModules (99 bytes)
Event: 29.554 Thread 0x000002915c0579b0 nmethod 11416 0x0000029107ccbf90 code [0x0000029107ccc220, 0x0000029107ccce80]
Event: 29.556 Thread 0x000002915c0579b0 11417       3       org.gradle.api.internal.classpath.DefaultModuleRegistry::getModule (38 bytes)
Event: 29.557 Thread 0x000002915c0579b0 nmethod 11417 0x0000029107ccd310 code [0x0000029107ccd500, 0x0000029107ccd958]
Event: 29.594 Thread 0x000002915c0579b0 11418       3       org.gradle.internal.classpath.DefaultClassPath$ImmutableUniqueList$Builder::add (57 bytes)
Event: 29.595 Thread 0x000002915c0579b0 nmethod 11418 0x0000029107ccda90 code [0x0000029107ccdc80, 0x0000029107cce138]

GC Heap History (20 events):
Event: 29.361 GC heap after
{Heap after GC invocations=285 (full 3):
 PSYoungGen      total 11264K, used 288K [0x00000000d5580000, 0x00000000d6180000, 0x0000000100000000)
  eden space 10752K, 0% used [0x00000000d5580000,0x00000000d5580000,0x00000000d6000000)
  from space 512K, 56% used [0x00000000d6100000,0x00000000d6148000,0x00000000d6180000)
  to   space 512K, 0% used [0x00000000d6080000,0x00000000d6080000,0x00000000d6100000)
 ParOldGen       total 220160K, used 219870K [0x0000000080000000, 0x000000008d700000, 0x00000000d5580000)
  object space 220160K, 99% used [0x0000000080000000,0x000000008d6b7bd0,0x000000008d700000)
 Metaspace       used 70829K, committed 72256K, reserved 1114112K
  class space    used 7812K, committed 8448K, reserved 1048576K
}
Event: 29.387 GC heap before
{Heap before GC invocations=286 (full 3):
 PSYoungGen      total 11264K, used 11040K [0x00000000d5580000, 0x00000000d6180000, 0x0000000100000000)
  eden space 10752K, 100% used [0x00000000d5580000,0x00000000d6000000,0x00000000d6000000)
  from space 512K, 56% used [0x00000000d6100000,0x00000000d6148000,0x00000000d6180000)
  to   space 512K, 0% used [0x00000000d6080000,0x00000000d6080000,0x00000000d6100000)
 ParOldGen       total 220160K, used 219870K [0x0000000080000000, 0x000000008d700000, 0x00000000d5580000)
  object space 220160K, 99% used [0x0000000080000000,0x000000008d6b7bd0,0x000000008d700000)
 Metaspace       used 70830K, committed 72256K, reserved 1114112K
  class space    used 7812K, committed 8448K, reserved 1048576K
}
Event: 29.390 GC heap after
{Heap after GC invocations=286 (full 3):
 PSYoungGen      total 11264K, used 404K [0x00000000d5580000, 0x00000000d6180000, 0x0000000100000000)
  eden space 10752K, 0% used [0x00000000d5580000,0x00000000d5580000,0x00000000d6000000)
  from space 512K, 79% used [0x00000000d6080000,0x00000000d60e5320,0x00000000d6100000)
  to   space 512K, 0% used [0x00000000d6100000,0x00000000d6100000,0x00000000d6180000)
 ParOldGen       total 221184K, used 220899K [0x0000000080000000, 0x000000008d800000, 0x00000000d5580000)
  object space 221184K, 99% used [0x0000000080000000,0x000000008d7b8e90,0x000000008d800000)
 Metaspace       used 70830K, committed 72256K, reserved 1114112K
  class space    used 7812K, committed 8448K, reserved 1048576K
}
Event: 29.409 GC heap before
{Heap before GC invocations=287 (full 3):
 PSYoungGen      total 11264K, used 11156K [0x00000000d5580000, 0x00000000d6180000, 0x0000000100000000)
  eden space 10752K, 100% used [0x00000000d5580000,0x00000000d6000000,0x00000000d6000000)
  from space 512K, 79% used [0x00000000d6080000,0x00000000d60e5320,0x00000000d6100000)
  to   space 512K, 0% used [0x00000000d6100000,0x00000000d6100000,0x00000000d6180000)
 ParOldGen       total 221184K, used 220899K [0x0000000080000000, 0x000000008d800000, 0x00000000d5580000)
  object space 221184K, 99% used [0x0000000080000000,0x000000008d7b8e90,0x000000008d800000)
 Metaspace       used 70830K, committed 72256K, reserved 1114112K
  class space    used 7812K, committed 8448K, reserved 1048576K
}
Event: 29.411 GC heap after
{Heap after GC invocations=287 (full 3):
 PSYoungGen      total 11264K, used 360K [0x00000000d5580000, 0x00000000d6180000, 0x0000000100000000)
  eden space 10752K, 0% used [0x00000000d5580000,0x00000000d5580000,0x00000000d6000000)
  from space 512K, 70% used [0x00000000d6100000,0x00000000d615a118,0x00000000d6180000)
  to   space 512K, 0% used [0x00000000d6080000,0x00000000d6080000,0x00000000d6100000)
 ParOldGen       total 221184K, used 221174K [0x0000000080000000, 0x000000008d800000, 0x00000000d5580000)
  object space 221184K, 99% used [0x0000000080000000,0x000000008d7fda48,0x000000008d800000)
 Metaspace       used 70830K, committed 72256K, reserved 1114112K
  class space    used 7812K, committed 8448K, reserved 1048576K
}
Event: 29.436 GC heap before
{Heap before GC invocations=288 (full 3):
 PSYoungGen      total 11264K, used 11112K [0x00000000d5580000, 0x00000000d6180000, 0x0000000100000000)
  eden space 10752K, 100% used [0x00000000d5580000,0x00000000d6000000,0x00000000d6000000)
  from space 512K, 70% used [0x00000000d6100000,0x00000000d615a118,0x00000000d6180000)
  to   space 512K, 0% used [0x00000000d6080000,0x00000000d6080000,0x00000000d6100000)
 ParOldGen       total 221184K, used 221174K [0x0000000080000000, 0x000000008d800000, 0x00000000d5580000)
  object space 221184K, 99% used [0x0000000080000000,0x000000008d7fda48,0x000000008d800000)
 Metaspace       used 70835K, committed 72256K, reserved 1114112K
  class space    used 7812K, committed 8448K, reserved 1048576K
}
Event: 29.439 GC heap after
{Heap after GC invocations=288 (full 3):
 PSYoungGen      total 11264K, used 418K [0x00000000d5580000, 0x00000000d6180000, 0x0000000100000000)
  eden space 10752K, 0% used [0x00000000d5580000,0x00000000d5580000,0x00000000d6000000)
  from space 512K, 81% used [0x00000000d6080000,0x00000000d60e8b48,0x00000000d6100000)
  to   space 512K, 0% used [0x00000000d6100000,0x00000000d6100000,0x00000000d6180000)
 ParOldGen       total 221696K, used 221294K [0x0000000080000000, 0x000000008d880000, 0x00000000d5580000)
  object space 221696K, 99% used [0x0000000080000000,0x000000008d81ba48,0x000000008d880000)
 Metaspace       used 70835K, committed 72256K, reserved 1114112K
  class space    used 7812K, committed 8448K, reserved 1048576K
}
Event: 29.459 GC heap before
{Heap before GC invocations=289 (full 3):
 PSYoungGen      total 11264K, used 11170K [0x00000000d5580000, 0x00000000d6180000, 0x0000000100000000)
  eden space 10752K, 100% used [0x00000000d5580000,0x00000000d6000000,0x00000000d6000000)
  from space 512K, 81% used [0x00000000d6080000,0x00000000d60e8b48,0x00000000d6100000)
  to   space 512K, 0% used [0x00000000d6100000,0x00000000d6100000,0x00000000d6180000)
 ParOldGen       total 221696K, used 221294K [0x0000000080000000, 0x000000008d880000, 0x00000000d5580000)
  object space 221696K, 99% used [0x0000000080000000,0x000000008d81ba48,0x000000008d880000)
 Metaspace       used 70838K, committed 72256K, reserved 1114112K
  class space    used 7812K, committed 8448K, reserved 1048576K
}
Event: 29.462 GC heap after
{Heap after GC invocations=289 (full 3):
 PSYoungGen      total 11264K, used 352K [0x00000000d5580000, 0x00000000d6180000, 0x0000000100000000)
  eden space 10752K, 0% used [0x00000000d5580000,0x00000000d5580000,0x00000000d6000000)
  from space 512K, 68% used [0x00000000d6100000,0x00000000d6158000,0x00000000d6180000)
  to   space 512K, 0% used [0x00000000d6080000,0x00000000d6080000,0x00000000d6100000)
 ParOldGen       total 221696K, used 221478K [0x0000000080000000, 0x000000008d880000, 0x00000000d5580000)
  object space 221696K, 99% used [0x0000000080000000,0x000000008d849a48,0x000000008d880000)
 Metaspace       used 70838K, committed 72256K, reserved 1114112K
  class space    used 7812K, committed 8448K, reserved 1048576K
}
Event: 29.473 GC heap before
{Heap before GC invocations=290 (full 3):
 PSYoungGen      total 11264K, used 11104K [0x00000000d5580000, 0x00000000d6180000, 0x0000000100000000)
  eden space 10752K, 100% used [0x00000000d5580000,0x00000000d6000000,0x00000000d6000000)
  from space 512K, 68% used [0x00000000d6100000,0x00000000d6158000,0x00000000d6180000)
  to   space 512K, 0% used [0x00000000d6080000,0x00000000d6080000,0x00000000d6100000)
 ParOldGen       total 221696K, used 221478K [0x0000000080000000, 0x000000008d880000, 0x00000000d5580000)
  object space 221696K, 99% used [0x0000000080000000,0x000000008d849a48,0x000000008d880000)
 Metaspace       used 70839K, committed 72256K, reserved 1114112K
  class space    used 7812K, committed 8448K, reserved 1048576K
}
Event: 29.483 GC heap after
{Heap after GC invocations=290 (full 3):
 PSYoungGen      total 11264K, used 288K [0x00000000d5580000, 0x00000000d6180000, 0x0000000100000000)
  eden space 10752K, 0% used [0x00000000d5580000,0x00000000d5580000,0x00000000d6000000)
  from space 512K, 56% used [0x00000000d6080000,0x00000000d60c8000,0x00000000d6100000)
  to   space 512K, 0% used [0x00000000d6100000,0x00000000d6100000,0x00000000d6180000)
 ParOldGen       total 227840K, used 227746K [0x0000000080000000, 0x000000008de80000, 0x00000000d5580000)
  object space 227840K, 99% used [0x0000000080000000,0x000000008de68850,0x000000008de80000)
 Metaspace       used 70839K, committed 72256K, reserved 1114112K
  class space    used 7812K, committed 8448K, reserved 1048576K
}
Event: 29.515 GC heap before
{Heap before GC invocations=291 (full 3):
 PSYoungGen      total 11264K, used 11040K [0x00000000d5580000, 0x00000000d6180000, 0x0000000100000000)
  eden space 10752K, 100% used [0x00000000d5580000,0x00000000d6000000,0x00000000d6000000)
  from space 512K, 56% used [0x00000000d6080000,0x00000000d60c8000,0x00000000d6100000)
  to   space 512K, 0% used [0x00000000d6100000,0x00000000d6100000,0x00000000d6180000)
 ParOldGen       total 227840K, used 227746K [0x0000000080000000, 0x000000008de80000, 0x00000000d5580000)
  object space 227840K, 99% used [0x0000000080000000,0x000000008de68850,0x000000008de80000)
 Metaspace       used 70896K, committed 72320K, reserved 1114112K
  class space    used 7819K, committed 8448K, reserved 1048576K
}
Event: 29.519 GC heap after
{Heap after GC invocations=291 (full 3):
 PSYoungGen      total 11264K, used 348K [0x00000000d5580000, 0x00000000d6180000, 0x0000000100000000)
  eden space 10752K, 0% used [0x00000000d5580000,0x00000000d5580000,0x00000000d6000000)
  from space 512K, 68% used [0x00000000d6100000,0x00000000d6157308,0x00000000d6180000)
  to   space 512K, 0% used [0x00000000d6080000,0x00000000d6080000,0x00000000d6100000)
 ParOldGen       total 228352K, used 227874K [0x0000000080000000, 0x000000008df00000, 0x00000000d5580000)
  object space 228352K, 99% used [0x0000000080000000,0x000000008de88850,0x000000008df00000)
 Metaspace       used 70896K, committed 72320K, reserved 1114112K
  class space    used 7819K, committed 8448K, reserved 1048576K
}
Event: 29.537 GC heap before
{Heap before GC invocations=292 (full 3):
 PSYoungGen      total 11264K, used 11100K [0x00000000d5580000, 0x00000000d6180000, 0x0000000100000000)
  eden space 10752K, 100% used [0x00000000d5580000,0x00000000d6000000,0x00000000d6000000)
  from space 512K, 68% used [0x00000000d6100000,0x00000000d6157308,0x00000000d6180000)
  to   space 512K, 0% used [0x00000000d6080000,0x00000000d6080000,0x00000000d6100000)
 ParOldGen       total 228352K, used 227874K [0x0000000080000000, 0x000000008df00000, 0x00000000d5580000)
  object space 228352K, 99% used [0x0000000080000000,0x000000008de88850,0x000000008df00000)
 Metaspace       used 70964K, committed 72384K, reserved 1114112K
  class space    used 7825K, committed 8448K, reserved 1048576K
}
Event: 29.540 GC heap after
{Heap after GC invocations=292 (full 3):
 PSYoungGen      total 11264K, used 320K [0x00000000d5580000, 0x00000000d6180000, 0x0000000100000000)
  eden space 10752K, 0% used [0x00000000d5580000,0x00000000d5580000,0x00000000d6000000)
  from space 512K, 62% used [0x00000000d6080000,0x00000000d60d0000,0x00000000d6100000)
  to   space 512K, 0% used [0x00000000d6100000,0x00000000d6100000,0x00000000d6180000)
 ParOldGen       total 228352K, used 228100K [0x0000000080000000, 0x000000008df00000, 0x00000000d5580000)
  object space 228352K, 99% used [0x0000000080000000,0x000000008dec1150,0x000000008df00000)
 Metaspace       used 70964K, committed 72384K, reserved 1114112K
  class space    used 7825K, committed 8448K, reserved 1048576K
}
Event: 29.567 GC heap before
{Heap before GC invocations=293 (full 3):
 PSYoungGen      total 11264K, used 11072K [0x00000000d5580000, 0x00000000d6180000, 0x0000000100000000)
  eden space 10752K, 100% used [0x00000000d5580000,0x00000000d6000000,0x00000000d6000000)
  from space 512K, 62% used [0x00000000d6080000,0x00000000d60d0000,0x00000000d6100000)
  to   space 512K, 0% used [0x00000000d6100000,0x00000000d6100000,0x00000000d6180000)
 ParOldGen       total 228352K, used 228100K [0x0000000080000000, 0x000000008df00000, 0x00000000d5580000)
  object space 228352K, 99% used [0x0000000080000000,0x000000008dec1150,0x000000008df00000)
 Metaspace       used 71096K, committed 72448K, reserved 1114112K
  class space    used 7836K, committed 8448K, reserved 1048576K
}
Event: 29.570 GC heap after
{Heap after GC invocations=293 (full 3):
 PSYoungGen      total 11264K, used 384K [0x00000000d5580000, 0x00000000d6180000, 0x0000000100000000)
  eden space 10752K, 0% used [0x00000000d5580000,0x00000000d5580000,0x00000000d6000000)
  from space 512K, 75% used [0x00000000d6100000,0x00000000d6160000,0x00000000d6180000)
  to   space 512K, 0% used [0x00000000d6080000,0x00000000d6080000,0x00000000d6100000)
 ParOldGen       total 228352K, used 228308K [0x0000000080000000, 0x000000008df00000, 0x00000000d5580000)
  object space 228352K, 99% used [0x0000000080000000,0x000000008def5150,0x000000008df00000)
 Metaspace       used 71096K, committed 72448K, reserved 1114112K
  class space    used 7836K, committed 8448K, reserved 1048576K
}
Event: 29.597 GC heap before
{Heap before GC invocations=294 (full 3):
 PSYoungGen      total 11264K, used 11136K [0x00000000d5580000, 0x00000000d6180000, 0x0000000100000000)
  eden space 10752K, 100% used [0x00000000d5580000,0x00000000d6000000,0x00000000d6000000)
  from space 512K, 75% used [0x00000000d6100000,0x00000000d6160000,0x00000000d6180000)
  to   space 512K, 0% used [0x00000000d6080000,0x00000000d6080000,0x00000000d6100000)
 ParOldGen       total 228352K, used 228308K [0x0000000080000000, 0x000000008df00000, 0x00000000d5580000)
  object space 228352K, 99% used [0x0000000080000000,0x000000008def5150,0x000000008df00000)
 Metaspace       used 71154K, committed 72512K, reserved 1114112K
  class space    used 7844K, committed 8448K, reserved 1048576K
}
Event: 29.602 GC heap after
{Heap after GC invocations=294 (full 3):
 PSYoungGen      total 11264K, used 11136K [0x00000000d5580000, 0x00000000d6180000, 0x0000000100000000)
  eden space 10752K, 100% used [0x00000000d5580000,0x00000000d6000000,0x00000000d6000000)
  from space 512K, 75% used [0x00000000d6100000,0x00000000d6160000,0x00000000d6180000)
  to   space 512K, 91% used [0x00000000d6080000,0x00000000d60f5320,0x00000000d6100000)
 ParOldGen       total 228864K, used 228484K [0x0000000080000000, 0x000000008df80000, 0x00000000d5580000)
  object space 228864K, 99% used [0x0000000080000000,0x000000008df21150,0x000000008df80000)
 Metaspace       used 71154K, committed 72512K, reserved 1114112K
  class space    used 7844K, committed 8448K, reserved 1048576K
}
Event: 29.602 GC heap before
{Heap before GC invocations=295 (full 4):
 PSYoungGen      total 11264K, used 11136K [0x00000000d5580000, 0x00000000d6180000, 0x0000000100000000)
  eden space 10752K, 100% used [0x00000000d5580000,0x00000000d6000000,0x00000000d6000000)
  from space 512K, 75% used [0x00000000d6100000,0x00000000d6160000,0x00000000d6180000)
  to   space 512K, 91% used [0x00000000d6080000,0x00000000d60f5320,0x00000000d6100000)
 ParOldGen       total 228864K, used 228484K [0x0000000080000000, 0x000000008df80000, 0x00000000d5580000)
  object space 228864K, 99% used [0x0000000080000000,0x000000008df21150,0x000000008df80000)
 Metaspace       used 71154K, committed 72512K, reserved 1114112K
  class space    used 7844K, committed 8448K, reserved 1048576K
}

Dll operation events (13 events):
Event: 0.015 Loaded shared library c:\Users\Nandhitha_R\.antigravity\extensions\redhat.java-1.54.0-win32-x64\jre\21.0.10-win32-x86_64\bin\java.dll
Event: 0.092 Loaded shared library c:\Users\Nandhitha_R\.antigravity\extensions\redhat.java-1.54.0-win32-x64\jre\21.0.10-win32-x86_64\bin\zip.dll
Event: 0.124 Loaded shared library C:\Users\Nandhitha_R\.antigravity\extensions\redhat.java-1.54.0-win32-x64\jre\21.0.10-win32-x86_64\bin\instrument.dll
Event: 0.131 Loaded shared library C:\Users\Nandhitha_R\.antigravity\extensions\redhat.java-1.54.0-win32-x64\jre\21.0.10-win32-x86_64\bin\net.dll
Event: 0.136 Loaded shared library C:\Users\Nandhitha_R\.antigravity\extensions\redhat.java-1.54.0-win32-x64\jre\21.0.10-win32-x86_64\bin\nio.dll
Event: 0.140 Loaded shared library C:\Users\Nandhitha_R\.antigravity\extensions\redhat.java-1.54.0-win32-x64\jre\21.0.10-win32-x86_64\bin\zip.dll
Event: 0.161 Loaded shared library C:\Users\Nandhitha_R\.antigravity\extensions\redhat.java-1.54.0-win32-x64\jre\21.0.10-win32-x86_64\bin\jimage.dll
Event: 0.265 Loaded shared library c:\Users\Nandhitha_R\.antigravity\extensions\redhat.java-1.54.0-win32-x64\jre\21.0.10-win32-x86_64\bin\verify.dll
Event: 2.557 Loaded shared library C:\Users\Nandhitha_R\AppData\Roaming\Antigravity\User\globalStorage\redhat.java\1.54.0\config_win\org.eclipse.equinox.launcher\org.eclipse.equinox.launcher.win32.win32.x86_64_1.3.0.v20260203-2149\eclipse_11919.dll
Event: 6.033 Loaded shared library C:\Users\Nandhitha_R\AppData\Local\Temp\jna-1848106422\jna6932577494721425850.dll
Event: 13.808 Loaded shared library C:\Users\Nandhitha_R\.antigravity\extensions\redhat.java-1.54.0-win32-x64\jre\21.0.10-win32-x86_64\bin\sunmscapi.dll
Event: 14.206 Loaded shared library C:\Users\Nandhitha_R\.antigravity\extensions\redhat.java-1.54.0-win32-x64\jre\21.0.10-win32-x86_64\bin\extnet.dll
Event: 27.992 Loaded shared library C:\Users\Nandhitha_R\.gradle\native\1def1411415f61bf3af743bc5b6707747c0891f09f0c88961ee8f79bc544acac\windows-amd64\native-platform.dll

Deoptimization events (20 events):
Event: 29.499 Thread 0x00000291638f3bf0 DEOPT PACKING pc=0x0000029107bf08a2 sp=0x000000a37e9fda20
Event: 29.499 Thread 0x00000291638f3bf0 DEOPT UNPACKING pc=0x000002910dbd4242 sp=0x000000a37e9fcf98 mode 0
Event: 29.510 Thread 0x00000291638f3bf0 Uncommon trap: trap_request=0xffffffde fr.pc=0x000002910e84bed4 relative=0x0000000000000b94
Event: 29.510 Thread 0x00000291638f3bf0 Uncommon trap: reason=class_check action=maybe_recompile pc=0x000002910e84bed4 method=java.text.MessageFormat.format(Ljava/lang/Object;Ljava/lang/StringBuffer;Ljava/text/FieldPosition;)Ljava/lang/StringBuffer; @ 2 c2
Event: 29.510 Thread 0x00000291638f3bf0 DEOPT PACKING pc=0x000002910e84bed4 sp=0x000000a37e9fe830
Event: 29.510 Thread 0x00000291638f3bf0 DEOPT UNPACKING pc=0x000002910dbd3aa2 sp=0x000000a37e9fe7b0 mode 2
Event: 29.512 Thread 0x00000291638f3bf0 Uncommon trap: trap_request=0xffffffde fr.pc=0x000002910e84bed4 relative=0x0000000000000b94
Event: 29.512 Thread 0x00000291638f3bf0 Uncommon trap: reason=class_check action=maybe_recompile pc=0x000002910e84bed4 method=java.text.MessageFormat.format(Ljava/lang/Object;Ljava/lang/StringBuffer;Ljava/text/FieldPosition;)Ljava/lang/StringBuffer; @ 2 c2
Event: 29.512 Thread 0x00000291638f3bf0 DEOPT PACKING pc=0x000002910e84bed4 sp=0x000000a37e9fe830
Event: 29.513 Thread 0x00000291638f3bf0 DEOPT UNPACKING pc=0x000002910dbd3aa2 sp=0x000000a37e9fe7b0 mode 2
Event: 29.582 Thread 0x0000029165bc5980 DEOPT PACKING pc=0x00000291074b5926 sp=0x000000a37eafd160
Event: 29.582 Thread 0x0000029165bc5980 DEOPT UNPACKING pc=0x000002910dbd4242 sp=0x000000a37eafc650 mode 0
Event: 29.589 Thread 0x00000291638f3bf0 Uncommon trap: trap_request=0xffffffde fr.pc=0x000002910e84bed4 relative=0x0000000000000b94
Event: 29.589 Thread 0x00000291638f3bf0 Uncommon trap: reason=class_check action=maybe_recompile pc=0x000002910e84bed4 method=java.text.MessageFormat.format(Ljava/lang/Object;Ljava/lang/StringBuffer;Ljava/text/FieldPosition;)Ljava/lang/StringBuffer; @ 2 c2
Event: 29.589 Thread 0x00000291638f3bf0 DEOPT PACKING pc=0x000002910e84bed4 sp=0x000000a37e9fe790
Event: 29.589 Thread 0x00000291638f3bf0 DEOPT UNPACKING pc=0x000002910dbd3aa2 sp=0x000000a37e9fe710 mode 2
Event: 29.590 Thread 0x00000291638f3bf0 Uncommon trap: trap_request=0xffffffde fr.pc=0x000002910e84bed4 relative=0x0000000000000b94
Event: 29.590 Thread 0x00000291638f3bf0 Uncommon trap: reason=class_check action=maybe_recompile pc=0x000002910e84bed4 method=java.text.MessageFormat.format(Ljava/lang/Object;Ljava/lang/StringBuffer;Ljava/text/FieldPosition;)Ljava/lang/StringBuffer; @ 2 c2
Event: 29.590 Thread 0x00000291638f3bf0 DEOPT PACKING pc=0x000002910e84bed4 sp=0x000000a37e9fe790
Event: 29.590 Thread 0x00000291638f3bf0 DEOPT UNPACKING pc=0x000002910dbd3aa2 sp=0x000000a37e9fe710 mode 2

Classes loaded (20 events):
Event: 19.205 Loading class java/util/HashMap$EntrySpliterator
Event: 19.205 Loading class java/util/HashMap$EntrySpliterator done
Event: 20.453 Loading class java/util/stream/ReduceOps$4
Event: 20.453 Loading class java/util/stream/ReduceOps$4 done
Event: 20.453 Loading class java/util/stream/ReduceOps$4ReducingSink
Event: 20.454 Loading class java/util/stream/ReduceOps$4ReducingSink done
Event: 26.800 Loading class java/util/concurrent/CopyOnWriteArraySet
Event: 26.801 Loading class java/util/concurrent/CopyOnWriteArraySet done
Event: 26.935 Loading class java/util/concurrent/ArrayBlockingQueue
Event: 26.936 Loading class java/util/concurrent/ArrayBlockingQueue done
Event: 27.169 Loading class java/io/FileFilter
Event: 27.169 Loading class java/io/FileFilter done
Event: 27.219 Loading class java/util/concurrent/ConcurrentHashMap$ValueSpliterator
Event: 27.219 Loading class java/util/concurrent/ConcurrentHashMap$ValueSpliterator done
Event: 27.223 Loading class jdk/internal/loader/BootLoader$PackageHelper
Event: 27.223 Loading class jdk/internal/loader/BootLoader$PackageHelper done
Event: 28.121 Loading class java/lang/Class$EnclosingMethodInfo
Event: 28.122 Loading class java/lang/Class$EnclosingMethodInfo done
Event: 28.272 Loading class java/lang/UnsupportedClassVersionError
Event: 28.272 Loading class java/lang/UnsupportedClassVersionError done

Classes unloaded (11 events):
Event: 7.036 Thread 0x000002915c032640 Unloading class 0x000002911b1a8c00 'java/lang/invoke/LambdaForm$MH+0x000002911b1a8c00'
Event: 7.036 Thread 0x000002915c032640 Unloading class 0x000002911b1a8800 'java/lang/invoke/LambdaForm$MH+0x000002911b1a8800'
Event: 7.036 Thread 0x000002915c032640 Unloading class 0x000002911b1a8400 'java/lang/invoke/LambdaForm$MH+0x000002911b1a8400'
Event: 7.036 Thread 0x000002915c032640 Unloading class 0x000002911b1a8000 'java/lang/invoke/LambdaForm$MH+0x000002911b1a8000'
Event: 7.036 Thread 0x000002915c032640 Unloading class 0x000002911b1a7c00 'java/lang/invoke/LambdaForm$BMH+0x000002911b1a7c00'
Event: 7.036 Thread 0x000002915c032640 Unloading class 0x000002911b1a7800 'java/lang/invoke/LambdaForm$DMH+0x000002911b1a7800'
Event: 7.036 Thread 0x000002915c032640 Unloading class 0x000002911b1a6400 'java/lang/invoke/LambdaForm$DMH+0x000002911b1a6400'
Event: 8.998 Thread 0x000002915c032640 Unloading class 0x000002911b32b800 'java/lang/invoke/LambdaForm$MH+0x000002911b32b800'
Event: 8.998 Thread 0x000002915c032640 Unloading class 0x000002911b32b000 'java/lang/invoke/LambdaForm$MH+0x000002911b32b000'
Event: 8.999 Thread 0x000002915c032640 Unloading class 0x000002911b32ac00 'java/lang/invoke/LambdaForm$DMH+0x000002911b32ac00'
Event: 8.999 Thread 0x000002915c032640 Unloading class 0x000002911b32a000 'java/lang/invoke/LambdaForm$MH+0x000002911b32a000'

Classes redefined (0 events):
No events

Internal exceptions (20 events):
Event: 20.893 Thread 0x000002916283a300 Exception <a 'sun/nio/fs/WindowsException'{0x00000000d5bc0220}> (0x00000000d5bc0220) 
thrown [s\src\hotspot\share\prims\jni.cpp, line 520]
Event: 20.893 Thread 0x000002916283a300 Exception <a 'sun/nio/fs/WindowsException'{0x00000000d5bc0938}> (0x00000000d5bc0938) 
thrown [s\src\hotspot\share\prims\jni.cpp, line 520]
Event: 20.894 Thread 0x000002916283a300 Exception <a 'sun/nio/fs/WindowsException'{0x00000000d5bc3020}> (0x00000000d5bc3020) 
thrown [s\src\hotspot\share\prims\jni.cpp, line 520]
Event: 20.894 Thread 0x000002916283a300 Exception <a 'sun/nio/fs/WindowsException'{0x00000000d5bc3900}> (0x00000000d5bc3900) 
thrown [s\src\hotspot\share\prims\jni.cpp, line 520]
Event: 20.895 Thread 0x000002916283a300 Exception <a 'sun/nio/fs/WindowsException'{0x00000000d5bc4b48}> (0x00000000d5bc4b48) 
thrown [s\src\hotspot\share\prims\jni.cpp, line 520]
Event: 20.895 Thread 0x000002916283a300 Exception <a 'sun/nio/fs/WindowsException'{0x00000000d5bc5510}> (0x00000000d5bc5510) 
thrown [s\src\hotspot\share\prims\jni.cpp, line 520]
Event: 21.000 Thread 0x000002916283a300 Implicit null exception at 0x000002910e6dce28 to 0x000002910e6dd6e4
Event: 21.470 Thread 0x0000029162836e80 Exception <a 'java/lang/NoSuchMethodError'{0x00000000d5a76c88}: 'void java.lang.invoke.DirectMethodHandle$Holder.invokeVirtual(java.lang.Object, java.lang.Object, java.lang.Object, java.lang.Object, java.lang.Object)'> (0x00000000d5a76c88) 
thrown [s\src\hotspot\share\interpreter\linkResolver.cpp, line 773]
Event: 21.530 Thread 0x00000291638f0e00 Implicit null exception at 0x000002910e5a16a1 to 0x000002910e5a19b4
Event: 21.774 Thread 0x0000029162836e80 Exception <a 'java/io/FileNotFoundException'{0x00000000d5792c50}> (0x00000000d5792c50) 
thrown [s\src\hotspot\share\prims\jni.cpp, line 520]
Event: 21.774 Thread 0x0000029162836e80 Exception <a 'java/io/FileNotFoundException'{0x00000000d5891ff8}> (0x00000000d5891ff8) 
thrown [s\src\hotspot\share\prims\jni.cpp, line 520]
Event: 21.775 Thread 0x0000029162836e80 Exception <a 'java/io/FileNotFoundException'{0x00000000d5892db0}> (0x00000000d5892db0) 
thrown [s\src\hotspot\share\prims\jni.cpp, line 520]
Event: 22.107 Thread 0x0000029162836e80 Exception <a 'java/lang/NoSuchMethodError'{0x00000000d58aedb8}: 'int java.lang.invoke.Invokers$Holder.invokeExact_MT(java.lang.Object, java.lang.Object)'> (0x00000000d58aedb8) 
thrown [s\src\hotspot\share\interpreter\linkResolver.cpp, line 773]
Event: 22.756 Thread 0x00000291638f0e00 Implicit null exception at 0x000002910e69d1c8 to 0x000002910e69dbd4
Event: 23.167 Thread 0x0000029162836e80 Exception <a 'java/lang/NoSuchMethodError'{0x00000000d5848638}: 'java.lang.Object java.lang.invoke.DirectMethodHandle$Holder.invokeStatic(java.lang.Object, java.lang.Object, int, java.lang.Object)'> (0x00000000d5848638) 
thrown [s\src\hotspot\share\interpreter\linkResolver.cpp, line 773]
Event: 23.172 Thread 0x0000029162836e80 Exception <a 'java/lang/NoSuchMethodError'{0x00000000d5c9dfb0}: 'java.lang.Object java.lang.invoke.DirectMethodHandle$Holder.newInvokeSpecial(java.lang.Object, java.lang.Object, int)'> (0x00000000d5c9dfb0) 
thrown [s\src\hotspot\share\interpreter\linkResolver.cpp, line 773]
Event: 26.808 Thread 0x000002916283a300 Exception <a 'java/lang/NoSuchMethodError'{0x00000000d5ca0e78}: 'java.lang.Object java.lang.invoke.DirectMethodHandle$Holder.invokeVirtual(java.lang.Object, java.lang.Object, java.lang.Object, java.lang.Object)'> (0x00000000d5ca0e78) 
thrown [s\src\hotspot\share\interpreter\linkResolver.cpp, line 773]
Event: 26.813 Thread 0x000002916283a300 Exception <a 'java/lang/NoSuchMethodError'{0x00000000d5f6ff60}: 'java.lang.Object java.lang.invoke.DirectMethodHandle$Holder.invokeVirtual(java.lang.Object, java.lang.Object, java.lang.Object, java.lang.Object, java.lang.Object)'> (0x00000000d5f6ff60) 
thrown [s\src\hotspot\share\interpreter\linkResolver.cpp, line 773]
Event: 28.012 Thread 0x0000029164f56460 Exception <a 'java/lang/IncompatibleClassChangeError'{0x00000000d5bee668}: Found class java.lang.Object, but interface was expected> (0x00000000d5bee668) 
thrown [s\src\hotspot\share\interpreter\linkResolver.cpp, line 840]
Event: 28.372 Thread 0x00000291638f1490 Exception <a 'java/lang/IncompatibleClassChangeError'{0x00000000d5b0fb50}: Found class java.lang.Object, but interface was expected> (0x00000000d5b0fb50) 
thrown [s\src\hotspot\share\interpreter\linkResolver.cpp, line 840]

ZGC Phase Switch (0 events):
No events

VM Operations (20 events):
Event: 29.345 Executing safepoint VM operation: ParallelGCFailedAllocation (Allocation Failure) done
Event: 29.358 Executing safepoint VM operation: ParallelGCFailedAllocation (Allocation Failure)
Event: 29.361 Executing safepoint VM operation: ParallelGCFailedAllocation (Allocation Failure) done
Event: 29.387 Executing safepoint VM operation: ParallelGCFailedAllocation (Allocation Failure)
Event: 29.390 Executing safepoint VM operation: ParallelGCFailedAllocation (Allocation Failure) done
Event: 29.409 Executing safepoint VM operation: ParallelGCFailedAllocation (Allocation Failure)
Event: 29.411 Executing safepoint VM operation: ParallelGCFailedAllocation (Allocation Failure) done
Event: 29.436 Executing safepoint VM operation: ParallelGCFailedAllocation (Allocation Failure)
Event: 29.439 Executing safepoint VM operation: ParallelGCFailedAllocation (Allocation Failure) done
Event: 29.459 Executing safepoint VM operation: ParallelGCFailedAllocation (Allocation Failure)
Event: 29.462 Executing safepoint VM operation: ParallelGCFailedAllocation (Allocation Failure) done
Event: 29.473 Executing safepoint VM operation: ParallelGCFailedAllocation (Allocation Failure)
Event: 29.483 Executing safepoint VM operation: ParallelGCFailedAllocation (Allocation Failure) done
Event: 29.515 Executing safepoint VM operation: ParallelGCFailedAllocation (Allocation Failure)
Event: 29.519 Executing safepoint VM operation: ParallelGCFailedAllocation (Allocation Failure) done
Event: 29.537 Executing safepoint VM operation: ParallelGCFailedAllocation (Allocation Failure)
Event: 29.540 Executing safepoint VM operation: ParallelGCFailedAllocation (Allocation Failure) done
Event: 29.567 Executing safepoint VM operation: ParallelGCFailedAllocation (Allocation Failure)
Event: 29.570 Executing safepoint VM operation: ParallelGCFailedAllocation (Allocation Failure) done
Event: 29.597 Executing safepoint VM operation: ParallelGCFailedAllocation (Allocation Failure)

Memory protections (0 events):
No events

Nmethod flushes (20 events):
Event: 18.233 Thread 0x000002915c032640 flushing  nmethod 0x0000029106ea9390
Event: 18.233 Thread 0x000002915c032640 flushing  nmethod 0x0000029106eaed10
Event: 18.233 Thread 0x000002915c032640 flushing  nmethod 0x0000029106ee6590
Event: 18.233 Thread 0x000002915c032640 flushing  nmethod 0x0000029106ee6b90
Event: 18.233 Thread 0x000002915c032640 flushing  nmethod 0x0000029106ee7110
Event: 18.233 Thread 0x000002915c032640 flushing  nmethod 0x0000029106ee7990
Event: 18.233 Thread 0x000002915c032640 flushing  nmethod 0x0000029106ee8090
Event: 18.233 Thread 0x000002915c032640 flushing  nmethod 0x0000029106eea790
Event: 18.233 Thread 0x000002915c032640 flushing  nmethod 0x0000029106eeab10
Event: 18.233 Thread 0x000002915c032640 flushing  nmethod 0x0000029106f26190
Event: 18.233 Thread 0x000002915c032640 flushing  nmethod 0x0000029106f37e90
Event: 18.233 Thread 0x000002915c032640 flushing  nmethod 0x0000029106f40f90
Event: 18.233 Thread 0x000002915c032640 flushing  nmethod 0x0000029106f41d10
Event: 18.233 Thread 0x000002915c032640 flushing  nmethod 0x0000029106f42e90
Event: 18.233 Thread 0x000002915c032640 flushing  nmethod 0x0000029106f43b90
Event: 18.233 Thread 0x000002915c032640 flushing  nmethod 0x0000029106f43f90
Event: 18.233 Thread 0x000002915c032640 flushing  nmethod 0x0000029106f44390
Event: 18.233 Thread 0x000002915c032640 flushing  nmethod 0x0000029106f45110
Event: 18.233 Thread 0x000002915c032640 flushing  nmethod 0x0000029106f61f10
Event: 18.233 Thread 0x000002915c032640 flushing  nmethod 0x0000029106f63110

Events (20 events):
Event: 15.198 Thread 0x00000291638f00e0 Thread exited: 0x00000291638f00e0
Event: 15.397 Thread 0x0000029165567120 Thread exited: 0x0000029165567120
Event: 15.397 Thread 0x0000029162916620 Thread exited: 0x0000029162916620
Event: 15.636 Thread 0x00000291638f1490 Thread exited: 0x00000291638f1490
Event: 15.642 Thread 0x000002915c0579b0 Thread added: 0x0000029165567120
Event: 15.921 Thread 0x000002915c056cb0 Thread added: 0x0000029164827ba0
Event: 18.765 Thread 0x0000029164f56460 Thread added: 0x00000291638f0e00
Event: 18.768 Thread 0x0000029164f56460 Thread added: 0x00000291638f00e0
Event: 18.768 Thread 0x00000291638f00e0 Thread added: 0x00000291638efa50
Event: 18.769 Thread 0x00000291638efa50 Thread added: 0x00000291638f1490
Event: 18.770 Thread 0x00000291638f1490 Thread added: 0x00000291638eed30
Event: 18.778 Thread 0x0000029164f56460 Thread added: 0x00000291638f2ed0
Event: 18.788 Thread 0x0000029164f56460 Thread added: 0x00000291638f3560
Event: 18.835 Thread 0x00000291638f2ed0 Thread added: 0x00000291638f4280
Event: 18.835 Thread 0x00000291638eed30 Thread added: 0x00000291638f4910
Event: 18.836 Thread 0x00000291638f1490 Thread added: 0x00000291638f2840
Event: 18.837 Thread 0x0000029162838f50 Thread added: 0x00000291638f3bf0
Event: 25.692 Thread 0x0000029164827ba0 Thread exited: 0x0000029164827ba0
Event: 26.175 Thread 0x000002915c0579b0 Thread added: 0x0000029163de8aa0
Event: 27.012 Thread 0x000002916283a300 Thread added: 0x0000029165bc5980


Dynamic libraries:
0x00007ff70e350000 - 0x00007ff70e35e000 	c:\Users\Nandhitha_R\.antigravity\extensions\redhat.java-1.54.0-win32-x64\jre\21.0.10-win32-x86_64\bin\java.exe
0x00007ffe8a2a0000 - 0x00007ffe8a507000 	C:\Windows\SYSTEM32\ntdll.dll
0x00007ffe89c30000 - 0x00007ffe89cf9000 	C:\Windows\System32\KERNEL32.DLL
0x00007ffe87c20000 - 0x00007ffe88017000 	C:\Windows\System32\KERNELBASE.dll
0x00007ffe55b70000 - 0x00007ffe55bdc000 	C:\Program Files (x86)\K7 Computing\K7TSecurity\K7CrvrEx64.dll
0x00007ffe89990000 - 0x00007ffe89a46000 	C:\Windows\System32\ADVAPI32.dll
0x00007ffe88cf0000 - 0x00007ffe88d99000 	C:\Windows\System32\msvcrt.dll
0x00007ffe88260000 - 0x00007ffe88307000 	C:\Windows\System32\sechost.dll
0x00007ffe89a50000 - 0x00007ffe89b68000 	C:\Windows\System32\RPCRT4.dll
0x00007ffe55ac0000 - 0x00007ffe55b1c000 	C:\Program Files (x86)\K7 Computing\K7TSecurity\K7Crvr64.dll
0x00007ffe86d90000 - 0x00007ffe86edb000 	C:\Windows\System32\ucrtbase.dll
0x00007ffe17650000 - 0x00007ffe1766e000 	c:\Users\Nandhitha_R\.antigravity\extensions\redhat.java-1.54.0-win32-x64\jre\21.0.10-win32-x86_64\bin\VCRUNTIME140.dll
0x00007ffe159b0000 - 0x00007ffe159c8000 	c:\Users\Nandhitha_R\.antigravity\extensions\redhat.java-1.54.0-win32-x64\jre\21.0.10-win32-x86_64\bin\jli.dll
0x00007ffe8a030000 - 0x00007ffe8a1f6000 	C:\Windows\System32\USER32.dll
0x00007ffe6a770000 - 0x00007ffe6aa02000 	C:\Windows\WinSxS\amd64_microsoft.windows.common-controls_6595b64144ccf1df_6.0.26100.8457_none_3e0b2faee331e92d\COMCTL32.dll
0x00007ffe87910000 - 0x00007ffe87937000 	C:\Windows\System32\win32u.dll
0x00007ffe89b70000 - 0x00007ffe89b9b000 	C:\Windows\System32\GDI32.dll
0x00007ffe86ee0000 - 0x00007ffe8700c000 	C:\Windows\System32\gdi32full.dll
0x00007ffe87b70000 - 0x00007ffe87c13000 	C:\Windows\System32\msvcp_win.dll
0x00007ffe89f50000 - 0x00007ffe89f82000 	C:\Windows\System32\IMM32.DLL
0x00007ffe83b90000 - 0x00007ffe83b9c000 	c:\Users\Nandhitha_R\.antigravity\extensions\redhat.java-1.54.0-win32-x64\jre\21.0.10-win32-x86_64\bin\vcruntime140_1.dll
0x00007ffe0a7c0000 - 0x00007ffe0a84d000 	c:\Users\Nandhitha_R\.antigravity\extensions\redhat.java-1.54.0-win32-x64\jre\21.0.10-win32-x86_64\bin\msvcp140.dll
0x00007ffdf9c20000 - 0x00007ffdfa9c1000 	c:\Users\Nandhitha_R\.antigravity\extensions\redhat.java-1.54.0-win32-x64\jre\21.0.10-win32-x86_64\bin\server\jvm.dll
0x00007ffe89f90000 - 0x00007ffe8a010000 	C:\Windows\System32\WS2_32.dll
0x00007ffe86b30000 - 0x00007ffe86b8e000 	C:\Windows\SYSTEM32\POWRPROF.dll
0x00007ffe83cf0000 - 0x00007ffe83d26000 	C:\Windows\SYSTEM32\WINMM.dll
0x00007ffe73230000 - 0x00007ffe7323b000 	C:\Windows\SYSTEM32\VERSION.dll
0x00007ffe86b10000 - 0x00007ffe86b24000 	C:\Windows\SYSTEM32\UMPDC.dll
0x00007ffe85a60000 - 0x00007ffe85a7b000 	C:\Windows\SYSTEM32\kernel.appcore.dll
0x00007ffe45070000 - 0x00007ffe4507a000 	c:\Users\Nandhitha_R\.antigravity\extensions\redhat.java-1.54.0-win32-x64\jre\21.0.10-win32-x86_64\bin\jimage.dll
0x00007ffe84b00000 - 0x00007ffe84d42000 	C:\Windows\SYSTEM32\DBGHELP.DLL
0x00007ffe894a0000 - 0x00007ffe89823000 	C:\Windows\System32\combase.dll
0x00007ffe880c0000 - 0x00007ffe88199000 	C:\Windows\System32\OLEAUT32.dll
0x00007ffe65e50000 - 0x00007ffe65e8b000 	C:\Windows\SYSTEM32\dbgcore.DLL
0x00007ffe87940000 - 0x00007ffe879e8000 	C:\Windows\System32\bcryptPrimitives.dll
0x00007ffe13790000 - 0x00007ffe1379f000 	c:\Users\Nandhitha_R\.antigravity\extensions\redhat.java-1.54.0-win32-x64\jre\21.0.10-win32-x86_64\bin\instrument.dll
0x00007ffe15970000 - 0x00007ffe15990000 	c:\Users\Nandhitha_R\.antigravity\extensions\redhat.java-1.54.0-win32-x64\jre\21.0.10-win32-x86_64\bin\java.dll
0x00007ffe88320000 - 0x00007ffe88a8e000 	C:\Windows\System32\SHELL32.dll
0x00007ffe87010000 - 0x00007ffe8787c000 	C:\Windows\System32\windows.storage.dll
0x00007ffe88ba0000 - 0x00007ffe88c96000 	C:\Windows\System32\SHCORE.dll
0x00007ffe88050000 - 0x00007ffe880b6000 	C:\Windows\System32\shlwapi.dll
0x00007ffe86bf0000 - 0x00007ffe86c19000 	C:\Windows\SYSTEM32\profapi.dll
0x00007ffe15990000 - 0x00007ffe159a8000 	c:\Users\Nandhitha_R\.antigravity\extensions\redhat.java-1.54.0-win32-x64\jre\21.0.10-win32-x86_64\bin\zip.dll
0x00007ffe17480000 - 0x00007ffe17490000 	C:\Users\Nandhitha_R\.antigravity\extensions\redhat.java-1.54.0-win32-x64\jre\21.0.10-win32-x86_64\bin\net.dll
0x00007ffe7cd90000 - 0x00007ffe7ceb9000 	C:\Windows\SYSTEM32\WINHTTP.dll
0x00007ffe85fd0000 - 0x00007ffe8603c000 	C:\Windows\system32\mswsock.dll
0x00007ffe137a0000 - 0x00007ffe137b6000 	C:\Users\Nandhitha_R\.antigravity\extensions\redhat.java-1.54.0-win32-x64\jre\21.0.10-win32-x86_64\bin\nio.dll
0x00007ffe13780000 - 0x00007ffe13790000 	c:\Users\Nandhitha_R\.antigravity\extensions\redhat.java-1.54.0-win32-x64\jre\21.0.10-win32-x86_64\bin\verify.dll
0x00007ffe71d30000 - 0x00007ffe71d75000 	C:\Users\Nandhitha_R\AppData\Roaming\Antigravity\User\globalStorage\redhat.java\1.54.0\config_win\org.eclipse.equinox.launcher\org.eclipse.equinox.launcher.win32.win32.x86_64_1.3.0.v20260203-2149\eclipse_11919.dll
0x00007ffe89d00000 - 0x00007ffe89e97000 	C:\Windows\System32\ole32.dll
0x00007ffe862b0000 - 0x00007ffe862cb000 	C:\Windows\SYSTEM32\CRYPTSP.dll
0x00007ffe859c0000 - 0x00007ffe859f9000 	C:\Windows\system32\rsaenh.dll
0x00007ffe86080000 - 0x00007ffe860b3000 	C:\Windows\SYSTEM32\USERENV.dll
0x00007ffe86bc0000 - 0x00007ffe86bea000 	C:\Windows\SYSTEM32\bcrypt.dll
0x00007ffe862d0000 - 0x00007ffe862dc000 	C:\Windows\SYSTEM32\CRYPTBASE.dll
0x00007ffe85480000 - 0x00007ffe854b2000 	C:\Windows\SYSTEM32\IPHLPAPI.DLL
0x00007ffe88310000 - 0x00007ffe8831a000 	C:\Windows\System32\NSI.dll
0x00007ffe4cad0000 - 0x00007ffe4cb19000 	C:\Users\Nandhitha_R\AppData\Local\Temp\jna-1848106422\jna6932577494721425850.dll
0x00007ffe88da0000 - 0x00007ffe88da8000 	C:\Windows\System32\PSAPI.DLL
0x00007ffe7e370000 - 0x00007ffe7e38d000 	C:\Windows\SYSTEM32\dhcpcsvc6.DLL
0x00007ffe7e020000 - 0x00007ffe7e045000 	C:\Windows\SYSTEM32\dhcpcsvc.DLL
0x00007ffe13770000 - 0x00007ffe1377e000 	C:\Users\Nandhitha_R\.antigravity\extensions\redhat.java-1.54.0-win32-x64\jre\21.0.10-win32-x86_64\bin\sunmscapi.dll
0x0000029163fa0000 - 0x0000029164118000 	C:\Windows\System32\CRYPT32.dll
0x00007ffe864d0000 - 0x00007ffe86500000 	C:\Windows\SYSTEM32\ncrypt.dll
0x00007ffe86480000 - 0x00007ffe864bf000 	C:\Windows\SYSTEM32\NTASN1.dll
0x00007ffe85520000 - 0x00007ffe85652000 	C:\Windows\SYSTEM32\DNSAPI.dll
0x00007ffe7b4a0000 - 0x00007ffe7b4ab000 	C:\Windows\System32\rasadhlp.dll
0x00007ffe7e760000 - 0x00007ffe7e7e6000 	C:\Windows\System32\fwpuclnt.dll
0x00007ffe72040000 - 0x00007ffe72049000 	C:\Users\Nandhitha_R\.antigravity\extensions\redhat.java-1.54.0-win32-x64\jre\21.0.10-win32-x86_64\bin\extnet.dll
0x00007ffe47940000 - 0x00007ffe47967000 	C:\Users\Nandhitha_R\.gradle\native\1def1411415f61bf3af743bc5b6707747c0891f09f0c88961ee8f79bc544acac\windows-amd64\native-platform.dll

JVMTI agents:
c:\Users\Nandhitha_R\.antigravity\extensions\redhat.java-1.54.0-win32-x64\lombok\lombok-1.18.39-4050.jar path:c:\Users\Nandhitha_R\.antigravity\extensions\redhat.java-1.54.0-win32-x64\jre\21.0.10-win32-x86_64\bin\instrument.dll, loaded, initialized, instrumentlib options:none

dbghelp: loaded successfully - version: 4.0.5 - missing functions: none
symbol engine: initialized successfully - sym options: 0x614 - pdb path: .;c:\Users\Nandhitha_R\.antigravity\extensions\redhat.java-1.54.0-win32-x64\jre\21.0.10-win32-x86_64\bin;C:\Windows\SYSTEM32;C:\Program Files (x86)\K7 Computing\K7TSecurity;C:\Windows\WinSxS\amd64_microsoft.windows.common-controls_6595b64144ccf1df_6.0.26100.8457_none_3e0b2faee331e92d;c:\Users\Nandhitha_R\.antigravity\extensions\redhat.java-1.54.0-win32-x64\jre\21.0.10-win32-x86_64\bin\server;C:\Users\Nandhitha_R\AppData\Roaming\Antigravity\User\globalStorage\redhat.java\1.54.0\config_win\org.eclipse.equinox.launcher\org.eclipse.equinox.launcher.win32.win32.x86_64_1.3.0.v20260203-2149;C:\Users\Nandhitha_R\AppData\Local\Temp\jna-1848106422;C:\Users\Nandhitha_R\.gradle\native\1def1411415f61bf3af743bc5b6707747c0891f09f0c88961ee8f79bc544acac\windows-amd64

VM Arguments:
jvm_args: --add-modules=ALL-SYSTEM --add-opens=java.base/java.util=ALL-UNNAMED --add-opens=java.base/java.lang=ALL-UNNAMED --add-opens=java.base/sun.nio.fs=ALL-UNNAMED -Declipse.application=org.eclipse.jdt.ls.core.id1 -Dosgi.bundles.defaultStartLevel=4 -Declipse.product=org.eclipse.jdt.ls.core.product -Djava.import.generatesMetadataFilesAtProjectRoot=false -DDetectVMInstallationsJob.disabled=true -Dfile.encoding=utf8 -XX:+UseParallelGC -XX:GCTimeRatio=4 -XX:AdaptiveSizePolicyWeight=90 -Dsun.zip.disableMemoryMapping=true -Xmx2G -Xms100m -Xlog:disable -javaagent:c:\Users\Nandhitha_R\.antigravity\extensions\redhat.java-1.54.0-win32-x64\lombok\lombok-1.18.39-4050.jar -XX:+HeapDumpOnOutOfMemoryError -XX:HeapDumpPath=c:\Users\Nandhitha_R\AppData\Roaming\Antigravity\User\workspaceStorage\d1813b88bfc1f25a629c97800f39de93\redhat.java -Daether.dependencyCollector.impl=bf 
java_command: c:\Users\Nandhitha_R\.antigravity\extensions\redhat.java-1.54.0-win32-x64\server\plugins\org.eclipse.equinox.launcher_1.7.100.v20251111-0406.jar -configuration c:\Users\Nandhitha_R\AppData\Roaming\Antigravity\User\globalStorage\redhat.java\1.54.0\config_win -data c:\Users\Nandhitha_R\AppData\Roaming\Antigravity\User\workspaceStorage\d1813b88bfc1f25a629c97800f39de93\redhat.java\jdt_ws --pipe=\\.\pipe\lsp-4530c380e63c5d31488b4e7a92d870a1-sock
java_class_path (initial): c:\Users\Nandhitha_R\.antigravity\extensions\redhat.java-1.54.0-win32-x64\server\plugins\org.eclipse.equinox.launcher_1.7.100.v20251111-0406.jar
Launcher Type: SUN_STANDARD

[Global flags]
    uintx AdaptiveSizePolicyWeight                 = 90                                        {product} {command line}
     intx CICompilerCount                          = 4                                         {product} {ergonomic}
    uintx GCTimeRatio                              = 4                                         {product} {command line}
     bool HeapDumpOnOutOfMemoryError               = true                                   {manageable} {command line}
    ccstr HeapDumpPath                             = c:\Users\Nandhitha_R\AppData\Roaming\Antigravity\User\workspaceStorage\d1813b88bfc1f25a629c97800f39de93\redhat.java         {manageable} {command line}
   size_t InitialHeapSize                          = 104857600                                 {product} {command line}
   size_t MaxHeapSize                              = 2147483648                                {product} {command line}
   size_t MaxNewSize                               = 715653120                                 {product} {ergonomic}
   size_t MinHeapDeltaBytes                        = 524288                                    {product} {ergonomic}
   size_t MinHeapSize                              = 104857600                                 {product} {command line}
   size_t NewSize                                  = 34603008                                  {product} {ergonomic}
    uintx NonNMethodCodeHeapSize                   = 5839372                                {pd product} {ergonomic}
    uintx NonProfiledCodeHeapSize                  = 122909434                              {pd product} {ergonomic}
   size_t OldSize                                  = 70254592                                  {product} {ergonomic}
    uintx ProfiledCodeHeapSize                     = 122909434                              {pd product} {ergonomic}
    uintx ReservedCodeCacheSize                    = 251658240                              {pd product} {ergonomic}
     bool SegmentedCodeCache                       = true                                      {product} {ergonomic}
   size_t SoftMaxHeapSize                          = 2147483648                             {manageable} {ergonomic}
     bool UseCompressedOops                        = true                           {product lp64_product} {ergonomic}
     bool UseLargePagesIndividualAllocation        = false                                  {pd product} {ergonomic}
     bool UseParallelGC                            = true                                      {product} {command line}

Logging:
Log output configuration:
 #0: stdout all=off uptime,level,tags foldmultilines=false
 #1: stderr all=off uptime,level,tags foldmultilines=false

Release file:
JAVA_VERSION="21.0.10" 
MODULES="java.base java.compiler java.datatransfer java.xml java.prefs java.desktop java.instrument java.logging java.management java.security.sasl java.naming java.rmi java.management.rmi java.net.http java.scripting java.security.jgss java.transaction.xa java.sql java.sql.rowset java.xml.crypto java.se java.smartcardio jdk.accessibility jdk.internal.jvmstat jdk.attach jdk.charsets jdk.internal.opt jdk.zipfs jdk.compiler jdk.crypto.ec jdk.crypto.cryptoki jdk.crypto.mscapi jdk.dynalink jdk.internal.ed jdk.editpad jdk.hotspot.agent jdk.httpserver jdk.internal.le jdk.internal.vm.ci jdk.internal.vm.compiler jdk.internal.vm.compiler.management jdk.jartool jdk.javadoc jdk.jcmd jdk.management jdk.management.agent jdk.jconsole jdk.jdeps jdk.jdwp.agent jdk.jdi jdk.jfr jdk.jshell jdk.jsobject jdk.jstatd jdk.localedata jdk.management.jfr jdk.naming.dns jdk.naming.rmi jdk.net jdk.nio.mapmode jdk.random jdk.sctp jdk.security.auth jdk.security.jgss jdk.unsupported jdk.unsupported.desktop jdk.xml.dom" 

Environment Variables:
JAVA_HOME=C:\Program Files\Eclipse Adoptium\jdk-17.0.18.8-hotspot
PATH=C:\Program Files\Python312\Scripts\;C:\Program Files\Python312\;C:\Windows\System32;C:\Program Files\Git\cmd;C:\Program Files\Eclipse Adoptium\jdk-17.0.18.8-hotspot\bin;C:\Program Files\nodejs\;C:\Users\Nandhitha_R\AppData\Local\Android\Sdk\platform-tools;C:\Users\Nandhitha_R\AppData\Local\Android\Sdk\emulator;C:\Program Files\Eclipse Adoptium\jdk-17.0.18.8-hotspot\bin;C:\Users\Nandhitha_R\AppData\Local\Programs\Python\Python312;C:\Program Files\MongoDB\Server\7.0\bin;C:\Users\Nandhitha_R\AppData\Local\Programs\Python\Launcher\;C:\Users\Nandhitha_R\AppData\Roaming\npm;C:\Users\Nandhitha_R\AppData\Local\Programs\Microsoft VS Code\bin;D:\Program Files\Antigravity\bin
USERNAME=Nandhitha_R
OS=Windows_NT
PROCESSOR_IDENTIFIER=Intel64 Family 6 Model 154 Stepping 4, GenuineIntel
TMP=C:\Users\NANDHI~1\AppData\Local\Temp
TEMP=C:\Users\NANDHI~1\AppData\Local\Temp




Periodic native trim disabled

---------------  S Y S T E M  ---------------

OS:
 Windows 11 , 64 bit Build 26100 (10.0.26100.8328)
OS uptime: 0 days 13:27 hours
Hyper-V role detected

CPU: total 12 (initial active 12) (6 cores per cpu, 2 threads per core) family 6 model 154 stepping 4 microcode 0x43b, cx8, cmov, fxsr, ht, mmx, 3dnowpref, sse, sse2, sse3, ssse3, sse4.1, sse4.2, popcnt, lzcnt, tsc, tscinvbit, avx, avx2, aes, erms, clmul, bmi1, bmi2, adx, sha, fma, vzeroupper, clflush, clflushopt, clwb, hv, serialize, rdtscp, rdpid, fsrm, f16c, cet_ibt, cet_ss
Processor Information for the first 12 processors :
  Max Mhz: 1300, Current Mhz: 1300, Mhz Limit: 1300

Memory: 4k page, system-wide physical 16068M (1329M free)
TotalPageFile size 22350M (AvailPageFile size 7M)
current process WorkingSet (physical memory assigned to process): 497M, peak: 498M
current process commit charge ("private bytes"): 568M, peak: 1713M

vm_info: OpenJDK 64-Bit Server VM (21.0.10+7-LTS) for windows-amd64 JRE (21.0.10+7-LTS), built on 2026-01-20T00:00:00Z by "admin" with MS VC++ 17.12 (VS2022)

END.
