#
# There is insufficient memory for the Java Runtime Environment to continue.
# Native memory allocation (malloc) failed to allocate 32784 bytes. Error detail: Chunk::new
# Possible reasons:
#   The system is out of physical RAM or swap space
#   This process is running with CompressedOops enabled, and the Java Heap may be blocking the growth of the native heap
# Possible solutions:
#   Reduce memory load on the system
#   Increase physical memory or swap space
#   Check if swap backing store is full
#   Decrease Java heap size (-Xmx/-Xms)
#   Decrease number of Java threads
#   Decrease Java thread stack sizes (-Xss)
#   Set larger code cache with -XX:ReservedCodeCacheSize=
#   JVM is running with Unscaled Compressed Oops mode in which the Java heap is
#     placed in the first 4GB address space. The Java Heap base address is the
#     maximum limit for the native heap growth. Please use -XX:HeapBaseMinAddress
#     to set the Java Heap base and to place the Java Heap above 4GB virtual address.
# This output file may be truncated or incomplete.
#
#  Out of Memory Error (arena.cpp:191), pid=20776, tid=25284
#
# JRE version: OpenJDK Runtime Environment Temurin-17.0.18+8 (17.0.18+8) (build 17.0.18+8)
# Java VM: OpenJDK 64-Bit Server VM Temurin-17.0.18+8 (17.0.18+8, mixed mode, sharing, tiered, compressed oops, compressed class ptrs, g1 gc, windows-amd64)
# No core dump will be written. Minidumps are not enabled by default on client versions of Windows
#

---------------  S U M M A R Y ------------

Command Line: -Xmx64m -Xms64m -Dorg.gradle.appname=gradlew D:\apps\caltims mobile app\frontend\android\\gradle\wrapper\gradle-wrapper.jar app:installDebug -PreactNativeDevServerPort=8081

Host: 12th Gen Intel(R) Core(TM) i5-1235U, 12 cores, 15G,  Windows 11 , 64 bit Build 26100 (10.0.26100.8328)
Time: Tue May  5 15:05:44 2026 India Standard Time elapsed time: 32.661824 seconds (0d 0h 0m 32s)

---------------  T H R E A D  ---------------

Current thread (0x0000019af7bf6990):  JavaThread "C2 CompilerThread0" daemon [_thread_in_native, id=25284, stack(0x0000005859c00000,0x0000005859d00000)]


Current CompileTask:
C2:32662 1866 %     4       java.io.WinNTFileSystem::normalize @ 22 (143 bytes)

Stack: [0x0000005859c00000,0x0000005859d00000]
Native frames: (J=compiled Java code, j=interpreted, Vv=VM code, C=native code)
V  [jvm.dll+0x6846f9]
V  [jvm.dll+0x839ea5]
V  [jvm.dll+0x83b91e]
V  [jvm.dll+0x83bfa3]
V  [jvm.dll+0x248eff]
V  [jvm.dll+0xad496]
V  [jvm.dll+0xadb3c]
V  [jvm.dll+0xad5a4]
V  [jvm.dll+0x6dac7c]
V  [jvm.dll+0x594c07]
V  [jvm.dll+0x75b457]
V  [jvm.dll+0x75a4bc]
V  [jvm.dll+0x59f878]
V  [jvm.dll+0x59f280]
V  [jvm.dll+0x58b4e7]
V  [jvm.dll+0x222e84]
V  [jvm.dll+0x22327d]
V  [jvm.dll+0x21bfdb]
V  [jvm.dll+0x2190fe]
V  [jvm.dll+0x1a4920]
V  [jvm.dll+0x22989a]
V  [jvm.dll+0x227a4b]
V  [jvm.dll+0x7f0658]
V  [jvm.dll+0x7eaaec]
V  [jvm.dll+0x6835c7]
C  [ucrtbase.dll+0x37b0]
C  [KERNEL32.DLL+0x2e957]
C  [ntdll.dll+0x427c]


---------------  P R O C E S S  ---------------

Threads class SMR info:
_java_thread_list=0x0000019afd55c770, length=12, elements={
0x0000019aeccfa410, 0x0000019af7bd1550, 0x0000019af7bd2110, 0x0000019af7beeb30,
0x0000019af7bef4f0, 0x0000019af7bf12c0, 0x0000019af7bf3c90, 0x0000019af7bf6990,
0x0000019af7bf83a0, 0x0000019af7bf8da0, 0x0000019afc0d6e50, 0x0000019afc0db5e0
}

Java Threads: ( => current thread )
  0x0000019aeccfa410 JavaThread "main" [_thread_blocked, id=9412, stack(0x0000005858f00000,0x0000005859000000)]
  0x0000019af7bd1550 JavaThread "Reference Handler" daemon [_thread_blocked, id=10768, stack(0x0000005859600000,0x0000005859700000)]
  0x0000019af7bd2110 JavaThread "Finalizer" daemon [_thread_blocked, id=21948, stack(0x0000005859700000,0x0000005859800000)]
  0x0000019af7beeb30 JavaThread "Signal Dispatcher" daemon [_thread_blocked, id=15248, stack(0x0000005859800000,0x0000005859900000)]
  0x0000019af7bef4f0 JavaThread "Attach Listener" daemon [_thread_blocked, id=15284, stack(0x0000005859900000,0x0000005859a00000)]
  0x0000019af7bf12c0 JavaThread "Service Thread" daemon [_thread_blocked, id=25372, stack(0x0000005859a00000,0x0000005859b00000)]
  0x0000019af7bf3c90 JavaThread "Monitor Deflation Thread" daemon [_thread_blocked, id=23036, stack(0x0000005859b00000,0x0000005859c00000)]
=>0x0000019af7bf6990 JavaThread "C2 CompilerThread0" daemon [_thread_in_native, id=25284, stack(0x0000005859c00000,0x0000005859d00000)]
  0x0000019af7bf83a0 JavaThread "C1 CompilerThread0" daemon [_thread_blocked, id=16016, stack(0x0000005859d00000,0x0000005859e00000)]
  0x0000019af7bf8da0 JavaThread "Sweeper thread" daemon [_thread_blocked, id=14240, stack(0x0000005859e00000,0x0000005859f00000)]
  0x0000019afc0d6e50 JavaThread "Notification Thread" daemon [_thread_blocked, id=25852, stack(0x0000005859f00000,0x000000585a000000)]
  0x0000019afc0db5e0 JavaThread "Common-Cleaner" daemon [_thread_blocked, id=23824, stack(0x000000585a100000,0x000000585a200000)]

Other Threads:
  0x0000019af7bcd010 VMThread "VM Thread" [stack: 0x0000005859500000,0x0000005859600000] [id=22320]
  0x0000019afc0db340 WatcherThread [stack: 0x000000585a000000,0x000000585a100000] [id=616]
  0x0000019aecd1eb90 GCTaskThread "GC Thread#0" [stack: 0x0000005859000000,0x0000005859100000] [id=25588]
  0x0000019afc39d220 GCTaskThread "GC Thread#1" [stack: 0x000000585a400000,0x000000585a500000] [id=24108]
  0x0000019afc3dfcb0 GCTaskThread "GC Thread#2" [stack: 0x000000585a500000,0x000000585a600000] [id=13640]
  0x0000019afc3dff70 GCTaskThread "GC Thread#3" [stack: 0x000000585a600000,0x000000585a700000] [id=25456]
  0x0000019afc8c4ce0 GCTaskThread "GC Thread#4" [stack: 0x000000585a200000,0x000000585a300000] [id=15492]
  0x0000019afc8c3f20 GCTaskThread "GC Thread#5" [stack: 0x000000585a300000,0x000000585a400000] [id=18916]
  0x0000019afc8c57e0 GCTaskThread "GC Thread#6" [stack: 0x000000585a800000,0x000000585a900000] [id=21620]
  0x0000019afc8c3c60 GCTaskThread "GC Thread#7" [stack: 0x000000585a900000,0x000000585aa00000] [id=10792]
  0x0000019aecd202e0 ConcurrentGCThread "G1 Main Marker" [stack: 0x0000005859100000,0x0000005859200000] [id=26296]
  0x0000019aecd20d00 ConcurrentGCThread "G1 Conc#0" [stack: 0x0000005859200000,0x0000005859300000] [id=24288]
  0x0000019aecda40a0 ConcurrentGCThread "G1 Refine#0" [stack: 0x0000005859300000,0x0000005859400000] [id=11948]
  0x0000019aecda4970 ConcurrentGCThread "G1 Service" [stack: 0x0000005859400000,0x0000005859500000] [id=14944]

Threads with active compile tasks:
C2 CompilerThread0  32709 1866 %     4       java.io.WinNTFileSystem::normalize @ 22 (143 bytes)

VM state: not at safepoint (normal execution)

VM Mutex/Monitor currently owned by a thread: None

Heap address: 0x00000000fc000000, size: 64 MB, Compressed Oops mode: 32-bit

CDS archive(s) mapped at: [0x0000019a8f000000-0x0000019a8fbb0000-0x0000019a8fbb0000), size 12255232, SharedBaseAddress: 0x0000019a8f000000, ArchiveRelocationMode: 1.
Compressed class space mapped at: 0x0000019a90000000-0x0000019ad0000000, reserved size: 1073741824
Narrow klass base: 0x0000019a8f000000, Narrow klass shift: 0, Narrow klass range: 0x100000000

GC Precious Log:
 CPUs: 12 total, 12 available
 Memory: 16068M
 Large Page Support: Disabled
 NUMA Support: Disabled
 Compressed Oops: Enabled (32-bit)
 Heap Region Size: 1M
 Heap Min Capacity: 64M
 Heap Initial Capacity: 64M
 Heap Max Capacity: 64M
 Pre-touch: Disabled
 Parallel Workers: 10
 Concurrent Workers: 3
 Concurrent Refinement Workers: 10
 Periodic GC: Disabled

Heap:
 garbage-first heap   total 65536K, used 24200K [0x00000000fc000000, 0x0000000100000000)
  region size 1024K, 18 young (18432K), 4 survivors (4096K)
 Metaspace       used 10606K, committed 10880K, reserved 1114112K
  class space    used 1379K, committed 1536K, reserved 1048576K

Heap Regions: E=young(eden), S=young(survivor), O=old, HS=humongous(starts), HC=humongous(continues), CS=collection set, F=free, OA=open archive, CA=closed archive, TAMS=top-at-mark-start (previous, next)
|   0|0x00000000fc000000, 0x00000000fc100000, 0x00000000fc100000|100%|HS|  |TAMS 0x00000000fc000000, 0x00000000fc000000| Complete 
|   1|0x00000000fc100000, 0x00000000fc200000, 0x00000000fc200000|100%|HC|  |TAMS 0x00000000fc100000, 0x00000000fc100000| Complete 
|   2|0x00000000fc200000, 0x00000000fc300000, 0x00000000fc300000|100%|HC|  |TAMS 0x00000000fc200000, 0x00000000fc200000| Complete 
|   3|0x00000000fc300000, 0x00000000fc400000, 0x00000000fc400000|100%| O|  |TAMS 0x00000000fc300000, 0x00000000fc300000| Untracked 
|   4|0x00000000fc400000, 0x00000000fc500000, 0x00000000fc500000|100%| O|  |TAMS 0x00000000fc400000, 0x00000000fc400000| Untracked 
|   5|0x00000000fc500000, 0x00000000fc600000, 0x00000000fc600000|100%| O|  |TAMS 0x00000000fc500000, 0x00000000fc500000| Untracked 
|   6|0x00000000fc600000, 0x00000000fc6a2200, 0x00000000fc700000| 63%| O|  |TAMS 0x00000000fc600000, 0x00000000fc600000| Untracked 
|   7|0x00000000fc700000, 0x00000000fc700000, 0x00000000fc800000|  0%| F|  |TAMS 0x00000000fc700000, 0x00000000fc700000| Untracked 
|   8|0x00000000fc800000, 0x00000000fc800000, 0x00000000fc900000|  0%| F|  |TAMS 0x00000000fc800000, 0x00000000fc800000| Untracked 
|   9|0x00000000fc900000, 0x00000000fc900000, 0x00000000fca00000|  0%| F|  |TAMS 0x00000000fc900000, 0x00000000fc900000| Untracked 
|  10|0x00000000fca00000, 0x00000000fca00000, 0x00000000fcb00000|  0%| F|  |TAMS 0x00000000fca00000, 0x00000000fca00000| Untracked 
|  11|0x00000000fcb00000, 0x00000000fcb00000, 0x00000000fcc00000|  0%| F|  |TAMS 0x00000000fcb00000, 0x00000000fcb00000| Untracked 
|  12|0x00000000fcc00000, 0x00000000fcc00000, 0x00000000fcd00000|  0%| F|  |TAMS 0x00000000fcc00000, 0x00000000fcc00000| Untracked 
|  13|0x00000000fcd00000, 0x00000000fcd00000, 0x00000000fce00000|  0%| F|  |TAMS 0x00000000fcd00000, 0x00000000fcd00000| Untracked 
|  14|0x00000000fce00000, 0x00000000fce00000, 0x00000000fcf00000|  0%| F|  |TAMS 0x00000000fce00000, 0x00000000fce00000| Untracked 
|  15|0x00000000fcf00000, 0x00000000fcf00000, 0x00000000fd000000|  0%| F|  |TAMS 0x00000000fcf00000, 0x00000000fcf00000| Untracked 
|  16|0x00000000fd000000, 0x00000000fd000000, 0x00000000fd100000|  0%| F|  |TAMS 0x00000000fd000000, 0x00000000fd000000| Untracked 
|  17|0x00000000fd100000, 0x00000000fd100000, 0x00000000fd200000|  0%| F|  |TAMS 0x00000000fd100000, 0x00000000fd100000| Untracked 
|  18|0x00000000fd200000, 0x00000000fd200000, 0x00000000fd300000|  0%| F|  |TAMS 0x00000000fd200000, 0x00000000fd200000| Untracked 
|  19|0x00000000fd300000, 0x00000000fd300000, 0x00000000fd400000|  0%| F|  |TAMS 0x00000000fd300000, 0x00000000fd300000| Untracked 
|  20|0x00000000fd400000, 0x00000000fd400000, 0x00000000fd500000|  0%| F|  |TAMS 0x00000000fd400000, 0x00000000fd400000| Untracked 
|  21|0x00000000fd500000, 0x00000000fd500000, 0x00000000fd600000|  0%| F|  |TAMS 0x00000000fd500000, 0x00000000fd500000| Untracked 
|  22|0x00000000fd600000, 0x00000000fd600000, 0x00000000fd700000|  0%| F|  |TAMS 0x00000000fd600000, 0x00000000fd600000| Untracked 
|  23|0x00000000fd700000, 0x00000000fd700000, 0x00000000fd800000|  0%| F|  |TAMS 0x00000000fd700000, 0x00000000fd700000| Untracked 
|  24|0x00000000fd800000, 0x00000000fd800000, 0x00000000fd900000|  0%| F|  |TAMS 0x00000000fd800000, 0x00000000fd800000| Untracked 
|  25|0x00000000fd900000, 0x00000000fd900000, 0x00000000fda00000|  0%| F|  |TAMS 0x00000000fd900000, 0x00000000fd900000| Untracked 
|  26|0x00000000fda00000, 0x00000000fda00000, 0x00000000fdb00000|  0%| F|  |TAMS 0x00000000fda00000, 0x00000000fda00000| Untracked 
|  27|0x00000000fdb00000, 0x00000000fdb00000, 0x00000000fdc00000|  0%| F|  |TAMS 0x00000000fdb00000, 0x00000000fdb00000| Untracked 
|  28|0x00000000fdc00000, 0x00000000fdd00000, 0x00000000fdd00000|100%| S|CS|TAMS 0x00000000fdc00000, 0x00000000fdc00000| Complete 
|  29|0x00000000fdd00000, 0x00000000fde00000, 0x00000000fde00000|100%| S|CS|TAMS 0x00000000fdd00000, 0x00000000fdd00000| Complete 
|  30|0x00000000fde00000, 0x00000000fdf00000, 0x00000000fdf00000|100%| S|CS|TAMS 0x00000000fde00000, 0x00000000fde00000| Complete 
|  31|0x00000000fdf00000, 0x00000000fe000000, 0x00000000fe000000|100%| S|CS|TAMS 0x00000000fdf00000, 0x00000000fdf00000| Complete 
|  32|0x00000000fe000000, 0x00000000fe000000, 0x00000000fe100000|  0%| F|  |TAMS 0x00000000fe000000, 0x00000000fe000000| Untracked 
|  33|0x00000000fe100000, 0x00000000fe100000, 0x00000000fe200000|  0%| F|  |TAMS 0x00000000fe100000, 0x00000000fe100000| Untracked 
|  34|0x00000000fe200000, 0x00000000fe200000, 0x00000000fe300000|  0%| F|  |TAMS 0x00000000fe200000, 0x00000000fe200000| Untracked 
|  35|0x00000000fe300000, 0x00000000fe300000, 0x00000000fe400000|  0%| F|  |TAMS 0x00000000fe300000, 0x00000000fe300000| Untracked 
|  36|0x00000000fe400000, 0x00000000fe400000, 0x00000000fe500000|  0%| F|  |TAMS 0x00000000fe400000, 0x00000000fe400000| Untracked 
|  37|0x00000000fe500000, 0x00000000fe500000, 0x00000000fe600000|  0%| F|  |TAMS 0x00000000fe500000, 0x00000000fe500000| Untracked 
|  38|0x00000000fe600000, 0x00000000fe600000, 0x00000000fe700000|  0%| F|  |TAMS 0x00000000fe600000, 0x00000000fe600000| Untracked 
|  39|0x00000000fe700000, 0x00000000fe700000, 0x00000000fe800000|  0%| F|  |TAMS 0x00000000fe700000, 0x00000000fe700000| Untracked 
|  40|0x00000000fe800000, 0x00000000fe800000, 0x00000000fe900000|  0%| F|  |TAMS 0x00000000fe800000, 0x00000000fe800000| Untracked 
|  41|0x00000000fe900000, 0x00000000fe900000, 0x00000000fea00000|  0%| F|  |TAMS 0x00000000fe900000, 0x00000000fe900000| Untracked 
|  42|0x00000000fea00000, 0x00000000fea00000, 0x00000000feb00000|  0%| F|  |TAMS 0x00000000fea00000, 0x00000000fea00000| Untracked 
|  43|0x00000000feb00000, 0x00000000feb00000, 0x00000000fec00000|  0%| F|  |TAMS 0x00000000feb00000, 0x00000000feb00000| Untracked 
|  44|0x00000000fec00000, 0x00000000fec00000, 0x00000000fed00000|  0%| F|  |TAMS 0x00000000fec00000, 0x00000000fec00000| Untracked 
|  45|0x00000000fed00000, 0x00000000fed00000, 0x00000000fee00000|  0%| F|  |TAMS 0x00000000fed00000, 0x00000000fed00000| Untracked 
|  46|0x00000000fee00000, 0x00000000fee00000, 0x00000000fef00000|  0%| F|  |TAMS 0x00000000fee00000, 0x00000000fee00000| Untracked 
|  47|0x00000000fef00000, 0x00000000fef00000, 0x00000000ff000000|  0%| F|  |TAMS 0x00000000fef00000, 0x00000000fef00000| Untracked 
|  48|0x00000000ff000000, 0x00000000ff000000, 0x00000000ff100000|  0%| F|  |TAMS 0x00000000ff000000, 0x00000000ff000000| Untracked 
|  49|0x00000000ff100000, 0x00000000ff100000, 0x00000000ff200000|  0%| F|  |TAMS 0x00000000ff100000, 0x00000000ff100000| Untracked 
|  50|0x00000000ff200000, 0x00000000ff300000, 0x00000000ff300000|100%| E|  |TAMS 0x00000000ff200000, 0x00000000ff200000| Complete 
|  51|0x00000000ff300000, 0x00000000ff400000, 0x00000000ff400000|100%| E|CS|TAMS 0x00000000ff300000, 0x00000000ff300000| Complete 
|  52|0x00000000ff400000, 0x00000000ff500000, 0x00000000ff500000|100%| E|CS|TAMS 0x00000000ff400000, 0x00000000ff400000| Complete 
|  53|0x00000000ff500000, 0x00000000ff600000, 0x00000000ff600000|100%| E|CS|TAMS 0x00000000ff500000, 0x00000000ff500000| Complete 
|  54|0x00000000ff600000, 0x00000000ff700000, 0x00000000ff700000|100%| E|CS|TAMS 0x00000000ff600000, 0x00000000ff600000| Complete 
|  55|0x00000000ff700000, 0x00000000ff800000, 0x00000000ff800000|100%| E|CS|TAMS 0x00000000ff700000, 0x00000000ff700000| Complete 
|  56|0x00000000ff800000, 0x00000000ff900000, 0x00000000ff900000|100%| E|CS|TAMS 0x00000000ff800000, 0x00000000ff800000| Complete 
|  57|0x00000000ff900000, 0x00000000ffa00000, 0x00000000ffa00000|100%| E|CS|TAMS 0x00000000ff900000, 0x00000000ff900000| Complete 
|  58|0x00000000ffa00000, 0x00000000ffb00000, 0x00000000ffb00000|100%| E|CS|TAMS 0x00000000ffa00000, 0x00000000ffa00000| Complete 
|  59|0x00000000ffb00000, 0x00000000ffc00000, 0x00000000ffc00000|100%| E|CS|TAMS 0x00000000ffb00000, 0x00000000ffb00000| Complete 
|  60|0x00000000ffc00000, 0x00000000ffd00000, 0x00000000ffd00000|100%| E|CS|TAMS 0x00000000ffc00000, 0x00000000ffc00000| Complete 
|  61|0x00000000ffd00000, 0x00000000ffe00000, 0x00000000ffe00000|100%| E|CS|TAMS 0x00000000ffd00000, 0x00000000ffd00000| Complete 
|  62|0x00000000ffe00000, 0x00000000fff00000, 0x00000000fff00000|100%| E|CS|TAMS 0x00000000ffe00000, 0x00000000ffe00000| Complete 
|  63|0x00000000fff00000, 0x0000000100000000, 0x0000000100000000|100%| E|CS|TAMS 0x00000000fff00000, 0x00000000fff00000| Complete 

Card table byte_map: [0x0000019aeac70000,0x0000019aeac90000] _byte_map_base: 0x0000019aea490000

Marking Bits (Prev, Next): (CMBitMap*) 0x0000019aecd1f1b0, (CMBitMap*) 0x0000019aecd1f1f0
 Prev Bits: [0x0000019af4db0000, 0x0000019af4eb0000)
 Next Bits: [0x0000019af4eb0000, 0x0000019af4fb0000)

Polling page: 0x0000019aeac20000

Metaspace:

Usage:
  Non-class:      9.01 MB used.
      Class:      1.35 MB used.
       Both:     10.36 MB used.

Virtual space:
  Non-class space:       64.00 MB reserved,       9.12 MB ( 14%) committed,  1 nodes.
      Class space:        1.00 GB reserved,       1.50 MB ( <1%) committed,  1 nodes.
             Both:        1.06 GB reserved,      10.62 MB ( <1%) committed. 

Chunk freelists:
   Non-Class:  6.23 MB
       Class:  14.42 MB
        Both:  20.65 MB

MaxMetaspaceSize: unlimited
CompressedClassSpaceSize: 1.00 GB
Initial GC threshold: 21.00 MB
Current GC threshold: 21.00 MB
CDS: on
MetaspaceReclaimPolicy: balanced
 - commit_granule_bytes: 65536.
 - commit_granule_words: 8192.
 - virtual_space_node_default_size: 8388608.
 - enlarge_chunks_in_place: 1.
 - new_chunks_are_fully_committed: 0.
 - uncommit_free_chunks: 1.
 - use_allocation_guard: 0.
 - handle_deallocations: 1.


Internal statistics:

num_allocs_failed_limit: 0.
num_arena_births: 88.
num_arena_deaths: 0.
num_vsnodes_births: 2.
num_vsnodes_deaths: 0.
num_space_committed: 170.
num_space_uncommitted: 0.
num_chunks_returned_to_freelist: 0.
num_chunks_taken_from_freelist: 368.
num_chunk_merges: 0.
num_chunk_splits: 242.
num_chunks_enlarged: 200.
num_inconsistent_stats: 0.

CodeHeap 'non-profiled nmethods': size=120000Kb used=870Kb max_used=870Kb free=119130Kb
 bounds [0x0000019a87ad0000, 0x0000019a87d40000, 0x0000019a8f000000]
CodeHeap 'profiled nmethods': size=120000Kb used=3647Kb max_used=3647Kb free=116352Kb
 bounds [0x0000019a80000000, 0x0000019a80390000, 0x0000019a87530000]
CodeHeap 'non-nmethods': size=5760Kb used=1188Kb max_used=1207Kb free=4571Kb
 bounds [0x0000019a87530000, 0x0000019a877a0000, 0x0000019a87ad0000]
 total_blobs=2397 nmethods=1907 adapters=403
 compilation: enabled
              stopped_count=0, restarted_count=0
 full_count=0

Compilation events (20 events):
Event: 32.641 Thread 0x0000019af7bf83a0 1878       3       org.gradle.internal.logging.text.AbstractLineChoppingStyledTextOutput::access$402 (7 bytes)
Event: 32.641 Thread 0x0000019af7bf83a0 nmethod 1878 0x0000019a80383890 code [0x0000019a80383a20, 0x0000019a80383b58]
Event: 32.641 Thread 0x0000019af7bf83a0 1879       3       org.gradle.internal.logging.text.AbstractLineChoppingStyledTextOutput$1::execute (9 bytes)
Event: 32.641 Thread 0x0000019af7bf83a0 nmethod 1879 0x0000019a80383c10 code [0x0000019a80383dc0, 0x0000019a80383fe8]
Event: 32.641 Thread 0x0000019af7bf83a0 1880       3       org.gradle.internal.logging.text.AbstractLineChoppingStyledTextOutput$1::execute (140 bytes)
Event: 32.643 Thread 0x0000019af7bf83a0 nmethod 1880 0x0000019a80384090 code [0x0000019a803843c0, 0x0000019a80385418]
Event: 32.643 Thread 0x0000019af7bf83a0 1881       3       org.gradle.internal.logging.text.AbstractLineChoppingStyledTextOutput$SeenFromEol::all (18 bytes)
Event: 32.643 Thread 0x0000019af7bf83a0 nmethod 1881 0x0000019a80385b10 code [0x0000019a80385ca0, 0x0000019a80385e18]
Event: 32.643 Thread 0x0000019af7bf83a0 1886       2       org.gradle.internal.logging.text.AbstractLineChoppingStyledTextOutput::access$900 (4 bytes)
Event: 32.643 Thread 0x0000019af7bf83a0 nmethod 1886 0x0000019a80385f10 code [0x0000019a803860a0, 0x0000019a80386198]
Event: 32.643 Thread 0x0000019af7bf83a0 1887       2       org.gradle.internal.logging.text.AbstractLineChoppingStyledTextOutput$StateContext::next (11 bytes)
Event: 32.643 Thread 0x0000019af7bf83a0 nmethod 1887 0x0000019a80386210 code [0x0000019a803863a0, 0x0000019a803864b8]
Event: 32.643 Thread 0x0000019af7bf83a0 1891       3       java.lang.StringCoding::implEncodeAsciiArray (47 bytes)
Event: 32.643 Thread 0x0000019af7bf83a0 nmethod 1891 0x0000019a80386590 code [0x0000019a80386740, 0x0000019a80386978]
Event: 32.643 Thread 0x0000019af7bf83a0 1873       1       java.lang.invoke.MethodHandleImpl::isCompileConstant (2 bytes)
Event: 32.643 Thread 0x0000019af7bf83a0 nmethod 1873 0x0000019a87ba8390 code [0x0000019a87ba8520, 0x0000019a87ba85d8]
Event: 32.647 Thread 0x0000019af7bf83a0 1893       3       com.google.common.collect.AbstractIndexedListIterator::next (31 bytes)
Event: 32.647 Thread 0x0000019af7bf83a0 nmethod 1893 0x0000019a80386b10 code [0x0000019a80386ce0, 0x0000019a80387048]
Event: 32.647 Thread 0x0000019af7bf83a0 1894       3       com.google.common.collect.Iterators$ArrayItr::get (7 bytes)
Event: 32.647 Thread 0x0000019af7bf83a0 nmethod 1894 0x0000019a80387210 code [0x0000019a803873a0, 0x0000019a803874d8]

GC Heap History (4 events):
Event: 0.405 GC heap before
{Heap before GC invocations=0 (full 0):
 garbage-first heap   total 65536K, used 22528K [0x00000000fc000000, 0x0000000100000000)
  region size 1024K, 23 young (23552K), 0 survivors (0K)
 Metaspace       used 1741K, committed 1856K, reserved 1114112K
  class space    used 160K, committed 192K, reserved 1048576K
}
Event: 0.411 GC heap after
{Heap after GC invocations=1 (full 0):
 garbage-first heap   total 65536K, used 1824K [0x00000000fc000000, 0x0000000100000000)
  region size 1024K, 2 young (2048K), 2 survivors (2048K)
 Metaspace       used 1741K, committed 1856K, reserved 1114112K
  class space    used 160K, committed 192K, reserved 1048576K
}
Event: 1.372 GC heap before
{Heap before GC invocations=1 (full 0):
 garbage-first heap   total 65536K, used 35616K [0x00000000fc000000, 0x0000000100000000)
  region size 1024K, 32 young (32768K), 2 survivors (2048K)
 Metaspace       used 7828K, committed 8128K, reserved 1114112K
  class space    used 1062K, committed 1216K, reserved 1048576K
}
Event: 1.378 GC heap after
{Heap after GC invocations=2 (full 0):
 garbage-first heap   total 65536K, used 10888K [0x00000000fc000000, 0x0000000100000000)
  region size 1024K, 4 young (4096K), 4 survivors (4096K)
 Metaspace       used 7828K, committed 8128K, reserved 1114112K
  class space    used 1062K, committed 1216K, reserved 1048576K
}

Dll operation events (13 events):
Event: 0.008 Loaded shared library C:\Program Files\Eclipse Adoptium\jdk-17.0.18.8-hotspot\bin\java.dll
Event: 0.025 Loaded shared library C:\Program Files\Eclipse Adoptium\jdk-17.0.18.8-hotspot\bin\jsvml.dll
Event: 0.055 Loaded shared library C:\Program Files\Eclipse Adoptium\jdk-17.0.18.8-hotspot\bin\net.dll
Event: 0.058 Loaded shared library C:\Program Files\Eclipse Adoptium\jdk-17.0.18.8-hotspot\bin\nio.dll
Event: 0.061 Loaded shared library C:\Program Files\Eclipse Adoptium\jdk-17.0.18.8-hotspot\bin\zip.dll
Event: 0.384 Loaded shared library C:\Program Files\Eclipse Adoptium\jdk-17.0.18.8-hotspot\bin\jimage.dll
Event: 0.848 Loaded shared library C:\Program Files\Eclipse Adoptium\jdk-17.0.18.8-hotspot\bin\management.dll
Event: 0.854 Loaded shared library C:\Program Files\Eclipse Adoptium\jdk-17.0.18.8-hotspot\bin\management_ext.dll
Event: 0.914 Loaded shared library C:\Program Files\Eclipse Adoptium\jdk-17.0.18.8-hotspot\bin\verify.dll
Event: 0.922 Loaded shared library C:\Users\Nandhitha_R\.gradle\native\1def1411415f61bf3af743bc5b6707747c0891f09f0c88961ee8f79bc544acac\windows-amd64\native-platform.dll
Event: 0.971 Loaded shared library C:\Users\Nandhitha_R\.gradle\native\jansi\1.18\windows64\jansi.dll
Event: 1.213 Loaded shared library C:\Program Files\Eclipse Adoptium\jdk-17.0.18.8-hotspot\bin\extnet.dll
Event: 4.780 Loaded shared library C:\Program Files\Eclipse Adoptium\jdk-17.0.18.8-hotspot\bin\sunmscapi.dll

Deoptimization events (20 events):
Event: 4.728 Thread 0x0000019aeccfa410 DEOPT PACKING pc=0x0000019a87b7f6b8 sp=0x0000005858ffc150
Event: 4.728 Thread 0x0000019aeccfa410 DEOPT UNPACKING pc=0x0000019a875869a3 sp=0x0000005858ffc0c0 mode 2
Event: 4.766 Thread 0x0000019aeccfa410 DEOPT PACKING pc=0x0000019a802de5a9 sp=0x0000005858ffba50
Event: 4.766 Thread 0x0000019aeccfa410 DEOPT UNPACKING pc=0x0000019a87587143 sp=0x0000005858ffaf60 mode 0
Event: 4.775 Thread 0x0000019aeccfa410 Uncommon trap: trap_request=0xffffff45 fr.pc=0x0000019a87b806f4 relative=0x0000000000000454
Event: 4.775 Thread 0x0000019aeccfa410 Uncommon trap: reason=unstable_if action=reinterpret pc=0x0000019a87b806f4 method=java.util.HashMap.putVal(ILjava/lang/Object;Ljava/lang/Object;ZZ)Ljava/lang/Object; @ 162 c2
Event: 4.775 Thread 0x0000019aeccfa410 DEOPT PACKING pc=0x0000019a87b806f4 sp=0x0000005858ffb0c0
Event: 4.775 Thread 0x0000019aeccfa410 DEOPT UNPACKING pc=0x0000019a875869a3 sp=0x0000005858ffb050 mode 2
Event: 5.711 Thread 0x0000019afc8e0970 DEOPT PACKING pc=0x0000019a802de5a9 sp=0x000000585a7fc5b0
Event: 5.711 Thread 0x0000019afc8e0970 DEOPT UNPACKING pc=0x0000019a87587143 sp=0x000000585a7fbac0 mode 0
Event: 5.711 Thread 0x0000019afc8e0970 DEOPT PACKING pc=0x0000019a802de5ca sp=0x000000585a7fc4e0
Event: 5.711 Thread 0x0000019afc8e0970 DEOPT UNPACKING pc=0x0000019a87587143 sp=0x000000585a7fb9f0 mode 0
Event: 32.632 Thread 0x0000019aeccfa410 Uncommon trap: trap_request=0xffffff45 fr.pc=0x0000019a87b07668 relative=0x0000000000000048
Event: 32.632 Thread 0x0000019aeccfa410 Uncommon trap: reason=unstable_if action=reinterpret pc=0x0000019a87b07668 method=java.net.URI.match(CJJ)Z @ 19 c2
Event: 32.632 Thread 0x0000019aeccfa410 DEOPT PACKING pc=0x0000019a87b07668 sp=0x0000005858ffcd70
Event: 32.632 Thread 0x0000019aeccfa410 DEOPT UNPACKING pc=0x0000019a875869a3 sp=0x0000005858ffccf8 mode 2
Event: 32.632 Thread 0x0000019aeccfa410 Uncommon trap: trap_request=0xffffff45 fr.pc=0x0000019a87b82ac8 relative=0x00000000000001a8
Event: 32.632 Thread 0x0000019aeccfa410 Uncommon trap: reason=unstable_if action=reinterpret pc=0x0000019a87b82ac8 method=java.net.URI.match(CJJ)Z @ 19 c2
Event: 32.632 Thread 0x0000019aeccfa410 DEOPT PACKING pc=0x0000019a87b82ac8 sp=0x0000005858ffccc0
Event: 32.632 Thread 0x0000019aeccfa410 DEOPT UNPACKING pc=0x0000019a875869a3 sp=0x0000005858ffcbc0 mode 2

Classes loaded (20 events):
Event: 32.618 Loading class sun/nio/fs/WindowsChannelFactory
Event: 32.618 Loading class sun/nio/fs/WindowsChannelFactory done
Event: 32.618 Loading class sun/nio/fs/WindowsChannelFactory$1
Event: 32.619 Loading class sun/nio/fs/WindowsChannelFactory$1 done
Event: 32.619 Loading class sun/nio/fs/WindowsChannelFactory$Flags
Event: 32.619 Loading class sun/nio/fs/WindowsChannelFactory$Flags done
Event: 32.619 Loading class sun/nio/fs/WindowsChannelFactory$2
Event: 32.619 Loading class sun/nio/fs/WindowsChannelFactory$2 done
Event: 32.620 Loading class sun/nio/ch/FileChannelImpl$Closer
Event: 32.620 Loading class sun/nio/ch/FileChannelImpl$Closer done
Event: 32.621 Loading class java/util/stream/Streams$1
Event: 32.622 Loading class java/util/stream/Streams$1 done
Event: 32.627 Loading class java/nio/file/FileChannelLinesSpliterator$1
Event: 32.627 Loading class java/nio/file/FileChannelLinesSpliterator$1 done
Event: 32.627 Loading class java/nio/channels/Channels
Event: 32.628 Loading class java/nio/channels/Channels done
Event: 32.634 Loading class java/util/concurrent/ConcurrentLinkedQueue$Itr
Event: 32.635 Loading class java/util/concurrent/ConcurrentLinkedQueue$Itr done
Event: 32.646 Loading class java/lang/StackTraceElement$HashedModules
Event: 32.646 Loading class java/lang/StackTraceElement$HashedModules done

Classes unloaded (0 events):
No events

Classes redefined (0 events):
No events

Internal exceptions (20 events):
Event: 0.883 Thread 0x0000019aeccfa410 Implicit null exception at 0x0000019a87b3578f to 0x0000019a87b35cd0
Event: 0.930 Thread 0x0000019aeccfa410 Exception <a 'java/lang/NoSuchMethodError'{0x00000000feff53e0}: 'java.lang.Object java.lang.invoke.Invokers$Holder.invoker(java.lang.Object, java.lang.Object, java.lang.Object)'> (0x00000000feff53e0) 
thrown [s\src\hotspot\share\interpreter\linkResolver.cpp, line 759]
Event: 0.932 Thread 0x0000019aeccfa410 Exception <a 'java/lang/NoSuchMethodError'{0x00000000feffe538}: 'java.lang.Object java.lang.invoke.DirectMethodHandle$Holder.invokeStatic(java.lang.Object, java.lang.Object, int)'> (0x00000000feffe538) 
thrown [s\src\hotspot\share\interpreter\linkResolver.cpp, line 759]
Event: 0.933 Thread 0x0000019aeccfa410 Exception <a 'java/lang/NoSuchMethodError'{0x00000000fee0a478}: 'void java.lang.invoke.DelegatingMethodHandle$Holder.delegate(java.lang.Object, java.lang.Object, int, java.lang.Object)'> (0x00000000fee0a478) 
thrown [s\src\hotspot\share\interpreter\linkResolver.cpp, line 759]
Event: 0.936 Thread 0x0000019aeccfa410 Exception <a 'java/lang/NoSuchMethodError'{0x00000000fee1dac0}: 'java.lang.Object java.lang.invoke.Invokers$Holder.invokeExact_MT(java.lang.Object, java.lang.Object, java.lang.Object, java.lang.Object)'> (0x00000000fee1dac0) 
thrown [s\src\hotspot\share\interpreter\linkResolver.cpp, line 759]
Event: 0.946 Thread 0x0000019aeccfa410 Exception <a 'java/lang/NoSuchMethodError'{0x00000000fee4ba18}: 'java.lang.Object java.lang.invoke.DirectMethodHandle$Holder.invokeVirtual(java.lang.Object, java.lang.Object, java.lang.Object)'> (0x00000000fee4ba18) 
thrown [s\src\hotspot\share\interpreter\linkResolver.cpp, line 759]
Event: 1.048 Thread 0x0000019aeccfa410 Exception <a 'java/lang/NoSuchMethodError'{0x00000000fea371c0}: 'java.lang.Object java.lang.invoke.DirectMethodHandle$Holder.newInvokeSpecial(java.lang.Object, java.lang.Object, java.lang.Object, java.lang.Object, java.lang.Object)'> (0x00000000fea371c0) 
thrown [s\src\hotspot\share\interpreter\linkResolver.cpp, line 759]
Event: 1.069 Thread 0x0000019aeccfa410 Exception <a 'java/lang/NoSuchMethodError'{0x00000000fe96baf0}: 'void java.lang.invoke.DirectMethodHandle$Holder.invokeSpecial(java.lang.Object, java.lang.Object, java.lang.Object)'> (0x00000000fe96baf0) 
thrown [s\src\hotspot\share\interpreter\linkResolver.cpp, line 759]
Event: 1.072 Thread 0x0000019aeccfa410 Implicit null exception at 0x0000019a87b1bd8f to 0x0000019a87b1c2d0
Event: 1.218 Thread 0x0000019aeccfa410 Exception <a 'java/lang/NoSuchMethodError'{0x00000000fe4071e0}: 'void java.lang.invoke.DirectMethodHandle$Holder.invokeStatic(java.lang.Object, java.lang.Object, java.lang.Object)'> (0x00000000fe4071e0) 
thrown [s\src\hotspot\share\interpreter\linkResolver.cpp, line 759]
Event: 1.320 Thread 0x0000019aeccfa410 Exception <a 'java/lang/NoSuchMethodError'{0x00000000fe0efaf8}: 'java.lang.Object java.lang.invoke.DirectMethodHandle$Holder.invokeStaticInit(java.lang.Object, int, int, int, int)'> (0x00000000fe0efaf8) 
thrown [s\src\hotspot\share\interpreter\linkResolver.cpp, line 759]
Event: 1.387 Thread 0x0000019aeccfa410 Exception <a 'java/lang/NoSuchMethodError'{0x00000000fff416c0}: 'java.lang.Object java.lang.invoke.DirectMethodHandle$Holder.invokeStaticInit(java.lang.Object, java.lang.Object, int, int, int, int)'> (0x00000000fff416c0) 
thrown [s\src\hotspot\share\interpreter\linkResolver.cpp, line 759]
Event: 1.600 Thread 0x0000019afd960e00 Exception <a 'java/lang/NoSuchMethodError'{0x00000000ff60dd70}: 'void java.lang.invoke.DirectMethodHandle$Holder.invokeStatic(java.lang.Object, long)'> (0x00000000ff60dd70) 
thrown [s\src\hotspot\share\interpreter\linkResolver.cpp, line 759]
Event: 1.601 Thread 0x0000019afd960e00 Exception <a 'java/lang/NoSuchMethodError'{0x00000000ff6136c8}: 'java.lang.Object java.lang.invoke.DirectMethodHandle$Holder.newInvokeSpecial(java.lang.Object, long)'> (0x00000000ff6136c8) 
thrown [s\src\hotspot\share\interpreter\linkResolver.cpp, line 759]
Event: 1.603 Thread 0x0000019afd960e00 Exception <a 'java/lang/NoSuchMethodError'{0x00000000ff61e2e0}: 'java.lang.Object java.lang.invoke.DirectMethodHandle$Holder.invokeStaticInit(java.lang.Object, java.lang.Object, long, java.lang.Object)'> (0x00000000ff61e2e0) 
thrown [s\src\hotspot\share\interpreter\linkResolver.cpp, line 759]
Event: 1.603 Thread 0x0000019afd960e00 Exception <a 'java/lang/NoSuchMethodError'{0x00000000ff624968}: 'java.lang.Object java.lang.invoke.DirectMethodHandle$Holder.newInvokeSpecial(java.lang.Object, java.lang.Object, long)'> (0x00000000ff624968) 
thrown [s\src\hotspot\share\interpreter\linkResolver.cpp, line 759]
Event: 1.604 Thread 0x0000019afd960e00 Exception <a 'java/lang/NoSuchMethodError'{0x00000000ff628c58}: 'java.lang.Object java.lang.invoke.Invokers$Holder.linkToTargetMethod(java.lang.Object, long, java.lang.Object)'> (0x00000000ff628c58) 
thrown [s\src\hotspot\share\interpreter\linkResolver.cpp, line 759]
Event: 32.614 Thread 0x0000019aeccfa410 Exception <a 'sun/net/ConnectionResetException'{0x00000000ff4b1a08}: Connection reset> (0x00000000ff4b1a08) 
thrown [s\src\hotspot\share\prims\jni.cpp, line 535]
Event: 32.630 Thread 0x0000019aeccfa410 Exception <a 'java/lang/NoSuchMethodError'{0x00000000ff3b60e8}: 'int java.lang.invoke.DirectMethodHandle$Holder.invokeVirtual(java.lang.Object, java.lang.Object)'> (0x00000000ff3b60e8) 
thrown [s\src\hotspot\share\interpreter\linkResolver.cpp, line 759]
Event: 32.632 Thread 0x0000019aeccfa410 Exception <a 'java/io/IOException'{0x00000000ff3c1e50}: Connection reset by peer> (0x00000000ff3c1e50) 
thrown [s\src\hotspot\share\prims\jni.cpp, line 535]

VM Operations (20 events):
Event: 17.997 Executing VM operation: Cleanup
Event: 17.997 Executing VM operation: Cleanup done
Event: 19.012 Executing VM operation: Cleanup
Event: 19.013 Executing VM operation: Cleanup done
Event: 20.025 Executing VM operation: Cleanup
Event: 20.026 Executing VM operation: Cleanup done
Event: 21.038 Executing VM operation: Cleanup
Event: 21.038 Executing VM operation: Cleanup done
Event: 23.048 Executing VM operation: Cleanup
Event: 23.048 Executing VM operation: Cleanup done
Event: 27.078 Executing VM operation: Cleanup
Event: 27.078 Executing VM operation: Cleanup done
Event: 30.121 Executing VM operation: HandshakeAllThreads
Event: 30.121 Executing VM operation: HandshakeAllThreads done
Event: 30.121 Executing VM operation: Cleanup
Event: 30.121 Executing VM operation: Cleanup done
Event: 31.127 Executing VM operation: Cleanup
Event: 31.127 Executing VM operation: Cleanup done
Event: 32.141 Executing VM operation: Cleanup
Event: 32.141 Executing VM operation: Cleanup done

Memory protections (0 events):
No events

Nmethod flushes (0 events):
No events

Events (20 events):
Event: 0.036 Thread 0x0000019aeccfa410 Thread added: 0x0000019af7bf12c0
Event: 0.036 Thread 0x0000019aeccfa410 Thread added: 0x0000019af7bf3c90
Event: 0.036 Thread 0x0000019aeccfa410 Thread added: 0x0000019af7bf6990
Event: 0.036 Thread 0x0000019aeccfa410 Thread added: 0x0000019af7bf83a0
Event: 0.036 Thread 0x0000019aeccfa410 Thread added: 0x0000019af7bf8da0
Event: 0.051 Thread 0x0000019aeccfa410 Thread added: 0x0000019afc0d6e50
Event: 0.052 Thread 0x0000019aeccfa410 Thread added: 0x0000019afc0db5e0
Event: 0.278 Thread 0x0000019af7bf6990 Thread added: 0x0000019afc329100
Event: 0.380 Thread 0x0000019af7bf83a0 Thread added: 0x0000019afc3e0650
Event: 1.002 Thread 0x0000019aeccfa410 Thread added: 0x0000019afc8e0970
Event: 1.218 Thread 0x0000019afc3e0650 Thread exited: 0x0000019afc3e0650
Event: 1.224 Thread 0x0000019afc329100 Thread exited: 0x0000019afc329100
Event: 1.526 Thread 0x0000019af7bf83a0 Thread added: 0x0000019afd6f5b30
Event: 1.580 Thread 0x0000019aeccfa410 Thread added: 0x0000019afd960e00
Event: 1.606 Thread 0x0000019afd960e00 Thread added: 0x0000019afd55c180
Event: 1.606 Thread 0x0000019afd55c180 Thread exited: 0x0000019afd55c180
Event: 1.607 Thread 0x0000019afd960e00 Thread added: 0x0000019afd55c180
Event: 1.816 Thread 0x0000019afd6f5b30 Thread exited: 0x0000019afd6f5b30
Event: 4.702 Thread 0x0000019afd55c180 Thread exited: 0x0000019afd55c180
Event: 4.710 Thread 0x0000019afd960e00 Thread exited: 0x0000019afd960e00


Dynamic libraries:
0x00007ff715ec0000 - 0x00007ff715ece000 	C:\Program Files\Eclipse Adoptium\jdk-17.0.18.8-hotspot\bin\java.exe
0x00007ffa85c80000 - 0x00007ffa85ee7000 	C:\Windows\SYSTEM32\ntdll.dll
0x00007ffa84aa0000 - 0x00007ffa84b69000 	C:\Windows\System32\KERNEL32.DLL
0x00007ffa826b0000 - 0x00007ffa82aa7000 	C:\Windows\System32\KERNELBASE.dll
0x00007ffa82cc0000 - 0x00007ffa82e0b000 	C:\Windows\System32\ucrtbase.dll
0x00007ffa7d480000 - 0x00007ffa7d49e000 	C:\Program Files\Eclipse Adoptium\jdk-17.0.18.8-hotspot\bin\VCRUNTIME140.dll
0x00007ffa7d460000 - 0x00007ffa7d478000 	C:\Program Files\Eclipse Adoptium\jdk-17.0.18.8-hotspot\bin\jli.dll
0x00007ffa856e0000 - 0x00007ffa858a6000 	C:\Windows\System32\USER32.dll
0x00007ffa82b60000 - 0x00007ffa82b87000 	C:\Windows\System32\win32u.dll
0x00007ffa840a0000 - 0x00007ffa840cb000 	C:\Windows\System32\GDI32.dll
0x00007ffa65dc0000 - 0x00007ffa66052000 	C:\Windows\WinSxS\amd64_microsoft.windows.common-controls_6595b64144ccf1df_6.0.26100.8328_none_3e08182ce334b678\COMCTL32.dll
0x00007ffa82b90000 - 0x00007ffa82cbc000 	C:\Windows\System32\gdi32full.dll
0x00007ffa85010000 - 0x00007ffa850b9000 	C:\Windows\System32\msvcrt.dll
0x00007ffa82ab0000 - 0x00007ffa82b53000 	C:\Windows\System32\msvcp_win.dll
0x00007ffa850c0000 - 0x00007ffa850f2000 	C:\Windows\System32\IMM32.DLL
0x00007ffa7d450000 - 0x00007ffa7d45c000 	C:\Program Files\Eclipse Adoptium\jdk-17.0.18.8-hotspot\bin\vcruntime140_1.dll
0x00007ffa34d70000 - 0x00007ffa34dfd000 	C:\Program Files\Eclipse Adoptium\jdk-17.0.18.8-hotspot\bin\msvcp140.dll
0x00007ff9fd0e0000 - 0x00007ff9fdd4b000 	C:\Program Files\Eclipse Adoptium\jdk-17.0.18.8-hotspot\bin\server\jvm.dll
0x00007ffa85a90000 - 0x00007ffa85b46000 	C:\Windows\System32\ADVAPI32.dll
0x00007ffa83e90000 - 0x00007ffa83f37000 	C:\Windows\System32\sechost.dll
0x00007ffa85950000 - 0x00007ffa85a68000 	C:\Windows\System32\RPCRT4.dll
0x00007ffa84d00000 - 0x00007ffa84d80000 	C:\Windows\System32\WS2_32.dll
0x00007ffa7d9f0000 - 0x00007ffa7da26000 	C:\Windows\SYSTEM32\WINMM.dll
0x00007ffa6efc0000 - 0x00007ffa6efcb000 	C:\Windows\SYSTEM32\VERSION.dll
0x00007ffa82530000 - 0x00007ffa8258e000 	C:\Windows\SYSTEM32\POWRPROF.dll
0x00007ffa824f0000 - 0x00007ffa82504000 	C:\Windows\SYSTEM32\UMPDC.dll
0x00007ffa81440000 - 0x00007ffa8145b000 	C:\Windows\SYSTEM32\kernel.appcore.dll
0x00007ffa7d440000 - 0x00007ffa7d44a000 	C:\Program Files\Eclipse Adoptium\jdk-17.0.18.8-hotspot\bin\jimage.dll
0x00007ffa804e0000 - 0x00007ffa80722000 	C:\Windows\SYSTEM32\DBGHELP.DLL
0x00007ffa85170000 - 0x00007ffa854f3000 	C:\Windows\System32\combase.dll
0x00007ffa85500000 - 0x00007ffa855d9000 	C:\Windows\System32\OLEAUT32.dll
0x00007ffa64f70000 - 0x00007ffa64fab000 	C:\Windows\SYSTEM32\dbgcore.DLL
0x00007ffa82ed0000 - 0x00007ffa82f78000 	C:\Windows\System32\bcryptPrimitives.dll
0x00007ffa6cb50000 - 0x00007ffa6cb75000 	C:\Program Files\Eclipse Adoptium\jdk-17.0.18.8-hotspot\bin\java.dll
0x00007ffa21610000 - 0x00007ffa216e7000 	C:\Program Files\Eclipse Adoptium\jdk-17.0.18.8-hotspot\bin\jsvml.dll
0x00007ffa84140000 - 0x00007ffa848ae000 	C:\Windows\System32\SHELL32.dll
0x00007ffa83190000 - 0x00007ffa839fc000 	C:\Windows\System32\windows.storage.dll
0x00007ffa84c00000 - 0x00007ffa84cf6000 	C:\Windows\System32\SHCORE.dll
0x00007ffa840d0000 - 0x00007ffa84136000 	C:\Windows\System32\shlwapi.dll
0x00007ffa825d0000 - 0x00007ffa825f9000 	C:\Windows\SYSTEM32\profapi.dll
0x00007ffa7d420000 - 0x00007ffa7d43a000 	C:\Program Files\Eclipse Adoptium\jdk-17.0.18.8-hotspot\bin\net.dll
0x00007ffa7b0f0000 - 0x00007ffa7b219000 	C:\Windows\SYSTEM32\WINHTTP.dll
0x00007ffa819b0000 - 0x00007ffa81a1c000 	C:\Windows\system32\mswsock.dll
0x00007ffa48420000 - 0x00007ffa48436000 	C:\Program Files\Eclipse Adoptium\jdk-17.0.18.8-hotspot\bin\nio.dll
0x00007ffa48030000 - 0x00007ffa48048000 	C:\Program Files\Eclipse Adoptium\jdk-17.0.18.8-hotspot\bin\zip.dll
0x00007ffa7d150000 - 0x00007ffa7d15a000 	C:\Program Files\Eclipse Adoptium\jdk-17.0.18.8-hotspot\bin\management.dll
0x00007ffa711a0000 - 0x00007ffa711ac000 	C:\Program Files\Eclipse Adoptium\jdk-17.0.18.8-hotspot\bin\management_ext.dll
0x00007ffa85160000 - 0x00007ffa85168000 	C:\Windows\System32\PSAPI.DLL
0x00007ffa70fb0000 - 0x00007ffa70fc0000 	C:\Program Files\Eclipse Adoptium\jdk-17.0.18.8-hotspot\bin\verify.dll
0x00007ffa6d130000 - 0x00007ffa6d157000 	C:\Users\Nandhitha_R\.gradle\native\1def1411415f61bf3af743bc5b6707747c0891f09f0c88961ee8f79bc544acac\windows-amd64\native-platform.dll
0x00007ffa70d00000 - 0x00007ffa70d0a000 	C:\Users\Nandhitha_R\.gradle\native\jansi\1.18\windows64\jansi.dll
0x00007ffa80e60000 - 0x00007ffa80e92000 	C:\Windows\SYSTEM32\IPHLPAPI.DLL
0x00007ffa85100000 - 0x00007ffa8510a000 	C:\Windows\System32\NSI.dll
0x00007ffa7c470000 - 0x00007ffa7c48d000 	C:\Windows\SYSTEM32\dhcpcsvc6.DLL
0x00007ffa7c430000 - 0x00007ffa7c455000 	C:\Windows\SYSTEM32\dhcpcsvc.DLL
0x00007ffa80f00000 - 0x00007ffa81032000 	C:\Windows\SYSTEM32\DNSAPI.dll
0x00007ffa6d640000 - 0x00007ffa6d649000 	C:\Program Files\Eclipse Adoptium\jdk-17.0.18.8-hotspot\bin\extnet.dll
0x00007ffa81c90000 - 0x00007ffa81cab000 	C:\Windows\SYSTEM32\CRYPTSP.dll
0x00007ffa813a0000 - 0x00007ffa813d9000 	C:\Windows\system32\rsaenh.dll
0x00007ffa81a60000 - 0x00007ffa81a93000 	C:\Windows\SYSTEM32\USERENV.dll
0x00007ffa825a0000 - 0x00007ffa825ca000 	C:\Windows\SYSTEM32\bcrypt.dll
0x00007ffa81cb0000 - 0x00007ffa81cbc000 	C:\Windows\SYSTEM32\CRYPTBASE.dll
0x00007ffa68340000 - 0x00007ffa6834e000 	C:\Program Files\Eclipse Adoptium\jdk-17.0.18.8-hotspot\bin\sunmscapi.dll
0x00007ffa82f80000 - 0x00007ffa830f8000 	C:\Windows\System32\CRYPT32.dll
0x00007ffa81eb0000 - 0x00007ffa81ee0000 	C:\Windows\SYSTEM32\ncrypt.dll
0x00007ffa81e60000 - 0x00007ffa81e9f000 	C:\Windows\SYSTEM32\NTASN1.dll
0x00007ffa518c0000 - 0x00007ffa518c8000 	C:\Windows\system32\wshunix.dll

dbghelp: loaded successfully - version: 4.0.5 - missing functions: none
symbol engine: initialized successfully - sym options: 0x614 - pdb path: .;C:\Program Files\Eclipse Adoptium\jdk-17.0.18.8-hotspot\bin;C:\Windows\SYSTEM32;C:\Windows\WinSxS\amd64_microsoft.windows.common-controls_6595b64144ccf1df_6.0.26100.8328_none_3e08182ce334b678;C:\Program Files\Eclipse Adoptium\jdk-17.0.18.8-hotspot\bin\server;C:\Users\Nandhitha_R\.gradle\native\1def1411415f61bf3af743bc5b6707747c0891f09f0c88961ee8f79bc544acac\windows-amd64;C:\Users\Nandhitha_R\.gradle\native\jansi\1.18\windows64

VM Arguments:
jvm_args: -Xmx64m -Xms64m -Dorg.gradle.appname=gradlew 
java_command: D:\apps\caltims mobile app\frontend\android\\gradle\wrapper\gradle-wrapper.jar app:installDebug -PreactNativeDevServerPort=8081
java_class_path (initial): D:\apps\caltims mobile app\frontend\android\\gradle\wrapper\gradle-wrapper.jar
Launcher Type: SUN_STANDARD

[Global flags]
     intx CICompilerCount                          = 4                                         {product} {ergonomic}
     uint ConcGCThreads                            = 3                                         {product} {ergonomic}
     uint G1ConcRefinementThreads                  = 10                                        {product} {ergonomic}
   size_t G1HeapRegionSize                         = 1048576                                   {product} {ergonomic}
    uintx GCDrainStackTargetSize                   = 64                                        {product} {ergonomic}
   size_t InitialHeapSize                          = 67108864                                  {product} {command line}
   size_t MarkStackSize                            = 4194304                                   {product} {ergonomic}
   size_t MaxHeapSize                              = 67108864                                  {product} {command line}
   size_t MaxNewSize                               = 39845888                                  {product} {ergonomic}
   size_t MinHeapDeltaBytes                        = 1048576                                   {product} {ergonomic}
   size_t MinHeapSize                              = 67108864                                  {product} {command line}
    uintx NonNMethodCodeHeapSize                   = 5839372                                {pd product} {ergonomic}
    uintx NonProfiledCodeHeapSize                  = 122909434                              {pd product} {ergonomic}
    uintx ProfiledCodeHeapSize                     = 122909434                              {pd product} {ergonomic}
    uintx ReservedCodeCacheSize                    = 251658240                              {pd product} {ergonomic}
     bool SegmentedCodeCache                       = true                                      {product} {ergonomic}
   size_t SoftMaxHeapSize                          = 67108864                               {manageable} {ergonomic}
     bool UseCompressedClassPointers               = true                           {product lp64_product} {ergonomic}
     bool UseCompressedOops                        = true                           {product lp64_product} {ergonomic}
     bool UseG1GC                                  = true                                      {product} {ergonomic}
     bool UseLargePagesIndividualAllocation        = false                                  {pd product} {ergonomic}

Logging:
Log output configuration:
 #0: stdout all=warning uptime,level,tags
 #1: stderr all=off uptime,level,tags

Environment Variables:
JAVA_HOME=C:\Program Files\Eclipse Adoptium\jdk-17.0.18.8-hotspot
PATH=D:\apps\caltims mobile app\frontend\node_modules\.bin;D:\apps\caltims mobile app\node_modules\.bin;D:\apps\node_modules\.bin;D:\node_modules\.bin;C:\Users\Nandhitha_R\AppData\Roaming\npm\node_modules\npm\node_modules\@npmcli\run-script\lib\node-gyp-bin;C:\Program Files\Python312\Scripts\;C:\Program Files\Python312\;C:\Windows\System32;C:\Program Files\Git\cmd;C:\Program Files\Eclipse Adoptium\jdk-17.0.18.8-hotspot\bin;C:\Program Files\nodejs\;C:\Users\Nandhitha_R\AppData\Local\Android\Sdk\platform-tools;C:\Users\Nandhitha_R\AppData\Local\Android\Sdk\emulator;C:\Program Files\Eclipse Adoptium\jdk-17.0.18.8-hotspot\bin;C:\Users\Nandhitha_R\AppData\Local\Programs\Python\Python312;C:\Program Files\MongoDB\Server\7.0\bin;C:\Users\Nandhitha_R\AppData\Local\Programs\Python\Launcher\;C:\Users\Nandhitha_R\AppData\Roaming\npm;C:\Users\Nandhitha_R\AppData\Local\Programs\Microsoft VS Code\bin;D:\Program Files\Antigravity\bin
USERNAME=Nandhitha_R
OS=Windows_NT
PROCESSOR_IDENTIFIER=Intel64 Family 6 Model 154 Stepping 4, GenuineIntel
TMP=C:\Users\NANDHI~1\AppData\Local\Temp
TEMP=C:\Users\NANDHI~1\AppData\Local\Temp



Periodic native trim disabled


---------------  S Y S T E M  ---------------

OS:
 Windows 11 , 64 bit Build 26100 (10.0.26100.8328)
OS uptime: 0 days 5:45 hours
Hyper-V role detected

CPU: total 12 (initial active 12) (6 cores per cpu, 2 threads per core) family 6 model 154 stepping 4 microcode 0x43b, cx8, cmov, fxsr, ht, mmx, 3dnowpref, sse, sse2, sse3, ssse3, sse4.1, sse4.2, popcnt, lzcnt, tsc, tscinvbit, avx, avx2, aes, erms, clmul, bmi1, bmi2, adx, sha, fma, vzeroupper, clflush, clflushopt, clwb, hv
Processor Information for all 12 processors :
  Max Mhz: 1300, Current Mhz: 1300, Mhz Limit: 1300

Memory: 4k page, system-wide physical 16068M (1999M free)
TotalPageFile size 21365M (AvailPageFile size 682M)
current process WorkingSet (physical memory assigned to process): 110M, peak: 120M
current process commit charge ("private bytes"): 174M, peak: 185M

vm_info: OpenJDK 64-Bit Server VM (17.0.18+8) for windows-amd64 JRE (17.0.18+8), built on Jan 20 2026 22:28:22 by "admin" with MS VC++ 17.12 (VS2022)

END.
